Archive member included to satisfy reference by file (symbol)

c:/program files (x86)/atmel/studio/7.0/toolchain/avr8/avr8-gnu-toolchain/bin/../lib/gcc/avr/5.4.0/../../../../avr/lib/avr5\libm.a(addsf3.o)
                              HAL/PWM/pwm.o (__subsf3)
c:/program files (x86)/atmel/studio/7.0/toolchain/avr8/avr8-gnu-toolchain/bin/../lib/gcc/avr/5.4.0/../../../../avr/lib/avr5\libm.a(addsf3x.o)
                              c:/program files (x86)/atmel/studio/7.0/toolchain/avr8/avr8-gnu-toolchain/bin/../lib/gcc/avr/5.4.0/../../../../avr/lib/avr5\libm.a(addsf3.o) (__addsf3x)
c:/program files (x86)/atmel/studio/7.0/toolchain/avr8/avr8-gnu-toolchain/bin/../lib/gcc/avr/5.4.0/../../../../avr/lib/avr5\libm.a(cmpsf2.o)
                              HAL/PWM/pwm.o (__eqsf2)
c:/program files (x86)/atmel/studio/7.0/toolchain/avr8/avr8-gnu-toolchain/bin/../lib/gcc/avr/5.4.0/../../../../avr/lib/avr5\libm.a(divsf3.o)
                              HAL/PWM/pwm.o (__divsf3)
c:/program files (x86)/atmel/studio/7.0/toolchain/avr8/avr8-gnu-toolchain/bin/../lib/gcc/avr/5.4.0/../../../../avr/lib/avr5\libm.a(divsf3x.o)
                              c:/program files (x86)/atmel/studio/7.0/toolchain/avr8/avr8-gnu-toolchain/bin/../lib/gcc/avr/5.4.0/../../../../avr/lib/avr5\libm.a(divsf3.o) (__divsf3x)
c:/program files (x86)/atmel/studio/7.0/toolchain/avr8/avr8-gnu-toolchain/bin/../lib/gcc/avr/5.4.0/../../../../avr/lib/avr5\libm.a(fixunssfsi.o)
                              HAL/TMR_SERVICES/tmr_services.o (__fixunssfsi)
c:/program files (x86)/atmel/studio/7.0/toolchain/avr8/avr8-gnu-toolchain/bin/../lib/gcc/avr/5.4.0/../../../../avr/lib/avr5\libm.a(floatsisf.o)
                              HAL/PWM/pwm.o (__floatunsisf)
c:/program files (x86)/atmel/studio/7.0/toolchain/avr8/avr8-gnu-toolchain/bin/../lib/gcc/avr/5.4.0/../../../../avr/lib/avr5\libm.a(fp_cmp.o)
                              c:/program files (x86)/atmel/studio/7.0/toolchain/avr8/avr8-gnu-toolchain/bin/../lib/gcc/avr/5.4.0/../../../../avr/lib/avr5\libm.a(cmpsf2.o) (__fp_cmp)
c:/program files (x86)/atmel/studio/7.0/toolchain/avr8/avr8-gnu-toolchain/bin/../lib/gcc/avr/5.4.0/../../../../avr/lib/avr5\libm.a(fp_inf.o)
                              c:/program files (x86)/atmel/studio/7.0/toolchain/avr8/avr8-gnu-toolchain/bin/../lib/gcc/avr/5.4.0/../../../../avr/lib/avr5\libm.a(addsf3x.o) (__fp_inf)
c:/program files (x86)/atmel/studio/7.0/toolchain/avr8/avr8-gnu-toolchain/bin/../lib/gcc/avr/5.4.0/../../../../avr/lib/avr5\libm.a(fp_nan.o)
                              c:/program files (x86)/atmel/studio/7.0/toolchain/avr8/avr8-gnu-toolchain/bin/../lib/gcc/avr/5.4.0/../../../../avr/lib/avr5\libm.a(addsf3x.o) (__fp_nan)
c:/program files (x86)/atmel/studio/7.0/toolchain/avr8/avr8-gnu-toolchain/bin/../lib/gcc/avr/5.4.0/../../../../avr/lib/avr5\libm.a(fp_pscA.o)
                              c:/program files (x86)/atmel/studio/7.0/toolchain/avr8/avr8-gnu-toolchain/bin/../lib/gcc/avr/5.4.0/../../../../avr/lib/avr5\libm.a(addsf3x.o) (__fp_pscA)
c:/program files (x86)/atmel/studio/7.0/toolchain/avr8/avr8-gnu-toolchain/bin/../lib/gcc/avr/5.4.0/../../../../avr/lib/avr5\libm.a(fp_pscB.o)
                              c:/program files (x86)/atmel/studio/7.0/toolchain/avr8/avr8-gnu-toolchain/bin/../lib/gcc/avr/5.4.0/../../../../avr/lib/avr5\libm.a(addsf3x.o) (__fp_pscB)
c:/program files (x86)/atmel/studio/7.0/toolchain/avr8/avr8-gnu-toolchain/bin/../lib/gcc/avr/5.4.0/../../../../avr/lib/avr5\libm.a(fp_round.o)
                              c:/program files (x86)/atmel/studio/7.0/toolchain/avr8/avr8-gnu-toolchain/bin/../lib/gcc/avr/5.4.0/../../../../avr/lib/avr5\libm.a(addsf3.o) (__fp_round)
c:/program files (x86)/atmel/studio/7.0/toolchain/avr8/avr8-gnu-toolchain/bin/../lib/gcc/avr/5.4.0/../../../../avr/lib/avr5\libm.a(fp_split3.o)
                              c:/program files (x86)/atmel/studio/7.0/toolchain/avr8/avr8-gnu-toolchain/bin/../lib/gcc/avr/5.4.0/../../../../avr/lib/avr5\libm.a(addsf3x.o) (__fp_split3)
c:/program files (x86)/atmel/studio/7.0/toolchain/avr8/avr8-gnu-toolchain/bin/../lib/gcc/avr/5.4.0/../../../../avr/lib/avr5\libm.a(fp_zero.o)
                              c:/program files (x86)/atmel/studio/7.0/toolchain/avr8/avr8-gnu-toolchain/bin/../lib/gcc/avr/5.4.0/../../../../avr/lib/avr5\libm.a(addsf3x.o) (__fp_zero)
c:/program files (x86)/atmel/studio/7.0/toolchain/avr8/avr8-gnu-toolchain/bin/../lib/gcc/avr/5.4.0/../../../../avr/lib/avr5\libm.a(gesf2.o)
                              HAL/TMR_SERVICES/tmr_services.o (__gtsf2)
c:/program files (x86)/atmel/studio/7.0/toolchain/avr8/avr8-gnu-toolchain/bin/../lib/gcc/avr/5.4.0/../../../../avr/lib/avr5\libm.a(mulsf3.o)
                              HAL/PWM/pwm.o (__mulsf3)
c:/program files (x86)/atmel/studio/7.0/toolchain/avr8/avr8-gnu-toolchain/bin/../lib/gcc/avr/5.4.0/../../../../avr/lib/avr5\libm.a(mulsf3x.o)
                              c:/program files (x86)/atmel/studio/7.0/toolchain/avr8/avr8-gnu-toolchain/bin/../lib/gcc/avr/5.4.0/../../../../avr/lib/avr5\libm.a(mulsf3.o) (__mulsf3x)
c:/program files (x86)/atmel/studio/7.0/toolchain/avr8/avr8-gnu-toolchain/bin/../lib/gcc/avr/5.4.0/avr5\libgcc.a(_exit.o)
                              C:/Program Files (x86)/Atmel/Studio/7.0/Packs/atmel/ATmega_DFP/1.7.374/gcc/dev/atmega32/avr5/crtatmega32.o (exit)
c:/program files (x86)/atmel/studio/7.0/toolchain/avr8/avr8-gnu-toolchain/bin/../lib/gcc/avr/5.4.0/avr5\libgcc.a(_tablejump2.o)
                              MCAL/TIMER/timer_interface.o (__tablejump2__)
c:/program files (x86)/atmel/studio/7.0/toolchain/avr8/avr8-gnu-toolchain/bin/../lib/gcc/avr/5.4.0/avr5\libgcc.a(_copy_data.o)
                              APP/app.o (__do_copy_data)
c:/program files (x86)/atmel/studio/7.0/toolchain/avr8/avr8-gnu-toolchain/bin/../lib/gcc/avr/5.4.0/avr5\libgcc.a(_clear_bss.o)
                              APP/app.o (__do_clear_bss)
c:/program files (x86)/atmel/studio/7.0/toolchain/avr8/avr8-gnu-toolchain/bin/../lib/gcc/avr/5.4.0/avr5\libgcc.a(_umulhisi3.o)
                              HAL/ULTRSONIC/ultrasonic.o (__umulhisi3)
c:/program files (x86)/atmel/studio/7.0/toolchain/avr8/avr8-gnu-toolchain/bin/../lib/gcc/avr/5.4.0/../../../../avr/lib/avr5\libc.a(itoa.o)
                              HAL/LCD/lcd.o (itoa)
c:/program files (x86)/atmel/studio/7.0/toolchain/avr8/avr8-gnu-toolchain/bin/../lib/gcc/avr/5.4.0/../../../../avr/lib/avr5\libc.a(itoa_ncheck.o)
                              c:/program files (x86)/atmel/studio/7.0/toolchain/avr8/avr8-gnu-toolchain/bin/../lib/gcc/avr/5.4.0/../../../../avr/lib/avr5\libc.a(itoa.o) (__itoa_ncheck)
c:/program files (x86)/atmel/studio/7.0/toolchain/avr8/avr8-gnu-toolchain/bin/../lib/gcc/avr/5.4.0/../../../../avr/lib/avr5\libc.a(utoa_ncheck.o)
                              c:/program files (x86)/atmel/studio/7.0/toolchain/avr8/avr8-gnu-toolchain/bin/../lib/gcc/avr/5.4.0/../../../../avr/lib/avr5\libc.a(itoa_ncheck.o) (__utoa_common)
c:/program files (x86)/atmel/studio/7.0/toolchain/avr8/avr8-gnu-toolchain/bin/../lib/gcc/avr/5.4.0/../../../../avr/lib/avr5\libc.a(strrev.o)
                              c:/program files (x86)/atmel/studio/7.0/toolchain/avr8/avr8-gnu-toolchain/bin/../lib/gcc/avr/5.4.0/../../../../avr/lib/avr5\libc.a(utoa_ncheck.o) (strrev)

Discarded input sections

 .data          0x00000000        0x0 C:/Program Files (x86)/Atmel/Studio/7.0/Packs/atmel/ATmega_DFP/1.7.374/gcc/dev/atmega32/avr5/crtatmega32.o
 .bss           0x00000000        0x0 C:/Program Files (x86)/Atmel/Studio/7.0/Packs/atmel/ATmega_DFP/1.7.374/gcc/dev/atmega32/avr5/crtatmega32.o
 .text          0x00000000        0x0 APP/app.o
 .data          0x00000000        0x0 APP/app.o
 .bss           0x00000000        0x0 APP/app.o
 .text.update_screen
                0x00000000       0xaa APP/app.o
 .text.car_directionInit
                0x00000000       0x98 APP/app.o
 .text.robot_control
                0x00000000       0xf2 APP/app.o
 .bss.gl_u8_stop_btn
                0x00000000        0x1 APP/app.o
 .bss.gl_u8_start_btn
                0x00000000        0x1 APP/app.o
 .bss.gl_u8_obsDistance
                0x00000000        0x1 APP/app.o
 .bss.gl_u8_carSpeed
                0x00000000        0x1 APP/app.o
 .data.enu_car_rotation_direction
                0x00000000        0x1 APP/app.o
 .data.enu_car_direction
                0x00000000        0x1 APP/app.o
 .text          0x00000000        0x0 HAL/BUTTON/button.o
 .data          0x00000000        0x0 HAL/BUTTON/button.o
 .bss           0x00000000        0x0 HAL/BUTTON/button.o
 .text.button_enable_pullup
                0x00000000        0x8 HAL/BUTTON/button.o
 .text.button_read
                0x00000000       0x42 HAL/BUTTON/button.o
 .text          0x00000000        0x0 HAL/DC_MOTOR/dc_motor.o
 .data          0x00000000        0x0 HAL/DC_MOTOR/dc_motor.o
 .bss           0x00000000        0x0 HAL/DC_MOTOR/dc_motor.o
 .text.dcMotor_rotate
                0x00000000       0x6c HAL/DC_MOTOR/dc_motor.o
 .text.dcMotor_stop
                0x00000000       0x2a HAL/DC_MOTOR/dc_motor.o
 .text          0x00000000        0x0 HAL/ICU/icu.o
 .data          0x00000000        0x0 HAL/ICU/icu.o
 .bss           0x00000000        0x0 HAL/ICU/icu.o
 .text.Icu_DeInit
                0x00000000       0x12 HAL/ICU/icu.o
 .text          0x00000000        0x0 HAL/LCD/lcd.o
 .data          0x00000000        0x0 HAL/LCD/lcd.o
 .bss           0x00000000        0x0 HAL/LCD/lcd.o
 .text          0x00000000        0x0 HAL/LED/led.o
 .data          0x00000000        0x0 HAL/LED/led.o
 .bss           0x00000000        0x0 HAL/LED/led.o
 .text.led_write
                0x00000000        0x6 HAL/LED/led.o
 .text.led_toggle
                0x00000000        0x6 HAL/LED/led.o
 .text          0x00000000        0x0 HAL/PWM/pwm.o
 .data          0x00000000        0x0 HAL/PWM/pwm.o
 .bss           0x00000000        0x0 HAL/PWM/pwm.o
 .text.PWM_start
                0x00000000      0x1e2 HAL/PWM/pwm.o
 .text.PWM_stop
                0x00000000       0x10 HAL/PWM/pwm.o
 .bss.gs_u16_periodic_initValue
                0x00000000        0x2 HAL/PWM/pwm.o
 .bss.gs_u8_periodic_prescale
                0x00000000        0x1 HAL/PWM/pwm.o
 .text          0x00000000        0x0 HAL/TMR_SERVICES/tmr_services.o
 .data          0x00000000        0x0 HAL/TMR_SERVICES/tmr_services.o
 .bss           0x00000000        0x0 HAL/TMR_SERVICES/tmr_services.o
 .text.delay_sec
                0x00000000      0x21c HAL/TMR_SERVICES/tmr_services.o
 .text.timeOut_us
                0x00000000      0x222 HAL/TMR_SERVICES/tmr_services.o
 .text.timeOut_ms
                0x00000000      0x222 HAL/TMR_SERVICES/tmr_services.o
 .text.timer_callEvent_ms
                0x00000000      0x236 HAL/TMR_SERVICES/tmr_services.o
 .text          0x00000000        0x0 HAL/ULTRSONIC/ultrasonic.o
 .data          0x00000000        0x0 HAL/ULTRSONIC/ultrasonic.o
 .bss           0x00000000        0x0 HAL/ULTRSONIC/ultrasonic.o
 .text          0x00000000        0x0 main.o
 .data          0x00000000        0x0 main.o
 .bss           0x00000000        0x0 main.o
 .text.fun      0x00000000        0x2 main.o
 .text          0x00000000        0x0 MCAL/DIO/gpio.o
 .data          0x00000000        0x0 MCAL/DIO/gpio.o
 .bss           0x00000000        0x0 MCAL/DIO/gpio.o
 .text.DIO_readPin
                0x00000000       0xbc MCAL/DIO/gpio.o
 .text.DIO_portMode
                0x00000000       0x40 MCAL/DIO/gpio.o
 .text.DIO_togglePort
                0x00000000       0x44 MCAL/DIO/gpio.o
 .text          0x00000000        0x0 MCAL/EXT_INT/ext_interrupt.o
 .data          0x00000000        0x0 MCAL/EXT_INT/ext_interrupt.o
 .bss           0x00000000        0x0 MCAL/EXT_INT/ext_interrupt.o
 .text.disable_external_interrupt
                0x00000000       0x36 MCAL/EXT_INT/ext_interrupt.o
 .text          0x00000000        0x0 MCAL/GLOBAL_INT/global_int.o
 .data          0x00000000        0x0 MCAL/GLOBAL_INT/global_int.o
 .bss           0x00000000        0x0 MCAL/GLOBAL_INT/global_int.o
 .text.disable_global_interrupt
                0x00000000        0x8 MCAL/GLOBAL_INT/global_int.o
 .text          0x00000000        0x0 MCAL/TIMER/timer_interface.o
 .data          0x00000000        0x0 MCAL/TIMER/timer_interface.o
 .bss           0x00000000        0x0 MCAL/TIMER/timer_interface.o
 .text.timer_setCompareValue
                0x00000000       0x56 MCAL/TIMER/timer_interface.o
 .text.timer_enableInterrupt
                0x00000000       0x7a MCAL/TIMER/timer_interface.o
 .text.timer_disableInterrupt
                0x00000000       0x7a MCAL/TIMER/timer_interface.o
 .text.timer_getStatus
                0x00000000       0x24 MCAL/TIMER/timer_interface.o
 .text.timer_deInit
                0x00000000       0x5e MCAL/TIMER/timer_interface.o
 .text          0x00000000        0x0 MCAL/TIMER/timer_utilities.o
 .data          0x00000000        0x0 MCAL/TIMER/timer_utilities.o
 .bss           0x00000000        0x0 MCAL/TIMER/timer_utilities.o
 .text          0x00000000        0x0 c:/program files (x86)/atmel/studio/7.0/toolchain/avr8/avr8-gnu-toolchain/bin/../lib/gcc/avr/5.4.0/../../../../avr/lib/avr5\libm.a(addsf3.o)
 .data          0x00000000        0x0 c:/program files (x86)/atmel/studio/7.0/toolchain/avr8/avr8-gnu-toolchain/bin/../lib/gcc/avr/5.4.0/../../../../avr/lib/avr5\libm.a(addsf3.o)
 .bss           0x00000000        0x0 c:/program files (x86)/atmel/studio/7.0/toolchain/avr8/avr8-gnu-toolchain/bin/../lib/gcc/avr/5.4.0/../../../../avr/lib/avr5\libm.a(addsf3.o)
 .text          0x00000000        0x0 c:/program files (x86)/atmel/studio/7.0/toolchain/avr8/avr8-gnu-toolchain/bin/../lib/gcc/avr/5.4.0/../../../../avr/lib/avr5\libm.a(addsf3x.o)
 .data          0x00000000        0x0 c:/program files (x86)/atmel/studio/7.0/toolchain/avr8/avr8-gnu-toolchain/bin/../lib/gcc/avr/5.4.0/../../../../avr/lib/avr5\libm.a(addsf3x.o)
 .bss           0x00000000        0x0 c:/program files (x86)/atmel/studio/7.0/toolchain/avr8/avr8-gnu-toolchain/bin/../lib/gcc/avr/5.4.0/../../../../avr/lib/avr5\libm.a(addsf3x.o)
 .text          0x00000000        0x0 c:/program files (x86)/atmel/studio/7.0/toolchain/avr8/avr8-gnu-toolchain/bin/../lib/gcc/avr/5.4.0/../../../../avr/lib/avr5\libm.a(cmpsf2.o)
 .data          0x00000000        0x0 c:/program files (x86)/atmel/studio/7.0/toolchain/avr8/avr8-gnu-toolchain/bin/../lib/gcc/avr/5.4.0/../../../../avr/lib/avr5\libm.a(cmpsf2.o)
 .bss           0x00000000        0x0 c:/program files (x86)/atmel/studio/7.0/toolchain/avr8/avr8-gnu-toolchain/bin/../lib/gcc/avr/5.4.0/../../../../avr/lib/avr5\libm.a(cmpsf2.o)
 .text          0x00000000        0x0 c:/program files (x86)/atmel/studio/7.0/toolchain/avr8/avr8-gnu-toolchain/bin/../lib/gcc/avr/5.4.0/../../../../avr/lib/avr5\libm.a(divsf3.o)
 .data          0x00000000        0x0 c:/program files (x86)/atmel/studio/7.0/toolchain/avr8/avr8-gnu-toolchain/bin/../lib/gcc/avr/5.4.0/../../../../avr/lib/avr5\libm.a(divsf3.o)
 .bss           0x00000000        0x0 c:/program files (x86)/atmel/studio/7.0/toolchain/avr8/avr8-gnu-toolchain/bin/../lib/gcc/avr/5.4.0/../../../../avr/lib/avr5\libm.a(divsf3.o)
 .text          0x00000000        0x0 c:/program files (x86)/atmel/studio/7.0/toolchain/avr8/avr8-gnu-toolchain/bin/../lib/gcc/avr/5.4.0/../../../../avr/lib/avr5\libm.a(divsf3x.o)
 .data          0x00000000        0x0 c:/program files (x86)/atmel/studio/7.0/toolchain/avr8/avr8-gnu-toolchain/bin/../lib/gcc/avr/5.4.0/../../../../avr/lib/avr5\libm.a(divsf3x.o)
 .bss           0x00000000        0x0 c:/program files (x86)/atmel/studio/7.0/toolchain/avr8/avr8-gnu-toolchain/bin/../lib/gcc/avr/5.4.0/../../../../avr/lib/avr5\libm.a(divsf3x.o)
 .text          0x00000000        0x0 c:/program files (x86)/atmel/studio/7.0/toolchain/avr8/avr8-gnu-toolchain/bin/../lib/gcc/avr/5.4.0/../../../../avr/lib/avr5\libm.a(fixunssfsi.o)
 .data          0x00000000        0x0 c:/program files (x86)/atmel/studio/7.0/toolchain/avr8/avr8-gnu-toolchain/bin/../lib/gcc/avr/5.4.0/../../../../avr/lib/avr5\libm.a(fixunssfsi.o)
 .bss           0x00000000        0x0 c:/program files (x86)/atmel/studio/7.0/toolchain/avr8/avr8-gnu-toolchain/bin/../lib/gcc/avr/5.4.0/../../../../avr/lib/avr5\libm.a(fixunssfsi.o)
 .text          0x00000000        0x0 c:/program files (x86)/atmel/studio/7.0/toolchain/avr8/avr8-gnu-toolchain/bin/../lib/gcc/avr/5.4.0/../../../../avr/lib/avr5\libm.a(floatsisf.o)
 .data          0x00000000        0x0 c:/program files (x86)/atmel/studio/7.0/toolchain/avr8/avr8-gnu-toolchain/bin/../lib/gcc/avr/5.4.0/../../../../avr/lib/avr5\libm.a(floatsisf.o)
 .bss           0x00000000        0x0 c:/program files (x86)/atmel/studio/7.0/toolchain/avr8/avr8-gnu-toolchain/bin/../lib/gcc/avr/5.4.0/../../../../avr/lib/avr5\libm.a(floatsisf.o)
 .text          0x00000000        0x0 c:/program files (x86)/atmel/studio/7.0/toolchain/avr8/avr8-gnu-toolchain/bin/../lib/gcc/avr/5.4.0/../../../../avr/lib/avr5\libm.a(fp_cmp.o)
 .data          0x00000000        0x0 c:/program files (x86)/atmel/studio/7.0/toolchain/avr8/avr8-gnu-toolchain/bin/../lib/gcc/avr/5.4.0/../../../../avr/lib/avr5\libm.a(fp_cmp.o)
 .bss           0x00000000        0x0 c:/program files (x86)/atmel/studio/7.0/toolchain/avr8/avr8-gnu-toolchain/bin/../lib/gcc/avr/5.4.0/../../../../avr/lib/avr5\libm.a(fp_cmp.o)
 .text          0x00000000        0x0 c:/program files (x86)/atmel/studio/7.0/toolchain/avr8/avr8-gnu-toolchain/bin/../lib/gcc/avr/5.4.0/../../../../avr/lib/avr5\libm.a(fp_inf.o)
 .data          0x00000000        0x0 c:/program files (x86)/atmel/studio/7.0/toolchain/avr8/avr8-gnu-toolchain/bin/../lib/gcc/avr/5.4.0/../../../../avr/lib/avr5\libm.a(fp_inf.o)
 .bss           0x00000000        0x0 c:/program files (x86)/atmel/studio/7.0/toolchain/avr8/avr8-gnu-toolchain/bin/../lib/gcc/avr/5.4.0/../../../../avr/lib/avr5\libm.a(fp_inf.o)
 .text          0x00000000        0x0 c:/program files (x86)/atmel/studio/7.0/toolchain/avr8/avr8-gnu-toolchain/bin/../lib/gcc/avr/5.4.0/../../../../avr/lib/avr5\libm.a(fp_nan.o)
 .data          0x00000000        0x0 c:/program files (x86)/atmel/studio/7.0/toolchain/avr8/avr8-gnu-toolchain/bin/../lib/gcc/avr/5.4.0/../../../../avr/lib/avr5\libm.a(fp_nan.o)
 .bss           0x00000000        0x0 c:/program files (x86)/atmel/studio/7.0/toolchain/avr8/avr8-gnu-toolchain/bin/../lib/gcc/avr/5.4.0/../../../../avr/lib/avr5\libm.a(fp_nan.o)
 .text          0x00000000        0x0 c:/program files (x86)/atmel/studio/7.0/toolchain/avr8/avr8-gnu-toolchain/bin/../lib/gcc/avr/5.4.0/../../../../avr/lib/avr5\libm.a(fp_pscA.o)
 .data          0x00000000        0x0 c:/program files (x86)/atmel/studio/7.0/toolchain/avr8/avr8-gnu-toolchain/bin/../lib/gcc/avr/5.4.0/../../../../avr/lib/avr5\libm.a(fp_pscA.o)
 .bss           0x00000000        0x0 c:/program files (x86)/atmel/studio/7.0/toolchain/avr8/avr8-gnu-toolchain/bin/../lib/gcc/avr/5.4.0/../../../../avr/lib/avr5\libm.a(fp_pscA.o)
 .text          0x00000000        0x0 c:/program files (x86)/atmel/studio/7.0/toolchain/avr8/avr8-gnu-toolchain/bin/../lib/gcc/avr/5.4.0/../../../../avr/lib/avr5\libm.a(fp_pscB.o)
 .data          0x00000000        0x0 c:/program files (x86)/atmel/studio/7.0/toolchain/avr8/avr8-gnu-toolchain/bin/../lib/gcc/avr/5.4.0/../../../../avr/lib/avr5\libm.a(fp_pscB.o)
 .bss           0x00000000        0x0 c:/program files (x86)/atmel/studio/7.0/toolchain/avr8/avr8-gnu-toolchain/bin/../lib/gcc/avr/5.4.0/../../../../avr/lib/avr5\libm.a(fp_pscB.o)
 .text          0x00000000        0x0 c:/program files (x86)/atmel/studio/7.0/toolchain/avr8/avr8-gnu-toolchain/bin/../lib/gcc/avr/5.4.0/../../../../avr/lib/avr5\libm.a(fp_round.o)
 .data          0x00000000        0x0 c:/program files (x86)/atmel/studio/7.0/toolchain/avr8/avr8-gnu-toolchain/bin/../lib/gcc/avr/5.4.0/../../../../avr/lib/avr5\libm.a(fp_round.o)
 .bss           0x00000000        0x0 c:/program files (x86)/atmel/studio/7.0/toolchain/avr8/avr8-gnu-toolchain/bin/../lib/gcc/avr/5.4.0/../../../../avr/lib/avr5\libm.a(fp_round.o)
 .text          0x00000000        0x0 c:/program files (x86)/atmel/studio/7.0/toolchain/avr8/avr8-gnu-toolchain/bin/../lib/gcc/avr/5.4.0/../../../../avr/lib/avr5\libm.a(fp_split3.o)
 .data          0x00000000        0x0 c:/program files (x86)/atmel/studio/7.0/toolchain/avr8/avr8-gnu-toolchain/bin/../lib/gcc/avr/5.4.0/../../../../avr/lib/avr5\libm.a(fp_split3.o)
 .bss           0x00000000        0x0 c:/program files (x86)/atmel/studio/7.0/toolchain/avr8/avr8-gnu-toolchain/bin/../lib/gcc/avr/5.4.0/../../../../avr/lib/avr5\libm.a(fp_split3.o)
 .text          0x00000000        0x0 c:/program files (x86)/atmel/studio/7.0/toolchain/avr8/avr8-gnu-toolchain/bin/../lib/gcc/avr/5.4.0/../../../../avr/lib/avr5\libm.a(fp_zero.o)
 .data          0x00000000        0x0 c:/program files (x86)/atmel/studio/7.0/toolchain/avr8/avr8-gnu-toolchain/bin/../lib/gcc/avr/5.4.0/../../../../avr/lib/avr5\libm.a(fp_zero.o)
 .bss           0x00000000        0x0 c:/program files (x86)/atmel/studio/7.0/toolchain/avr8/avr8-gnu-toolchain/bin/../lib/gcc/avr/5.4.0/../../../../avr/lib/avr5\libm.a(fp_zero.o)
 .text          0x00000000        0x0 c:/program files (x86)/atmel/studio/7.0/toolchain/avr8/avr8-gnu-toolchain/bin/../lib/gcc/avr/5.4.0/../../../../avr/lib/avr5\libm.a(gesf2.o)
 .data          0x00000000        0x0 c:/program files (x86)/atmel/studio/7.0/toolchain/avr8/avr8-gnu-toolchain/bin/../lib/gcc/avr/5.4.0/../../../../avr/lib/avr5\libm.a(gesf2.o)
 .bss           0x00000000        0x0 c:/program files (x86)/atmel/studio/7.0/toolchain/avr8/avr8-gnu-toolchain/bin/../lib/gcc/avr/5.4.0/../../../../avr/lib/avr5\libm.a(gesf2.o)
 .text          0x00000000        0x0 c:/program files (x86)/atmel/studio/7.0/toolchain/avr8/avr8-gnu-toolchain/bin/../lib/gcc/avr/5.4.0/../../../../avr/lib/avr5\libm.a(mulsf3.o)
 .data          0x00000000        0x0 c:/program files (x86)/atmel/studio/7.0/toolchain/avr8/avr8-gnu-toolchain/bin/../lib/gcc/avr/5.4.0/../../../../avr/lib/avr5\libm.a(mulsf3.o)
 .bss           0x00000000        0x0 c:/program files (x86)/atmel/studio/7.0/toolchain/avr8/avr8-gnu-toolchain/bin/../lib/gcc/avr/5.4.0/../../../../avr/lib/avr5\libm.a(mulsf3.o)
 .text          0x00000000        0x0 c:/program files (x86)/atmel/studio/7.0/toolchain/avr8/avr8-gnu-toolchain/bin/../lib/gcc/avr/5.4.0/../../../../avr/lib/avr5\libm.a(mulsf3x.o)
 .data          0x00000000        0x0 c:/program files (x86)/atmel/studio/7.0/toolchain/avr8/avr8-gnu-toolchain/bin/../lib/gcc/avr/5.4.0/../../../../avr/lib/avr5\libm.a(mulsf3x.o)
 .bss           0x00000000        0x0 c:/program files (x86)/atmel/studio/7.0/toolchain/avr8/avr8-gnu-toolchain/bin/../lib/gcc/avr/5.4.0/../../../../avr/lib/avr5\libm.a(mulsf3x.o)
 .text          0x00000000        0x0 c:/program files (x86)/atmel/studio/7.0/toolchain/avr8/avr8-gnu-toolchain/bin/../lib/gcc/avr/5.4.0/avr5\libgcc.a(_exit.o)
 .data          0x00000000        0x0 c:/program files (x86)/atmel/studio/7.0/toolchain/avr8/avr8-gnu-toolchain/bin/../lib/gcc/avr/5.4.0/avr5\libgcc.a(_exit.o)
 .bss           0x00000000        0x0 c:/program files (x86)/atmel/studio/7.0/toolchain/avr8/avr8-gnu-toolchain/bin/../lib/gcc/avr/5.4.0/avr5\libgcc.a(_exit.o)
 .text.libgcc.mul
                0x00000000        0x0 c:/program files (x86)/atmel/studio/7.0/toolchain/avr8/avr8-gnu-toolchain/bin/../lib/gcc/avr/5.4.0/avr5\libgcc.a(_exit.o)
 .text.libgcc.div
                0x00000000        0x0 c:/program files (x86)/atmel/studio/7.0/toolchain/avr8/avr8-gnu-toolchain/bin/../lib/gcc/avr/5.4.0/avr5\libgcc.a(_exit.o)
 .text.libgcc   0x00000000        0x0 c:/program files (x86)/atmel/studio/7.0/toolchain/avr8/avr8-gnu-toolchain/bin/../lib/gcc/avr/5.4.0/avr5\libgcc.a(_exit.o)
 .text.libgcc.prologue
                0x00000000        0x0 c:/program files (x86)/atmel/studio/7.0/toolchain/avr8/avr8-gnu-toolchain/bin/../lib/gcc/avr/5.4.0/avr5\libgcc.a(_exit.o)
 .text.libgcc.builtins
                0x00000000        0x0 c:/program files (x86)/atmel/studio/7.0/toolchain/avr8/avr8-gnu-toolchain/bin/../lib/gcc/avr/5.4.0/avr5\libgcc.a(_exit.o)
 .text.libgcc.fmul
                0x00000000        0x0 c:/program files (x86)/atmel/studio/7.0/toolchain/avr8/avr8-gnu-toolchain/bin/../lib/gcc/avr/5.4.0/avr5\libgcc.a(_exit.o)
 .text.libgcc.fixed
                0x00000000        0x0 c:/program files (x86)/atmel/studio/7.0/toolchain/avr8/avr8-gnu-toolchain/bin/../lib/gcc/avr/5.4.0/avr5\libgcc.a(_exit.o)
 .text          0x00000000        0x0 c:/program files (x86)/atmel/studio/7.0/toolchain/avr8/avr8-gnu-toolchain/bin/../lib/gcc/avr/5.4.0/avr5\libgcc.a(_tablejump2.o)
 .data          0x00000000        0x0 c:/program files (x86)/atmel/studio/7.0/toolchain/avr8/avr8-gnu-toolchain/bin/../lib/gcc/avr/5.4.0/avr5\libgcc.a(_tablejump2.o)
 .bss           0x00000000        0x0 c:/program files (x86)/atmel/studio/7.0/toolchain/avr8/avr8-gnu-toolchain/bin/../lib/gcc/avr/5.4.0/avr5\libgcc.a(_tablejump2.o)
 .text.libgcc.mul
                0x00000000        0x0 c:/program files (x86)/atmel/studio/7.0/toolchain/avr8/avr8-gnu-toolchain/bin/../lib/gcc/avr/5.4.0/avr5\libgcc.a(_tablejump2.o)
 .text.libgcc.div
                0x00000000        0x0 c:/program files (x86)/atmel/studio/7.0/toolchain/avr8/avr8-gnu-toolchain/bin/../lib/gcc/avr/5.4.0/avr5\libgcc.a(_tablejump2.o)
 .text.libgcc.prologue
                0x00000000        0x0 c:/program files (x86)/atmel/studio/7.0/toolchain/avr8/avr8-gnu-toolchain/bin/../lib/gcc/avr/5.4.0/avr5\libgcc.a(_tablejump2.o)
 .text.libgcc.builtins
                0x00000000        0x0 c:/program files (x86)/atmel/studio/7.0/toolchain/avr8/avr8-gnu-toolchain/bin/../lib/gcc/avr/5.4.0/avr5\libgcc.a(_tablejump2.o)
 .text.libgcc.fmul
                0x00000000        0x0 c:/program files (x86)/atmel/studio/7.0/toolchain/avr8/avr8-gnu-toolchain/bin/../lib/gcc/avr/5.4.0/avr5\libgcc.a(_tablejump2.o)
 .text.libgcc.fixed
                0x00000000        0x0 c:/program files (x86)/atmel/studio/7.0/toolchain/avr8/avr8-gnu-toolchain/bin/../lib/gcc/avr/5.4.0/avr5\libgcc.a(_tablejump2.o)
 .text          0x00000000        0x0 c:/program files (x86)/atmel/studio/7.0/toolchain/avr8/avr8-gnu-toolchain/bin/../lib/gcc/avr/5.4.0/avr5\libgcc.a(_copy_data.o)
 .data          0x00000000        0x0 c:/program files (x86)/atmel/studio/7.0/toolchain/avr8/avr8-gnu-toolchain/bin/../lib/gcc/avr/5.4.0/avr5\libgcc.a(_copy_data.o)
 .bss           0x00000000        0x0 c:/program files (x86)/atmel/studio/7.0/toolchain/avr8/avr8-gnu-toolchain/bin/../lib/gcc/avr/5.4.0/avr5\libgcc.a(_copy_data.o)
 .text.libgcc.mul
                0x00000000        0x0 c:/program files (x86)/atmel/studio/7.0/toolchain/avr8/avr8-gnu-toolchain/bin/../lib/gcc/avr/5.4.0/avr5\libgcc.a(_copy_data.o)
 .text.libgcc.div
                0x00000000        0x0 c:/program files (x86)/atmel/studio/7.0/toolchain/avr8/avr8-gnu-toolchain/bin/../lib/gcc/avr/5.4.0/avr5\libgcc.a(_copy_data.o)
 .text.libgcc   0x00000000        0x0 c:/program files (x86)/atmel/studio/7.0/toolchain/avr8/avr8-gnu-toolchain/bin/../lib/gcc/avr/5.4.0/avr5\libgcc.a(_copy_data.o)
 .text.libgcc.prologue
                0x00000000        0x0 c:/program files (x86)/atmel/studio/7.0/toolchain/avr8/avr8-gnu-toolchain/bin/../lib/gcc/avr/5.4.0/avr5\libgcc.a(_copy_data.o)
 .text.libgcc.builtins
                0x00000000        0x0 c:/program files (x86)/atmel/studio/7.0/toolchain/avr8/avr8-gnu-toolchain/bin/../lib/gcc/avr/5.4.0/avr5\libgcc.a(_copy_data.o)
 .text.libgcc.fmul
                0x00000000        0x0 c:/program files (x86)/atmel/studio/7.0/toolchain/avr8/avr8-gnu-toolchain/bin/../lib/gcc/avr/5.4.0/avr5\libgcc.a(_copy_data.o)
 .text.libgcc.fixed
                0x00000000        0x0 c:/program files (x86)/atmel/studio/7.0/toolchain/avr8/avr8-gnu-toolchain/bin/../lib/gcc/avr/5.4.0/avr5\libgcc.a(_copy_data.o)
 .text          0x00000000        0x0 c:/program files (x86)/atmel/studio/7.0/toolchain/avr8/avr8-gnu-toolchain/bin/../lib/gcc/avr/5.4.0/avr5\libgcc.a(_clear_bss.o)
 .data          0x00000000        0x0 c:/program files (x86)/atmel/studio/7.0/toolchain/avr8/avr8-gnu-toolchain/bin/../lib/gcc/avr/5.4.0/avr5\libgcc.a(_clear_bss.o)
 .bss           0x00000000        0x0 c:/program files (x86)/atmel/studio/7.0/toolchain/avr8/avr8-gnu-toolchain/bin/../lib/gcc/avr/5.4.0/avr5\libgcc.a(_clear_bss.o)
 .text.libgcc.mul
                0x00000000        0x0 c:/program files (x86)/atmel/studio/7.0/toolchain/avr8/avr8-gnu-toolchain/bin/../lib/gcc/avr/5.4.0/avr5\libgcc.a(_clear_bss.o)
 .text.libgcc.div
                0x00000000        0x0 c:/program files (x86)/atmel/studio/7.0/toolchain/avr8/avr8-gnu-toolchain/bin/../lib/gcc/avr/5.4.0/avr5\libgcc.a(_clear_bss.o)
 .text.libgcc   0x00000000        0x0 c:/program files (x86)/atmel/studio/7.0/toolchain/avr8/avr8-gnu-toolchain/bin/../lib/gcc/avr/5.4.0/avr5\libgcc.a(_clear_bss.o)
 .text.libgcc.prologue
                0x00000000        0x0 c:/program files (x86)/atmel/studio/7.0/toolchain/avr8/avr8-gnu-toolchain/bin/../lib/gcc/avr/5.4.0/avr5\libgcc.a(_clear_bss.o)
 .text.libgcc.builtins
                0x00000000        0x0 c:/program files (x86)/atmel/studio/7.0/toolchain/avr8/avr8-gnu-toolchain/bin/../lib/gcc/avr/5.4.0/avr5\libgcc.a(_clear_bss.o)
 .text.libgcc.fmul
                0x00000000        0x0 c:/program files (x86)/atmel/studio/7.0/toolchain/avr8/avr8-gnu-toolchain/bin/../lib/gcc/avr/5.4.0/avr5\libgcc.a(_clear_bss.o)
 .text.libgcc.fixed
                0x00000000        0x0 c:/program files (x86)/atmel/studio/7.0/toolchain/avr8/avr8-gnu-toolchain/bin/../lib/gcc/avr/5.4.0/avr5\libgcc.a(_clear_bss.o)
 .text          0x00000000        0x0 c:/program files (x86)/atmel/studio/7.0/toolchain/avr8/avr8-gnu-toolchain/bin/../lib/gcc/avr/5.4.0/avr5\libgcc.a(_umulhisi3.o)
 .data          0x00000000        0x0 c:/program files (x86)/atmel/studio/7.0/toolchain/avr8/avr8-gnu-toolchain/bin/../lib/gcc/avr/5.4.0/avr5\libgcc.a(_umulhisi3.o)
 .bss           0x00000000        0x0 c:/program files (x86)/atmel/studio/7.0/toolchain/avr8/avr8-gnu-toolchain/bin/../lib/gcc/avr/5.4.0/avr5\libgcc.a(_umulhisi3.o)
 .text.libgcc.div
                0x00000000        0x0 c:/program files (x86)/atmel/studio/7.0/toolchain/avr8/avr8-gnu-toolchain/bin/../lib/gcc/avr/5.4.0/avr5\libgcc.a(_umulhisi3.o)
 .text.libgcc   0x00000000        0x0 c:/program files (x86)/atmel/studio/7.0/toolchain/avr8/avr8-gnu-toolchain/bin/../lib/gcc/avr/5.4.0/avr5\libgcc.a(_umulhisi3.o)
 .text.libgcc.prologue
                0x00000000        0x0 c:/program files (x86)/atmel/studio/7.0/toolchain/avr8/avr8-gnu-toolchain/bin/../lib/gcc/avr/5.4.0/avr5\libgcc.a(_umulhisi3.o)
 .text.libgcc.builtins
                0x00000000        0x0 c:/program files (x86)/atmel/studio/7.0/toolchain/avr8/avr8-gnu-toolchain/bin/../lib/gcc/avr/5.4.0/avr5\libgcc.a(_umulhisi3.o)
 .text.libgcc.fmul
                0x00000000        0x0 c:/program files (x86)/atmel/studio/7.0/toolchain/avr8/avr8-gnu-toolchain/bin/../lib/gcc/avr/5.4.0/avr5\libgcc.a(_umulhisi3.o)
 .text.libgcc.fixed
                0x00000000        0x0 c:/program files (x86)/atmel/studio/7.0/toolchain/avr8/avr8-gnu-toolchain/bin/../lib/gcc/avr/5.4.0/avr5\libgcc.a(_umulhisi3.o)
 .text          0x00000000        0x0 c:/program files (x86)/atmel/studio/7.0/toolchain/avr8/avr8-gnu-toolchain/bin/../lib/gcc/avr/5.4.0/../../../../avr/lib/avr5\libc.a(itoa.o)
 .data          0x00000000        0x0 c:/program files (x86)/atmel/studio/7.0/toolchain/avr8/avr8-gnu-toolchain/bin/../lib/gcc/avr/5.4.0/../../../../avr/lib/avr5\libc.a(itoa.o)
 .bss           0x00000000        0x0 c:/program files (x86)/atmel/studio/7.0/toolchain/avr8/avr8-gnu-toolchain/bin/../lib/gcc/avr/5.4.0/../../../../avr/lib/avr5\libc.a(itoa.o)
 .text          0x00000000        0x0 c:/program files (x86)/atmel/studio/7.0/toolchain/avr8/avr8-gnu-toolchain/bin/../lib/gcc/avr/5.4.0/../../../../avr/lib/avr5\libc.a(itoa_ncheck.o)
 .data          0x00000000        0x0 c:/program files (x86)/atmel/studio/7.0/toolchain/avr8/avr8-gnu-toolchain/bin/../lib/gcc/avr/5.4.0/../../../../avr/lib/avr5\libc.a(itoa_ncheck.o)
 .bss           0x00000000        0x0 c:/program files (x86)/atmel/studio/7.0/toolchain/avr8/avr8-gnu-toolchain/bin/../lib/gcc/avr/5.4.0/../../../../avr/lib/avr5\libc.a(itoa_ncheck.o)
 .text          0x00000000        0x0 c:/program files (x86)/atmel/studio/7.0/toolchain/avr8/avr8-gnu-toolchain/bin/../lib/gcc/avr/5.4.0/../../../../avr/lib/avr5\libc.a(utoa_ncheck.o)
 .data          0x00000000        0x0 c:/program files (x86)/atmel/studio/7.0/toolchain/avr8/avr8-gnu-toolchain/bin/../lib/gcc/avr/5.4.0/../../../../avr/lib/avr5\libc.a(utoa_ncheck.o)
 .bss           0x00000000        0x0 c:/program files (x86)/atmel/studio/7.0/toolchain/avr8/avr8-gnu-toolchain/bin/../lib/gcc/avr/5.4.0/../../../../avr/lib/avr5\libc.a(utoa_ncheck.o)
 .text          0x00000000        0x0 c:/program files (x86)/atmel/studio/7.0/toolchain/avr8/avr8-gnu-toolchain/bin/../lib/gcc/avr/5.4.0/../../../../avr/lib/avr5\libc.a(strrev.o)
 .data          0x00000000        0x0 c:/program files (x86)/atmel/studio/7.0/toolchain/avr8/avr8-gnu-toolchain/bin/../lib/gcc/avr/5.4.0/../../../../avr/lib/avr5\libc.a(strrev.o)
 .bss           0x00000000        0x0 c:/program files (x86)/atmel/studio/7.0/toolchain/avr8/avr8-gnu-toolchain/bin/../lib/gcc/avr/5.4.0/../../../../avr/lib/avr5\libc.a(strrev.o)

Memory Configuration

Name             Origin             Length             Attributes
text             0x00000000         0x00008000         xr
data             0x00800060         0x00000800         rw !x
eeprom           0x00810000         0x00000400         rw !x
fuse             0x00820000         0x00000002         rw !x
lock             0x00830000         0x00000400         rw !x
signature        0x00840000         0x00000400         rw !x
user_signatures  0x00850000         0x00000400         rw !x
*default*        0x00000000         0xffffffff

Linker script and memory map

LOAD C:/Program Files (x86)/Atmel/Studio/7.0/Packs/atmel/ATmega_DFP/1.7.374/gcc/dev/atmega32/avr5/crtatmega32.o
LOAD APP/app.o
LOAD HAL/BUTTON/button.o
LOAD HAL/DC_MOTOR/dc_motor.o
LOAD HAL/ICU/icu.o
LOAD HAL/LCD/lcd.o
LOAD HAL/LED/led.o
LOAD HAL/PWM/pwm.o
LOAD HAL/TMR_SERVICES/tmr_services.o
LOAD HAL/ULTRSONIC/ultrasonic.o
LOAD main.o
LOAD MCAL/DIO/gpio.o
LOAD MCAL/EXT_INT/ext_interrupt.o
LOAD MCAL/GLOBAL_INT/global_int.o
LOAD MCAL/TIMER/timer_interface.o
LOAD MCAL/TIMER/timer_utilities.o
START GROUP
LOAD c:/program files (x86)/atmel/studio/7.0/toolchain/avr8/avr8-gnu-toolchain/bin/../lib/gcc/avr/5.4.0/../../../../avr/lib/avr5\libm.a
END GROUP
START GROUP
LOAD c:/program files (x86)/atmel/studio/7.0/toolchain/avr8/avr8-gnu-toolchain/bin/../lib/gcc/avr/5.4.0/avr5\libgcc.a
LOAD c:/program files (x86)/atmel/studio/7.0/toolchain/avr8/avr8-gnu-toolchain/bin/../lib/gcc/avr/5.4.0/../../../../avr/lib/avr5\libm.a
LOAD c:/program files (x86)/atmel/studio/7.0/toolchain/avr8/avr8-gnu-toolchain/bin/../lib/gcc/avr/5.4.0/../../../../avr/lib/avr5\libc.a
LOAD C:/Program Files (x86)/Atmel/Studio/7.0/Packs/atmel/ATmega_DFP/1.7.374/gcc/dev/atmega32/avr5\libatmega32.a
END GROUP
                0x00000000                __TEXT_REGION_ORIGIN__ = DEFINED (__TEXT_REGION_ORIGIN__)?__TEXT_REGION_ORIGIN__:0x0
                [0x00800060]                __DATA_REGION_ORIGIN__ = DEFINED (__DATA_REGION_ORIGIN__)?__DATA_REGION_ORIGIN__:0x800060
                [0x00008000]                __TEXT_REGION_LENGTH__ = DEFINED (__TEXT_REGION_LENGTH__)?__TEXT_REGION_LENGTH__:0x20000
                [0x00000800]                __DATA_REGION_LENGTH__ = DEFINED (__DATA_REGION_LENGTH__)?__DATA_REGION_LENGTH__:0xffa0
                [0x00000400]                __EEPROM_REGION_LENGTH__ = DEFINED (__EEPROM_REGION_LENGTH__)?__EEPROM_REGION_LENGTH__:0x10000
                [0x00000002]                __FUSE_REGION_LENGTH__ = DEFINED (__FUSE_REGION_LENGTH__)?__FUSE_REGION_LENGTH__:0x400
                0x00000400                __LOCK_REGION_LENGTH__ = DEFINED (__LOCK_REGION_LENGTH__)?__LOCK_REGION_LENGTH__:0x400
                0x00000400                __SIGNATURE_REGION_LENGTH__ = DEFINED (__SIGNATURE_REGION_LENGTH__)?__SIGNATURE_REGION_LENGTH__:0x400
                0x00000400                __USER_SIGNATURE_REGION_LENGTH__ = DEFINED (__USER_SIGNATURE_REGION_LENGTH__)?__USER_SIGNATURE_REGION_LENGTH__:0x400

.hash
 *(.hash)

.dynsym
 *(.dynsym)

.dynstr
 *(.dynstr)

.gnu.version
 *(.gnu.version)

.gnu.version_d
 *(.gnu.version_d)

.gnu.version_r
 *(.gnu.version_r)

.rel.init
 *(.rel.init)

.rela.init
 *(.rela.init)

.rel.text
 *(.rel.text)
 *(.rel.text.*)
 *(.rel.gnu.linkonce.t*)

.rela.text
 *(.rela.text)
 *(.rela.text.*)
 *(.rela.gnu.linkonce.t*)

.rel.fini
 *(.rel.fini)

.rela.fini
 *(.rela.fini)

.rel.rodata
 *(.rel.rodata)
 *(.rel.rodata.*)
 *(.rel.gnu.linkonce.r*)

.rela.rodata
 *(.rela.rodata)
 *(.rela.rodata.*)
 *(.rela.gnu.linkonce.r*)

.rel.data
 *(.rel.data)
 *(.rel.data.*)
 *(.rel.gnu.linkonce.d*)

.rela.data
 *(.rela.data)
 *(.rela.data.*)
 *(.rela.gnu.linkonce.d*)

.rel.ctors
 *(.rel.ctors)

.rela.ctors
 *(.rela.ctors)

.rel.dtors
 *(.rel.dtors)

.rela.dtors
 *(.rela.dtors)

.rel.got
 *(.rel.got)

.rela.got
 *(.rela.got)

.rel.bss
 *(.rel.bss)

.rela.bss
 *(.rela.bss)

.rel.plt
 *(.rel.plt)

.rela.plt
 *(.rela.plt)

.text           0x00000000     0x3a1c
 *(.vectors)
 .vectors       0x00000000       0x54 C:/Program Files (x86)/Atmel/Studio/7.0/Packs/atmel/ATmega_DFP/1.7.374/gcc/dev/atmega32/avr5/crtatmega32.o
                0x00000000                __vector_default
                0x00000000                __vectors
 *(.vectors)
 *(.progmem.gcc*)
 .progmem.gcc_sw_table.timer_start
                0x00000054       0x38 MCAL/TIMER/timer_interface.o
                0x0000008c                . = ALIGN (0x2)
                0x0000008c                __trampolines_start = .
 *(.trampolines)
 .trampolines   0x0000008c        0x0 linker stubs
 *(.trampolines*)
                0x0000008c                __trampolines_end = .
 *libprintf_flt.a:*(.progmem.data)
 *libc.a:*(.progmem.data)
 *(.progmem*)
                0x0000008c                . = ALIGN (0x2)
 *(.jumptables)
 *(.jumptables*)
 *(.lowtext)
 *(.lowtext*)
                0x0000008c                __ctors_start = .
 *(.ctors)
                0x0000008c                __ctors_end = .
                0x0000008c                __dtors_start = .
 *(.dtors)
                0x0000008c                __dtors_end = .
 SORT(*)(.ctors)
 SORT(*)(.dtors)
 *(.init0)
 .init0         0x0000008c        0x0 C:/Program Files (x86)/Atmel/Studio/7.0/Packs/atmel/ATmega_DFP/1.7.374/gcc/dev/atmega32/avr5/crtatmega32.o
                0x0000008c                __init
 *(.init0)
 *(.init1)
 *(.init1)
 *(.init2)
 .init2         0x0000008c        0xc C:/Program Files (x86)/Atmel/Studio/7.0/Packs/atmel/ATmega_DFP/1.7.374/gcc/dev/atmega32/avr5/crtatmega32.o
 *(.init2)
 *(.init3)
 *(.init3)
 *(.init4)
 .init4         0x00000098       0x16 c:/program files (x86)/atmel/studio/7.0/toolchain/avr8/avr8-gnu-toolchain/bin/../lib/gcc/avr/5.4.0/avr5\libgcc.a(_copy_data.o)
                0x00000098                __do_copy_data
 .init4         0x000000ae       0x10 c:/program files (x86)/atmel/studio/7.0/toolchain/avr8/avr8-gnu-toolchain/bin/../lib/gcc/avr/5.4.0/avr5\libgcc.a(_clear_bss.o)
                0x000000ae                __do_clear_bss
 *(.init4)
 *(.init5)
 *(.init5)
 *(.init6)
 *(.init6)
 *(.init7)
 *(.init7)
 *(.init8)
 *(.init8)
 *(.init9)
 .init9         0x000000be        0x8 C:/Program Files (x86)/Atmel/Studio/7.0/Packs/atmel/ATmega_DFP/1.7.374/gcc/dev/atmega32/avr5/crtatmega32.o
 *(.init9)
 *(.text)
 .text          0x000000c6        0x4 C:/Program Files (x86)/Atmel/Studio/7.0/Packs/atmel/ATmega_DFP/1.7.374/gcc/dev/atmega32/avr5/crtatmega32.o
                0x000000c6                __vector_12
                0x000000c6                __bad_interrupt
                0x000000c6                __vector_6
                0x000000c6                __vector_13
                0x000000c6                __vector_17
                0x000000c6                __vector_19
                0x000000c6                __vector_15
                0x000000c6                __vector_8
                0x000000c6                __vector_14
                0x000000c6                __vector_16
                0x000000c6                __vector_18
                0x000000c6                __vector_20
                0x000000ca                . = ALIGN (0x2)
 *(.text.*)
 .text.app_init
                0x000000ca       0x44 APP/app.o
                0x000000ca                app_init
 .text.read_event
                0x0000010e      0x108 APP/app.o
                0x0000010e                read_event
 .text.display_event
                0x00000216       0x86 APP/app.o
                0x00000216                display_event
 .text.button_init
                0x0000029c        0x8 HAL/BUTTON/button.o
                0x0000029c                button_init
 .text.dcMotor_init
                0x000002a4       0x60 HAL/DC_MOTOR/dc_motor.o
                0x000002a4                dcMotor_init
 .text.Icu_init
                0x00000304       0xe2 HAL/ICU/icu.o
                0x00000304                Icu_init
 .text.Icu_setCallBack
                0x000003e6       0x34 HAL/ICU/icu.o
                0x000003e6                Icu_setCallBack
 .text.Icu_setEdgeDetectionType
                0x0000041a       0x30 HAL/ICU/icu.o
                0x0000041a                Icu_setEdgeDetectionType
 .text.Icu_getTimerValue
                0x0000044a       0x3c HAL/ICU/icu.o
                0x0000044a                Icu_getTimerValue
 .text.Icu_clearTimerValue
                0x00000486       0x5e HAL/ICU/icu.o
                0x00000486                Icu_clearTimerValue
 .text.LCD_sendCommand
                0x000004e4       0xea HAL/LCD/lcd.o
                0x000004e4                LCD_sendCommand
 .text.LCD_init
                0x000005ce       0x60 HAL/LCD/lcd.o
                0x000005ce                LCD_init
 .text.LCD_displayCharacter
                0x0000062e       0xea HAL/LCD/lcd.o
                0x0000062e                LCD_displayCharacter
 .text.LCD_displayString
                0x00000718       0x26 HAL/LCD/lcd.o
                0x00000718                LCD_displayString
 .text.LCD_moveCursor
                0x0000073e       0x26 HAL/LCD/lcd.o
                0x0000073e                LCD_moveCursor
 .text.LCD_displayStringRowColumn
                0x00000764       0x16 HAL/LCD/lcd.o
                0x00000764                LCD_displayStringRowColumn
 .text.LCD_intgerToString
                0x0000077a       0x3c HAL/LCD/lcd.o
                0x0000077a                LCD_intgerToString
 .text.LCD_clearScreen
                0x000007b6        0x8 HAL/LCD/lcd.o
                0x000007b6                LCD_clearScreen
 .text.led_init
                0x000007be       0x22 HAL/LED/led.o
                0x000007be                led_init
 .text.PWM_callback
                0x000007e0       0xda HAL/PWM/pwm.o
 .text.PWM_Init
                0x000008ba       0x98 HAL/PWM/pwm.o
                0x000008ba                PWM_Init
 .text.timer_check_time_out_flag
                0x00000952       0x26 HAL/TMR_SERVICES/tmr_services.o
                0x00000952                timer_check_time_out_flag
 .text.timer_clk_map
                0x00000978       0x5a HAL/TMR_SERVICES/tmr_services.o
                0x00000978                timer_clk_map
 .text.delay_us
                0x000009d2      0x21c HAL/TMR_SERVICES/tmr_services.o
                0x000009d2                delay_us
 .text.delay_ms
                0x00000bee      0x21c HAL/TMR_SERVICES/tmr_services.o
                0x00000bee                delay_ms
 .text.timeOut_callBack
                0x00000e0a       0xf8 HAL/TMR_SERVICES/tmr_services.o
 .text.timeOut_sec
                0x00000f02      0x222 HAL/TMR_SERVICES/tmr_services.o
                0x00000f02                timeOut_sec
 .text.Ultrasonic_edgeProcessing
                0x00001124       0x32 HAL/ULTRSONIC/ultrasonic.o
                0x00001124                Ultrasonic_edgeProcessing
 .text.Ultrasonic_init
                0x00001156       0x78 HAL/ULTRSONIC/ultrasonic.o
                0x00001156                Ultrasonic_init
 .text.Ultrasonic_Trigger
                0x000011ce       0x2c HAL/ULTRSONIC/ultrasonic.o
                0x000011ce                Ultrasonic_Trigger
 .text.Ultrasonic_readDistance
                0x000011fa       0x48 HAL/ULTRSONIC/ultrasonic.o
                0x000011fa                Ultrasonic_readDistance
 .text.main     0x00001242       0x2e main.o
                0x00001242                main
 .text.DIO_pinMode
                0x00001270      0x10c MCAL/DIO/gpio.o
                0x00001270                DIO_pinMode
 .text.DIO_writePin
                0x0000137c      0x10c MCAL/DIO/gpio.o
                0x0000137c                DIO_writePin
 .text.DIO_togglePin
                0x00001488       0x84 MCAL/DIO/gpio.o
                0x00001488                DIO_togglePin
 .text.DIO_writePort
                0x0000150c       0x34 MCAL/DIO/gpio.o
                0x0000150c                DIO_writePort
 .text.DIO_readPort
                0x00001540       0x4e MCAL/DIO/gpio.o
                0x00001540                DIO_readPort
 .text.Init_external_interrupt
                0x0000158e       0x64 MCAL/EXT_INT/ext_interrupt.o
                0x0000158e                Init_external_interrupt
 .text.enable_external_interrupt
                0x000015f2       0x36 MCAL/EXT_INT/ext_interrupt.o
                0x000015f2                enable_external_interrupt
 .text.interrupt0_set_callback
                0x00001628       0x14 MCAL/EXT_INT/ext_interrupt.o
                0x00001628                interrupt0_set_callback
 .text.interrupt1_set_callback
                0x0000163c       0x14 MCAL/EXT_INT/ext_interrupt.o
                0x0000163c                interrupt1_set_callback
 .text.interrupt2_set_callback
                0x00001650       0x14 MCAL/EXT_INT/ext_interrupt.o
                0x00001650                interrupt2_set_callback
 .text.__vector_1
                0x00001664       0x52 MCAL/EXT_INT/ext_interrupt.o
                0x00001664                __vector_1
 .text.__vector_2
                0x000016b6       0x52 MCAL/EXT_INT/ext_interrupt.o
                0x000016b6                __vector_2
 .text.__vector_3
                0x00001708       0x52 MCAL/EXT_INT/ext_interrupt.o
                0x00001708                __vector_3
 .text.enable_global_interrupt
                0x0000175a        0x8 MCAL/GLOBAL_INT/global_int.o
                0x0000175a                enable_global_interrupt
 .text.timer_init
                0x00001762      0x37e MCAL/TIMER/timer_interface.o
                0x00001762                timer_init
 .text.timer_setInitialValue
                0x00001ae0       0x56 MCAL/TIMER/timer_interface.o
                0x00001ae0                timer_setInitialValue
 .text.timer_setClock
                0x00001b36       0x84 MCAL/TIMER/timer_interface.o
                0x00001b36                timer_setClock
 .text.timer_setCallBack
                0x00001bba       0x96 MCAL/TIMER/timer_interface.o
                0x00001bba                timer_setCallBack
 .text.timer_start
                0x00001c50      0x1e2 MCAL/TIMER/timer_interface.o
                0x00001c50                timer_start
 .text.timer_stop
                0x00001e32       0x48 MCAL/TIMER/timer_interface.o
                0x00001e32                timer_stop
 .text.timer_getValue
                0x00001e7a       0x54 MCAL/TIMER/timer_interface.o
                0x00001e7a                timer_getValue
 .text.timer_flag_notification
                0x00001ece      0x106 MCAL/TIMER/timer_interface.o
                0x00001ece                timer_flag_notification
 .text.__vector_11
                0x00001fd4       0x52 MCAL/TIMER/timer_interface.o
                0x00001fd4                __vector_11
 .text.__vector_9
                0x00002026       0x52 MCAL/TIMER/timer_interface.o
                0x00002026                __vector_9
 .text.__vector_5
                0x00002078       0x52 MCAL/TIMER/timer_interface.o
                0x00002078                __vector_5
 .text.__vector_10
                0x000020ca       0x52 MCAL/TIMER/timer_interface.o
                0x000020ca                __vector_10
 .text.__vector_7
                0x0000211c       0x52 MCAL/TIMER/timer_interface.o
                0x0000211c                __vector_7
 .text.__vector_4
                0x0000216e       0x52 MCAL/TIMER/timer_interface.o
                0x0000216e                __vector_4
 .text.calc_prescaler
                0x000021c0      0x89a MCAL/TIMER/timer_utilities.o
                0x000021c0                calc_prescaler
 .text.calc_initialValue
                0x00002a5a      0xaa6 MCAL/TIMER/timer_utilities.o
                0x00002a5a                calc_initialValue
 .text.avr-libc.fplib
                0x00003500        0xe c:/program files (x86)/atmel/studio/7.0/toolchain/avr8/avr8-gnu-toolchain/bin/../lib/gcc/avr/5.4.0/../../../../avr/lib/avr5\libm.a(addsf3.o)
                0x00003500                __subsf3
                0x00003502                __addsf3
 .text.avr-libc.fplib
                0x0000350e       0xcc c:/program files (x86)/atmel/studio/7.0/toolchain/avr8/avr8-gnu-toolchain/bin/../lib/gcc/avr/5.4.0/../../../../avr/lib/avr5\libm.a(addsf3x.o)
                0x00003530                __addsf3x
 .text.avr-libc.fplib
                0x000035da        0xa c:/program files (x86)/atmel/studio/7.0/toolchain/avr8/avr8-gnu-toolchain/bin/../lib/gcc/avr/5.4.0/../../../../avr/lib/avr5\libm.a(cmpsf2.o)
                0x000035da                __nesf2
                0x000035da                __eqsf2
                0x000035da                __cmpsf2
                0x000035da                __ltsf2
                0x000035da                __lesf2
 .text.avr-libc.fplib
                0x000035e4        0x8 c:/program files (x86)/atmel/studio/7.0/toolchain/avr8/avr8-gnu-toolchain/bin/../lib/gcc/avr/5.4.0/../../../../avr/lib/avr5\libm.a(divsf3.o)
                0x000035e4                __divsf3
 .text.avr-libc.fplib
                0x000035ec       0xdc c:/program files (x86)/atmel/studio/7.0/toolchain/avr8/avr8-gnu-toolchain/bin/../lib/gcc/avr/5.4.0/../../../../avr/lib/avr5\libm.a(divsf3x.o)
                0x0000360c                __divsf3x
                0x00003612                __divsf3_pse
 .text.avr-libc.fplib
                0x000036c8       0x5e c:/program files (x86)/atmel/studio/7.0/toolchain/avr8/avr8-gnu-toolchain/bin/../lib/gcc/avr/5.4.0/../../../../avr/lib/avr5\libm.a(fixunssfsi.o)
                0x000036c8                __fixunssfsi
 .text.avr-libc.fplib
                0x00003726       0x7a c:/program files (x86)/atmel/studio/7.0/toolchain/avr8/avr8-gnu-toolchain/bin/../lib/gcc/avr/5.4.0/../../../../avr/lib/avr5\libm.a(floatsisf.o)
                0x00003726                __floatunsisf
                0x0000372a                __floatsisf
 .text.avr-libc.fplib
                0x000037a0       0x48 c:/program files (x86)/atmel/studio/7.0/toolchain/avr8/avr8-gnu-toolchain/bin/../lib/gcc/avr/5.4.0/../../../../avr/lib/avr5\libm.a(fp_cmp.o)
                0x000037a0                __fp_cmp
 .text.avr-libc.fplib
                0x000037e8        0xc c:/program files (x86)/atmel/studio/7.0/toolchain/avr8/avr8-gnu-toolchain/bin/../lib/gcc/avr/5.4.0/../../../../avr/lib/avr5\libm.a(fp_inf.o)
                0x000037e8                __fp_inf
 .text.avr-libc.fplib
                0x000037f4        0x6 c:/program files (x86)/atmel/studio/7.0/toolchain/avr8/avr8-gnu-toolchain/bin/../lib/gcc/avr/5.4.0/../../../../avr/lib/avr5\libm.a(fp_nan.o)
                0x000037f4                __fp_nan
 .text.avr-libc.fplib
                0x000037fa        0xe c:/program files (x86)/atmel/studio/7.0/toolchain/avr8/avr8-gnu-toolchain/bin/../lib/gcc/avr/5.4.0/../../../../avr/lib/avr5\libm.a(fp_pscA.o)
                0x000037fa                __fp_pscA
 .text.avr-libc.fplib
                0x00003808        0xe c:/program files (x86)/atmel/studio/7.0/toolchain/avr8/avr8-gnu-toolchain/bin/../lib/gcc/avr/5.4.0/../../../../avr/lib/avr5\libm.a(fp_pscB.o)
                0x00003808                __fp_pscB
 .text.avr-libc.fplib
                0x00003816       0x22 c:/program files (x86)/atmel/studio/7.0/toolchain/avr8/avr8-gnu-toolchain/bin/../lib/gcc/avr/5.4.0/../../../../avr/lib/avr5\libm.a(fp_round.o)
                0x00003816                __fp_round
 .text.avr-libc.fplib
                0x00003838       0x44 c:/program files (x86)/atmel/studio/7.0/toolchain/avr8/avr8-gnu-toolchain/bin/../lib/gcc/avr/5.4.0/../../../../avr/lib/avr5\libm.a(fp_split3.o)
                0x00003838                __fp_split3
                0x00003848                __fp_splitA
 .text.avr-libc.fplib
                0x0000387c        0xe c:/program files (x86)/atmel/studio/7.0/toolchain/avr8/avr8-gnu-toolchain/bin/../lib/gcc/avr/5.4.0/../../../../avr/lib/avr5\libm.a(fp_zero.o)
                0x0000387c                __fp_zero
                0x0000387e                __fp_szero
 .text.avr-libc.fplib
                0x0000388a        0xa c:/program files (x86)/atmel/studio/7.0/toolchain/avr8/avr8-gnu-toolchain/bin/../lib/gcc/avr/5.4.0/../../../../avr/lib/avr5\libm.a(gesf2.o)
                0x0000388a                __gesf2
                0x0000388a                __gtsf2
 .text.avr-libc.fplib
                0x00003894        0x8 c:/program files (x86)/atmel/studio/7.0/toolchain/avr8/avr8-gnu-toolchain/bin/../lib/gcc/avr/5.4.0/../../../../avr/lib/avr5\libm.a(mulsf3.o)
                0x00003894                __mulsf3
 .text.avr-libc.fplib
                0x0000389c       0xd2 c:/program files (x86)/atmel/studio/7.0/toolchain/avr8/avr8-gnu-toolchain/bin/../lib/gcc/avr/5.4.0/../../../../avr/lib/avr5\libm.a(mulsf3x.o)
                0x000038ba                __mulsf3x
                0x000038c0                __mulsf3_pse
 .text.libgcc   0x0000396e        0xc c:/program files (x86)/atmel/studio/7.0/toolchain/avr8/avr8-gnu-toolchain/bin/../lib/gcc/avr/5.4.0/avr5\libgcc.a(_tablejump2.o)
                0x0000396e                __tablejump2__
 .text.libgcc.mul
                0x0000397a       0x1e c:/program files (x86)/atmel/studio/7.0/toolchain/avr8/avr8-gnu-toolchain/bin/../lib/gcc/avr/5.4.0/avr5\libgcc.a(_umulhisi3.o)
                0x0000397a                __umulhisi3
 .text.avr-libc
                0x00003998       0x16 c:/program files (x86)/atmel/studio/7.0/toolchain/avr8/avr8-gnu-toolchain/bin/../lib/gcc/avr/5.4.0/../../../../avr/lib/avr5\libc.a(itoa.o)
                0x00003998                __itoa
                0x00003998                itoa
 .text.avr-libc
                0x000039ae       0x16 c:/program files (x86)/atmel/studio/7.0/toolchain/avr8/avr8-gnu-toolchain/bin/../lib/gcc/avr/5.4.0/../../../../avr/lib/avr5\libc.a(itoa_ncheck.o)
                0x000039ae                __itoa_ncheck
 .text.avr-libc
                0x000039c4       0x34 c:/program files (x86)/atmel/studio/7.0/toolchain/avr8/avr8-gnu-toolchain/bin/../lib/gcc/avr/5.4.0/../../../../avr/lib/avr5\libc.a(utoa_ncheck.o)
                0x000039c4                __utoa_ncheck
                0x000039c6                __utoa_common
 .text.avr-libc
                0x000039f8       0x20 c:/program files (x86)/atmel/studio/7.0/toolchain/avr8/avr8-gnu-toolchain/bin/../lib/gcc/avr/5.4.0/../../../../avr/lib/avr5\libc.a(strrev.o)
                0x000039f8                strrev
                0x00003a18                . = ALIGN (0x2)
 *(.fini9)
 .fini9         0x00003a18        0x0 c:/program files (x86)/atmel/studio/7.0/toolchain/avr8/avr8-gnu-toolchain/bin/../lib/gcc/avr/5.4.0/avr5\libgcc.a(_exit.o)
                0x00003a18                _exit
                0x00003a18                exit
 *(.fini9)
 *(.fini8)
 *(.fini8)
 *(.fini7)
 *(.fini7)
 *(.fini6)
 *(.fini6)
 *(.fini5)
 *(.fini5)
 *(.fini4)
 *(.fini4)
 *(.fini3)
 *(.fini3)
 *(.fini2)
 *(.fini2)
 *(.fini1)
 *(.fini1)
 *(.fini0)
 .fini0         0x00003a18        0x4 c:/program files (x86)/atmel/studio/7.0/toolchain/avr8/avr8-gnu-toolchain/bin/../lib/gcc/avr/5.4.0/avr5\libgcc.a(_exit.o)
 *(.fini0)
                0x00003a1c                _etext = .

.data           0x00800060       0x88 load address 0x00003a1c
                0x00800060                PROVIDE (__data_start, .)
 *(.data)
 *(.data*)
 .data.str_dcMotor_LDW_motor
                0x00800060        0x6 APP/app.o
                0x00800060                str_dcMotor_LDW_motor
 .data.str_dcMotor_LUP_motor
                0x00800066        0x6 APP/app.o
                0x00800066                str_dcMotor_LUP_motor
 .data.str_dcMotor_RDW_motor
                0x0080006c        0x6 APP/app.o
                0x0080006c                str_dcMotor_RDW_motor
 .data.str_dcMotor_RUP_motor
                0x00800072        0x6 APP/app.o
                0x00800072                str_dcMotor_RUP_motor
 .data.gl_u8_timer_id
                0x00800078        0x1 HAL/ICU/icu.o
                0x00800078                gl_u8_timer_id
 .data.gl_u8_interrupt_id
                0x00800079        0x1 HAL/ICU/icu.o
                0x00800079                gl_u8_interrupt_id
 .data.gl_u8_timer_id
                0x0080007a        0x1 HAL/TMR_SERVICES/tmr_services.o
 .data.gl_enu_tmr_clk
                0x0080007b        0x3 MCAL/TIMER/timer_interface.o
 *(.gnu.linkonce.d*)
 *(.rodata)
 *(.rodata*)
 .rodata.str1.1
                0x0080007e       0x6a APP/app.o
 *(.gnu.linkonce.r*)
                0x008000e8                . = ALIGN (0x2)
                0x008000e8                _edata = .
                0x008000e8                PROVIDE (__data_end, .)

.bss            0x008000e8       0x54
                0x008000e8                PROVIDE (__bss_start, .)
 *(.bss)
 *(.bss*)
 .bss.st_bo_l_timeout_active_flag.2075
                0x008000e8        0x1 APP/app.o
 .bss.st_u8_l_roatation_counter.2076
                0x008000e9        0x1 APP/app.o
 .bss.st_bo_l_event_flag.2074
                0x008000ea        0x1 APP/app.o
 .bss.gs_u16_onTime_initValue
                0x008000eb        0x2 HAL/PWM/pwm.o
 .bss.gs_u16_offTime_initValue
                0x008000ed        0x2 HAL/PWM/pwm.o
 .bss.gs_u8_onTime_prescale
                0x008000ef        0x1 HAL/PWM/pwm.o
 .bss.gs_u8_offTime_prescale
                0x008000f0        0x1 HAL/PWM/pwm.o
 .bss.gs_u8_duty_cycle
                0x008000f1        0x1 HAL/PWM/pwm.o
 .bss.gs_bo_pwm_flag
                0x008000f2        0x1 HAL/PWM/pwm.o
 .bss.gs_u8_timer_id
                0x008000f3        0x1 HAL/PWM/pwm.o
 .bss.gs_u8_gpio_pin_id
                0x008000f4        0x1 HAL/PWM/pwm.o
 .bss.gs_u8_gpio_port_id
                0x008000f5        0x1 HAL/PWM/pwm.o
 .bss.gl_u16_tick_count.1854
                0x008000f6        0x2 HAL/TMR_SERVICES/tmr_services.o
 .bss.gl_fun_ptr_arr
                0x008000f8        0x6 HAL/TMR_SERVICES/tmr_services.o
                0x008000f8                gl_fun_ptr_arr
 .bss.gl_bo_overFlow_flag
                0x008000fe        0x3 HAL/TMR_SERVICES/tmr_services.o
 .bss.gl_u16_initialValue
                0x00800101        0x6 HAL/TMR_SERVICES/tmr_services.o
 .bss.gl_u16_prescale
                0x00800107        0x6 HAL/TMR_SERVICES/tmr_services.o
 .bss.gl_bo_timeOut_flag
                0x0080010d        0x3 HAL/TMR_SERVICES/tmr_services.o
 .bss.gl_f32_reminderPart
                0x00800110        0xc HAL/TMR_SERVICES/tmr_services.o
 .bss.gl_u16_realPart
                0x0080011c        0x6 HAL/TMR_SERVICES/tmr_services.o
 .bss.gl_u8_triggerPin
                0x00800122        0x1 HAL/ULTRSONIC/ultrasonic.o
 .bss.gl_u8_triggerPort
                0x00800123        0x1 HAL/ULTRSONIC/ultrasonic.o
 .bss.gl_u16_timeHigh
                0x00800124        0x2 HAL/ULTRSONIC/ultrasonic.o
 .bss.gl_u8_edgeCount
                0x00800126        0x1 HAL/ULTRSONIC/ultrasonic.o
 .bss.gl_callbackptr_2
                0x00800127        0x2 MCAL/EXT_INT/ext_interrupt.o
 .bss.gl_callbackptr_1
                0x00800129        0x2 MCAL/EXT_INT/ext_interrupt.o
 .bss.gl_callbackptr_0
                0x0080012b        0x2 MCAL/EXT_INT/ext_interrupt.o
 .bss.gl_callBackPtr_timer2_COMP
                0x0080012d        0x2 MCAL/TIMER/timer_interface.o
 .bss.gl_callBackPtr_timer1_COMP
                0x0080012f        0x2 MCAL/TIMER/timer_interface.o
 .bss.gl_callBackPtr_timer0_COMP
                0x00800131        0x2 MCAL/TIMER/timer_interface.o
 .bss.gl_callBackPtr_timer2_OVF
                0x00800133        0x2 MCAL/TIMER/timer_interface.o
 .bss.gl_callBackPtr_timer1_OVF
                0x00800135        0x2 MCAL/TIMER/timer_interface.o
 .bss.gl_callBackPtr_timer0_OVF
                0x00800137        0x2 MCAL/TIMER/timer_interface.o
 .bss.gl_bo_timer_init_flag
                0x00800139        0x3 MCAL/TIMER/timer_interface.o
 *(COMMON)
                0x0080013c                PROVIDE (__bss_end, .)
                0x00003a1c                __data_load_start = LOADADDR (.data)
                0x00003aa4                __data_load_end = (__data_load_start + SIZEOF (.data))

.noinit         0x0080013c        0x0
                [!provide]                PROVIDE (__noinit_start, .)
 *(.noinit*)
                [!provide]                PROVIDE (__noinit_end, .)
                0x0080013c                _end = .
                [!provide]                PROVIDE (__heap_start, .)

.eeprom         0x00810000        0x0
 *(.eeprom*)
                0x00810000                __eeprom_end = .

.fuse
 *(.fuse)
 *(.lfuse)
 *(.hfuse)
 *(.efuse)

.lock
 *(.lock*)

.signature
 *(.signature*)

.user_signatures
 *(.user_signatures*)

.stab
 *(.stab)

.stabstr
 *(.stabstr)

.stab.excl
 *(.stab.excl)

.stab.exclstr
 *(.stab.exclstr)

.stab.index
 *(.stab.index)

.stab.indexstr
 *(.stab.indexstr)

.comment        0x00000000       0x30
 *(.comment)
 .comment       0x00000000       0x30 APP/app.o
                                 0x31 (size before relaxing)
 .comment       0x00000030       0x31 HAL/BUTTON/button.o
 .comment       0x00000030       0x31 HAL/DC_MOTOR/dc_motor.o
 .comment       0x00000030       0x31 HAL/ICU/icu.o
 .comment       0x00000030       0x31 HAL/LCD/lcd.o
 .comment       0x00000030       0x31 HAL/LED/led.o
 .comment       0x00000030       0x31 HAL/PWM/pwm.o
 .comment       0x00000030       0x31 HAL/TMR_SERVICES/tmr_services.o
 .comment       0x00000030       0x31 HAL/ULTRSONIC/ultrasonic.o
 .comment       0x00000030       0x31 main.o
 .comment       0x00000030       0x31 MCAL/DIO/gpio.o
 .comment       0x00000030       0x31 MCAL/EXT_INT/ext_interrupt.o
 .comment       0x00000030       0x31 MCAL/GLOBAL_INT/global_int.o
 .comment       0x00000030       0x31 MCAL/TIMER/timer_interface.o
 .comment       0x00000030       0x31 MCAL/TIMER/timer_utilities.o

.note.gnu.avr.deviceinfo
                0x00000000       0x3c
 .note.gnu.avr.deviceinfo
                0x00000000       0x3c C:/Program Files (x86)/Atmel/Studio/7.0/Packs/atmel/ATmega_DFP/1.7.374/gcc/dev/atmega32/avr5/crtatmega32.o

.note.gnu.build-id
 *(.note.gnu.build-id)

.debug
 *(.debug)

.line
 *(.line)

.debug_srcinfo
 *(.debug_srcinfo)

.debug_sfnames
 *(.debug_sfnames)

.debug_aranges  0x00000000      0x430
 *(.debug_aranges)
 .debug_aranges
                0x00000000       0x48 APP/app.o
 .debug_aranges
                0x00000048       0x30 HAL/BUTTON/button.o
 .debug_aranges
                0x00000078       0x30 HAL/DC_MOTOR/dc_motor.o
 .debug_aranges
                0x000000a8       0x48 HAL/ICU/icu.o
 .debug_aranges
                0x000000f0       0x58 HAL/LCD/lcd.o
 .debug_aranges
                0x00000148       0x30 HAL/LED/led.o
 .debug_aranges
                0x00000178       0x38 HAL/PWM/pwm.o
 .debug_aranges
                0x000001b0       0x68 HAL/TMR_SERVICES/tmr_services.o
 .debug_aranges
                0x00000218       0x38 HAL/ULTRSONIC/ultrasonic.o
 .debug_aranges
                0x00000250       0x28 main.o
 .debug_aranges
                0x00000278       0x58 MCAL/DIO/gpio.o
 .debug_aranges
                0x000002d0       0x60 MCAL/EXT_INT/ext_interrupt.o
 .debug_aranges
                0x00000330       0x28 MCAL/GLOBAL_INT/global_int.o
 .debug_aranges
                0x00000358       0xb0 MCAL/TIMER/timer_interface.o
 .debug_aranges
                0x00000408       0x28 MCAL/TIMER/timer_utilities.o

.debug_pubnames
 *(.debug_pubnames)

.debug_info     0x00000000     0x6013
 *(.debug_info .gnu.linkonce.wi.*)
 .debug_info    0x00000000      0x4e6 C:/Program Files (x86)/Atmel/Studio/7.0/Packs/atmel/ATmega_DFP/1.7.374/gcc/dev/atmega32/avr5/crtatmega32.o
 .debug_info    0x000004e6      0xc32 APP/app.o
 .debug_info    0x00001118      0x27c HAL/BUTTON/button.o
 .debug_info    0x00001394      0x376 HAL/DC_MOTOR/dc_motor.o
 .debug_info    0x0000170a      0x7db HAL/ICU/icu.o
 .debug_info    0x00001ee5      0xa01 HAL/LCD/lcd.o
 .debug_info    0x000028e6      0x279 HAL/LED/led.o
 .debug_info    0x00002b5f      0x86b HAL/PWM/pwm.o
 .debug_info    0x000033ca     0x148e HAL/TMR_SERVICES/tmr_services.o
 .debug_info    0x00004858      0x4d7 HAL/ULTRSONIC/ultrasonic.o
 .debug_info    0x00004d2f      0x19b main.o
 .debug_info    0x00004eca      0x3c6 MCAL/DIO/gpio.o
 .debug_info    0x00005290      0x319 MCAL/EXT_INT/ext_interrupt.o
 .debug_info    0x000055a9       0xa7 MCAL/GLOBAL_INT/global_int.o
 .debug_info    0x00005650      0x7cd MCAL/TIMER/timer_interface.o
 .debug_info    0x00005e1d      0x1f6 MCAL/TIMER/timer_utilities.o

.debug_abbrev   0x00000000     0x14fe
 *(.debug_abbrev)
 .debug_abbrev  0x00000000      0x4a3 C:/Program Files (x86)/Atmel/Studio/7.0/Packs/atmel/ATmega_DFP/1.7.374/gcc/dev/atmega32/avr5/crtatmega32.o
 .debug_abbrev  0x000004a3      0x186 APP/app.o
 .debug_abbrev  0x00000629       0xf7 HAL/BUTTON/button.o
 .debug_abbrev  0x00000720       0xdb HAL/DC_MOTOR/dc_motor.o
 .debug_abbrev  0x000007fb      0x15c HAL/ICU/icu.o
 .debug_abbrev  0x00000957      0x1b3 HAL/LCD/lcd.o
 .debug_abbrev  0x00000b0a       0xd2 HAL/LED/led.o
 .debug_abbrev  0x00000bdc      0x16a HAL/PWM/pwm.o
 .debug_abbrev  0x00000d46      0x1bd HAL/TMR_SERVICES/tmr_services.o
 .debug_abbrev  0x00000f03      0x10f HAL/ULTRSONIC/ultrasonic.o
 .debug_abbrev  0x00001012       0xe7 main.o
 .debug_abbrev  0x000010f9      0x10a MCAL/DIO/gpio.o
 .debug_abbrev  0x00001203       0xb7 MCAL/EXT_INT/ext_interrupt.o
 .debug_abbrev  0x000012ba       0x46 MCAL/GLOBAL_INT/global_int.o
 .debug_abbrev  0x00001300      0x13d MCAL/TIMER/timer_interface.o
 .debug_abbrev  0x0000143d       0xc1 MCAL/TIMER/timer_utilities.o

.debug_line     0x00000000     0x422d
 *(.debug_line .debug_line.* .debug_line_end)
 .debug_line    0x00000000      0x116 C:/Program Files (x86)/Atmel/Studio/7.0/Packs/atmel/ATmega_DFP/1.7.374/gcc/dev/atmega32/avr5/crtatmega32.o
 .debug_line    0x00000116      0x4f1 APP/app.o
 .debug_line    0x00000607      0x11b HAL/BUTTON/button.o
 .debug_line    0x00000722      0x1d5 HAL/DC_MOTOR/dc_motor.o
 .debug_line    0x000008f7      0x340 HAL/ICU/icu.o
 .debug_line    0x00000c37      0x3df HAL/LCD/lcd.o
 .debug_line    0x00001016       0xf4 HAL/LED/led.o
 .debug_line    0x0000110a      0x2e5 HAL/PWM/pwm.o
 .debug_line    0x000013ef      0x9da HAL/TMR_SERVICES/tmr_services.o
 .debug_line    0x00001dc9      0x23b HAL/ULTRSONIC/ultrasonic.o
 .debug_line    0x00002004       0xec main.o
 .debug_line    0x000020f0      0x506 MCAL/DIO/gpio.o
 .debug_line    0x000025f6      0x2a9 MCAL/EXT_INT/ext_interrupt.o
 .debug_line    0x0000289f       0x9b MCAL/GLOBAL_INT/global_int.o
 .debug_line    0x0000293a      0xdfc MCAL/TIMER/timer_interface.o
 .debug_line    0x00003736      0xaf7 MCAL/TIMER/timer_utilities.o

.debug_frame    0x00000000      0xd70
 *(.debug_frame)
 .debug_frame   0x00000000       0xf0 APP/app.o
 .debug_frame   0x000000f0       0x60 HAL/BUTTON/button.o
 .debug_frame   0x00000150       0x6c HAL/DC_MOTOR/dc_motor.o
 .debug_frame   0x000001bc       0x98 HAL/ICU/icu.o
 .debug_frame   0x00000254       0xf0 HAL/LCD/lcd.o
 .debug_frame   0x00000344       0x50 HAL/LED/led.o
 .debug_frame   0x00000394       0xe4 HAL/PWM/pwm.o
 .debug_frame   0x00000478      0x298 HAL/TMR_SERVICES/tmr_services.o
 .debug_frame   0x00000710       0x7c HAL/ULTRSONIC/ultrasonic.o
 .debug_frame   0x0000078c       0x44 main.o
 .debug_frame   0x000007d0       0x94 MCAL/DIO/gpio.o
 .debug_frame   0x00000864      0x17c MCAL/EXT_INT/ext_interrupt.o
 .debug_frame   0x000009e0       0x34 MCAL/GLOBAL_INT/global_int.o
 .debug_frame   0x00000a14      0x2f4 MCAL/TIMER/timer_interface.o
 .debug_frame   0x00000d08       0x68 MCAL/TIMER/timer_utilities.o

.debug_str      0x00000000     0x1f1e
 *(.debug_str)
 .debug_str     0x00000000      0x196 C:/Program Files (x86)/Atmel/Studio/7.0/Packs/atmel/ATmega_DFP/1.7.374/gcc/dev/atmega32/avr5/crtatmega32.o
 .debug_str     0x00000196      0x614 APP/app.o
                                0x669 (size before relaxing)
 .debug_str     0x000007aa       0xfc HAL/BUTTON/button.o
                                0x2e8 (size before relaxing)
 .debug_str     0x000008a6       0xe1 HAL/DC_MOTOR/dc_motor.o
                                0x398 (size before relaxing)
 .debug_str     0x00000987      0x7eb HAL/ICU/icu.o
                                0x9b8 (size before relaxing)
 .debug_str     0x00001172       0xd7 HAL/LCD/lcd.o
                                0x33b (size before relaxing)
 .debug_str     0x00001249       0xdc HAL/LED/led.o
                                0x2d9 (size before relaxing)
 .debug_str     0x00001325      0x28b HAL/PWM/pwm.o
                                0x7c9 (size before relaxing)
 .debug_str     0x000015b0      0x22e HAL/TMR_SERVICES/tmr_services.o
                                0x7ee (size before relaxing)
 .debug_str     0x000017de      0x166 HAL/ULTRSONIC/ultrasonic.o
                                0x637 (size before relaxing)
 .debug_str     0x00001944       0x11 main.o
                                0x24a (size before relaxing)
 .debug_str     0x00001955      0x165 MCAL/DIO/gpio.o
                                0x399 (size before relaxing)
 .debug_str     0x00001aba       0xfc MCAL/EXT_INT/ext_interrupt.o
                                0x408 (size before relaxing)
 .debug_str     0x00001bb6       0x39 MCAL/GLOBAL_INT/global_int.o
                                0x1fc (size before relaxing)
 .debug_str     0x00001bef      0x2bb MCAL/TIMER/timer_interface.o
                                0x7e0 (size before relaxing)
 .debug_str     0x00001eaa       0x74 MCAL/TIMER/timer_utilities.o
                                0x318 (size before relaxing)

.debug_loc      0x00000000     0x672f
 *(.debug_loc)
 .debug_loc     0x00000000      0x5b0 APP/app.o
 .debug_loc     0x000005b0      0x214 HAL/BUTTON/button.o
 .debug_loc     0x000007c4      0x301 HAL/DC_MOTOR/dc_motor.o
 .debug_loc     0x00000ac5      0x3de HAL/ICU/icu.o
 .debug_loc     0x00000ea3      0x753 HAL/LCD/lcd.o
 .debug_loc     0x000015f6      0x194 HAL/LED/led.o
 .debug_loc     0x0000178a      0x4cf HAL/PWM/pwm.o
 .debug_loc     0x00001c59     0x167e HAL/TMR_SERVICES/tmr_services.o
 .debug_loc     0x000032d7      0x1ef HAL/ULTRSONIC/ultrasonic.o
 .debug_loc     0x000034c6       0x67 main.o
 .debug_loc     0x0000352d      0x791 MCAL/DIO/gpio.o
 .debug_loc     0x00003cbe      0x5d7 MCAL/EXT_INT/ext_interrupt.o
 .debug_loc     0x00004295      0xfd7 MCAL/TIMER/timer_interface.o
 .debug_loc     0x0000526c     0x14c3 MCAL/TIMER/timer_utilities.o

.debug_macinfo
 *(.debug_macinfo)

.debug_weaknames
 *(.debug_weaknames)

.debug_funcnames
 *(.debug_funcnames)

.debug_typenames
 *(.debug_typenames)

.debug_varnames
 *(.debug_varnames)

.debug_pubtypes
 *(.debug_pubtypes)

.debug_ranges   0x00000000      0x340
 *(.debug_ranges)
 .debug_ranges  0x00000000       0x38 APP/app.o
 .debug_ranges  0x00000038       0x20 HAL/BUTTON/button.o
 .debug_ranges  0x00000058       0x20 HAL/DC_MOTOR/dc_motor.o
 .debug_ranges  0x00000078       0x38 HAL/ICU/icu.o
 .debug_ranges  0x000000b0       0x48 HAL/LCD/lcd.o
 .debug_ranges  0x000000f8       0x20 HAL/LED/led.o
 .debug_ranges  0x00000118       0x28 HAL/PWM/pwm.o
 .debug_ranges  0x00000140       0x58 HAL/TMR_SERVICES/tmr_services.o
 .debug_ranges  0x00000198       0x28 HAL/ULTRSONIC/ultrasonic.o
 .debug_ranges  0x000001c0       0x18 main.o
 .debug_ranges  0x000001d8       0x48 MCAL/DIO/gpio.o
 .debug_ranges  0x00000220       0x50 MCAL/EXT_INT/ext_interrupt.o
 .debug_ranges  0x00000270       0x18 MCAL/GLOBAL_INT/global_int.o
 .debug_ranges  0x00000288       0xa0 MCAL/TIMER/timer_interface.o
 .debug_ranges  0x00000328       0x18 MCAL/TIMER/timer_utilities.o

.debug_macro
 *(.debug_macro)
OUTPUT(car_avoid_project.elf elf32-avr)
LOAD linker stubs
