Archive member included to satisfy reference by file (symbol)

c:/program files (x86)/atmel/studio/7.0/toolchain/avr8/avr8-gnu-toolchain/bin/../lib/gcc/avr/5.4.0/avr5\libgcc.a(_exit.o)
                              C:/Program Files (x86)/Atmel/Studio/7.0/Packs/atmel/ATmega_DFP/1.7.374/gcc/dev/atmega32/avr5/crtatmega32.o (exit)
c:/program files (x86)/atmel/studio/7.0/toolchain/avr8/avr8-gnu-toolchain/bin/../lib/gcc/avr/5.4.0/avr5\libgcc.a(_tablejump2.o)
                              MCAL/TIMER/timer_interface.o (__tablejump2__)
c:/program files (x86)/atmel/studio/7.0/toolchain/avr8/avr8-gnu-toolchain/bin/../lib/gcc/avr/5.4.0/avr5\libgcc.a(_copy_data.o)
                              HAL/ICU/icu.o (__do_copy_data)
c:/program files (x86)/atmel/studio/7.0/toolchain/avr8/avr8-gnu-toolchain/bin/../lib/gcc/avr/5.4.0/avr5\libgcc.a(_clear_bss.o)
                              MCAL/EXT_INT/ext_interrupt.o (__do_clear_bss)
c:/program files (x86)/atmel/studio/7.0/toolchain/avr8/avr8-gnu-toolchain/bin/../lib/gcc/avr/5.4.0/../../../../avr/lib/avr5\libc.a(itoa.o)
                              HAL/LCD/lcd.o (itoa)
c:/program files (x86)/atmel/studio/7.0/toolchain/avr8/avr8-gnu-toolchain/bin/../lib/gcc/avr/5.4.0/../../../../avr/lib/avr5\libc.a(itoa_ncheck.o)
                              c:/program files (x86)/atmel/studio/7.0/toolchain/avr8/avr8-gnu-toolchain/bin/../lib/gcc/avr/5.4.0/../../../../avr/lib/avr5\libc.a(itoa.o) (__itoa_ncheck)
c:/program files (x86)/atmel/studio/7.0/toolchain/avr8/avr8-gnu-toolchain/bin/../lib/gcc/avr/5.4.0/../../../../avr/lib/avr5\libc.a(utoa_ncheck.o)
                              c:/program files (x86)/atmel/studio/7.0/toolchain/avr8/avr8-gnu-toolchain/bin/../lib/gcc/avr/5.4.0/../../../../avr/lib/avr5\libc.a(itoa_ncheck.o) (__utoa_common)
c:/program files (x86)/atmel/studio/7.0/toolchain/avr8/avr8-gnu-toolchain/bin/../lib/gcc/avr/5.4.0/../../../../avr/lib/avr5\libc.a(strrev.o)
                              c:/program files (x86)/atmel/studio/7.0/toolchain/avr8/avr8-gnu-toolchain/bin/../lib/gcc/avr/5.4.0/../../../../avr/lib/avr5\libc.a(utoa_ncheck.o) (strrev)

Discarded input sections

 .data          0x00000000        0x0 C:/Program Files (x86)/Atmel/Studio/7.0/Packs/atmel/ATmega_DFP/1.7.374/gcc/dev/atmega32/avr5/crtatmega32.o
 .bss           0x00000000        0x0 C:/Program Files (x86)/Atmel/Studio/7.0/Packs/atmel/ATmega_DFP/1.7.374/gcc/dev/atmega32/avr5/crtatmega32.o
 .text          0x00000000        0x0 APP/app.o
 .data          0x00000000        0x0 APP/app.o
 .bss           0x00000000        0x0 APP/app.o
 .debug_line    0x00000000        0x0 APP/app.o
 .debug_str     0x00000000      0x12e APP/app.o
 .comment       0x00000000       0x31 APP/app.o
 .text          0x00000000        0x0 HAL/BUTTON/button.o
 .data          0x00000000        0x0 HAL/BUTTON/button.o
 .bss           0x00000000        0x0 HAL/BUTTON/button.o
 .text.button_init
                0x00000000        0x8 HAL/BUTTON/button.o
 .text.button_enable_pullup
                0x00000000        0x8 HAL/BUTTON/button.o
 .text.button_read
                0x00000000       0x42 HAL/BUTTON/button.o
 .debug_info    0x00000000      0x26e HAL/BUTTON/button.o
 .debug_abbrev  0x00000000       0xec HAL/BUTTON/button.o
 .debug_loc     0x00000000      0x214 HAL/BUTTON/button.o
 .debug_aranges
                0x00000000       0x30 HAL/BUTTON/button.o
 .debug_ranges  0x00000000       0x20 HAL/BUTTON/button.o
 .debug_line    0x00000000      0x11b HAL/BUTTON/button.o
 .debug_str     0x00000000      0x2db HAL/BUTTON/button.o
 .comment       0x00000000       0x31 HAL/BUTTON/button.o
 .debug_frame   0x00000000       0x60 HAL/BUTTON/button.o
 .text          0x00000000        0x0 HAL/DC_MOTOR/dc_motor.o
 .data          0x00000000        0x0 HAL/DC_MOTOR/dc_motor.o
 .bss           0x00000000        0x0 HAL/DC_MOTOR/dc_motor.o
 .debug_line    0x00000000        0x0 HAL/DC_MOTOR/dc_motor.o
 .debug_str     0x00000000      0x13c HAL/DC_MOTOR/dc_motor.o
 .comment       0x00000000       0x31 HAL/DC_MOTOR/dc_motor.o
 .text          0x00000000        0x0 HAL/ICU/icu.o
 .data          0x00000000        0x0 HAL/ICU/icu.o
 .bss           0x00000000        0x0 HAL/ICU/icu.o
 .text.Icu_init
                0x00000000       0x6a HAL/ICU/icu.o
 .text.Icu_setCallBack
                0x00000000       0x34 HAL/ICU/icu.o
 .text.Icu_setEdgeDetectionType
                0x00000000       0x30 HAL/ICU/icu.o
 .text.Icu_getTimerValue
                0x00000000       0x18 HAL/ICU/icu.o
 .text.Icu_clearTimerValue
                0x00000000       0x10 HAL/ICU/icu.o
 .text.Icu_DeInit
                0x00000000        0xa HAL/ICU/icu.o
 .data.gl_u8_timer_id
                0x00000000        0x1 HAL/ICU/icu.o
 .data.gl_u8_interrupt_id
                0x00000000        0x1 HAL/ICU/icu.o
 .debug_info    0x00000000      0x4c5 HAL/ICU/icu.o
 .debug_abbrev  0x00000000      0x13b HAL/ICU/icu.o
 .debug_loc     0x00000000      0x319 HAL/ICU/icu.o
 .debug_aranges
                0x00000000       0x48 HAL/ICU/icu.o
 .debug_ranges  0x00000000       0x38 HAL/ICU/icu.o
 .debug_line    0x00000000      0x254 HAL/ICU/icu.o
 .debug_str     0x00000000      0x662 HAL/ICU/icu.o
 .comment       0x00000000       0x31 HAL/ICU/icu.o
 .debug_frame   0x00000000       0x7c HAL/ICU/icu.o
 .text          0x00000000        0x0 HAL/LCD/lcd.o
 .data          0x00000000        0x0 HAL/LCD/lcd.o
 .bss           0x00000000        0x0 HAL/LCD/lcd.o
 .text.LCD_sendCommand
                0x00000000       0xea HAL/LCD/lcd.o
 .text.LCD_init
                0x00000000       0x60 HAL/LCD/lcd.o
 .text.LCD_displayCharacter
                0x00000000       0xea HAL/LCD/lcd.o
 .text.LCD_displayString
                0x00000000       0x26 HAL/LCD/lcd.o
 .text.LCD_moveCursor
                0x00000000       0x26 HAL/LCD/lcd.o
 .text.LCD_displayStringRowColumn
                0x00000000       0x16 HAL/LCD/lcd.o
 .text.LCD_intgerToString
                0x00000000       0x3c HAL/LCD/lcd.o
 .text.LCD_clearScreen
                0x00000000        0x8 HAL/LCD/lcd.o
 .debug_info    0x00000000      0xa01 HAL/LCD/lcd.o
 .debug_abbrev  0x00000000      0x1b3 HAL/LCD/lcd.o
 .debug_loc     0x00000000      0x753 HAL/LCD/lcd.o
 .debug_aranges
                0x00000000       0x58 HAL/LCD/lcd.o
 .debug_ranges  0x00000000       0x48 HAL/LCD/lcd.o
 .debug_line    0x00000000      0x3df HAL/LCD/lcd.o
 .debug_str     0x00000000      0x33b HAL/LCD/lcd.o
 .comment       0x00000000       0x31 HAL/LCD/lcd.o
 .debug_frame   0x00000000       0xf0 HAL/LCD/lcd.o
 .text          0x00000000        0x0 HAL/LED/led.o
 .data          0x00000000        0x0 HAL/LED/led.o
 .bss           0x00000000        0x0 HAL/LED/led.o
 .text.led_init
                0x00000000       0x22 HAL/LED/led.o
 .text.led_write
                0x00000000        0x6 HAL/LED/led.o
 .text.led_toggle
                0x00000000        0x6 HAL/LED/led.o
 .debug_info    0x00000000      0x279 HAL/LED/led.o
 .debug_abbrev  0x00000000       0xd2 HAL/LED/led.o
 .debug_loc     0x00000000      0x194 HAL/LED/led.o
 .debug_aranges
                0x00000000       0x30 HAL/LED/led.o
 .debug_ranges  0x00000000       0x20 HAL/LED/led.o
 .debug_line    0x00000000       0xf4 HAL/LED/led.o
 .debug_str     0x00000000      0x2d9 HAL/LED/led.o
 .comment       0x00000000       0x31 HAL/LED/led.o
 .debug_frame   0x00000000       0x50 HAL/LED/led.o
 .text          0x00000000        0x0 HAL/PWM/pwm.o
 .data          0x00000000        0x0 HAL/PWM/pwm.o
 .bss           0x00000000        0x0 HAL/PWM/pwm.o
 .debug_line    0x00000000        0x0 HAL/PWM/pwm.o
 .debug_str     0x00000000      0x132 HAL/PWM/pwm.o
 .comment       0x00000000       0x31 HAL/PWM/pwm.o
 .text          0x00000000        0x0 HAL/ULTRSONIC/ultrasonic.o
 .data          0x00000000        0x0 HAL/ULTRSONIC/ultrasonic.o
 .bss           0x00000000        0x0 HAL/ULTRSONIC/ultrasonic.o
 .debug_line    0x00000000        0x0 HAL/ULTRSONIC/ultrasonic.o
 .debug_str     0x00000000      0x13f HAL/ULTRSONIC/ultrasonic.o
 .comment       0x00000000       0x31 HAL/ULTRSONIC/ultrasonic.o
 .text          0x00000000        0x0 main.o
 .data          0x00000000        0x0 main.o
 .bss           0x00000000        0x0 main.o
 .text          0x00000000        0x0 MCAL/DIO/gpio.o
 .data          0x00000000        0x0 MCAL/DIO/gpio.o
 .bss           0x00000000        0x0 MCAL/DIO/gpio.o
 .text.DIO_pinMode
                0x00000000      0x10c MCAL/DIO/gpio.o
 .text.DIO_writePin
                0x00000000      0x10c MCAL/DIO/gpio.o
 .text.DIO_readPin
                0x00000000       0xbc MCAL/DIO/gpio.o
 .text.DIO_togglePin
                0x00000000       0x84 MCAL/DIO/gpio.o
 .text.DIO_portMode
                0x00000000       0x40 MCAL/DIO/gpio.o
 .text.DIO_writePort
                0x00000000       0x34 MCAL/DIO/gpio.o
 .text.DIO_readPort
                0x00000000       0x4e MCAL/DIO/gpio.o
 .text.DIO_togglePort
                0x00000000       0x44 MCAL/DIO/gpio.o
 .debug_info    0x00000000      0x3c6 MCAL/DIO/gpio.o
 .debug_abbrev  0x00000000      0x10a MCAL/DIO/gpio.o
 .debug_loc     0x00000000      0x791 MCAL/DIO/gpio.o
 .debug_aranges
                0x00000000       0x58 MCAL/DIO/gpio.o
 .debug_ranges  0x00000000       0x48 MCAL/DIO/gpio.o
 .debug_line    0x00000000      0x506 MCAL/DIO/gpio.o
 .debug_str     0x00000000      0x399 MCAL/DIO/gpio.o
 .comment       0x00000000       0x31 MCAL/DIO/gpio.o
 .debug_frame   0x00000000       0x94 MCAL/DIO/gpio.o
 .text          0x00000000        0x0 MCAL/EXT_INT/ext_interrupt.o
 .data          0x00000000        0x0 MCAL/EXT_INT/ext_interrupt.o
 .bss           0x00000000        0x0 MCAL/EXT_INT/ext_interrupt.o
 .text.Init_external_interrupt
                0x00000000       0x64 MCAL/EXT_INT/ext_interrupt.o
 .text.enable_external_interrupt
                0x00000000       0x36 MCAL/EXT_INT/ext_interrupt.o
 .text.disable_external_interrupt
                0x00000000       0x36 MCAL/EXT_INT/ext_interrupt.o
 .text.interrupt0_set_callback
                0x00000000       0x14 MCAL/EXT_INT/ext_interrupt.o
 .text.interrupt1_set_callback
                0x00000000       0x14 MCAL/EXT_INT/ext_interrupt.o
 .text.interrupt2_set_callback
                0x00000000       0x14 MCAL/EXT_INT/ext_interrupt.o
 .text          0x00000000        0x0 MCAL/GLOBAL_INT/global_int.o
 .data          0x00000000        0x0 MCAL/GLOBAL_INT/global_int.o
 .bss           0x00000000        0x0 MCAL/GLOBAL_INT/global_int.o
 .text.enable_global_interrupt
                0x00000000        0x8 MCAL/GLOBAL_INT/global_int.o
 .text.disable_global_interrupt
                0x00000000        0x8 MCAL/GLOBAL_INT/global_int.o
 .debug_info    0x00000000       0xa7 MCAL/GLOBAL_INT/global_int.o
 .debug_abbrev  0x00000000       0x46 MCAL/GLOBAL_INT/global_int.o
 .debug_aranges
                0x00000000       0x28 MCAL/GLOBAL_INT/global_int.o
 .debug_ranges  0x00000000       0x18 MCAL/GLOBAL_INT/global_int.o
 .debug_line    0x00000000       0x9b MCAL/GLOBAL_INT/global_int.o
 .debug_str     0x00000000      0x1fc MCAL/GLOBAL_INT/global_int.o
 .comment       0x00000000       0x31 MCAL/GLOBAL_INT/global_int.o
 .debug_frame   0x00000000       0x34 MCAL/GLOBAL_INT/global_int.o
 .text          0x00000000        0x0 MCAL/TIMER/timer_interface.o
 .data          0x00000000        0x0 MCAL/TIMER/timer_interface.o
 .bss           0x00000000        0x0 MCAL/TIMER/timer_interface.o
 .text.timer_init
                0x00000000      0x36e MCAL/TIMER/timer_interface.o
 .text.timer_setInitialValue
                0x00000000       0x62 MCAL/TIMER/timer_interface.o
 .text.timer_setCompareValue
                0x00000000       0x62 MCAL/TIMER/timer_interface.o
 .text.timer_setClock
                0x00000000       0x84 MCAL/TIMER/timer_interface.o
 .text.timer_setCallBack
                0x00000000       0x96 MCAL/TIMER/timer_interface.o
 .text.timer_start
                0x00000000      0x17c MCAL/TIMER/timer_interface.o
 .progmem.gcc_sw_table.timer_start
                0x00000000       0x38 MCAL/TIMER/timer_interface.o
 .text.timer_stop
                0x00000000       0x3c MCAL/TIMER/timer_interface.o
 .text.timer_getValue
                0x00000000       0x54 MCAL/TIMER/timer_interface.o
 .text.timer_enableInterrupt
                0x00000000       0x7a MCAL/TIMER/timer_interface.o
 .text.timer_disableInterrupt
                0x00000000       0x7a MCAL/TIMER/timer_interface.o
 .text.timer_getStatus
                0x00000000       0x24 MCAL/TIMER/timer_interface.o
 .text.timer_deInit
                0x00000000       0x5e MCAL/TIMER/timer_interface.o
 .text.timer_flag_notification
                0x00000000       0x9e MCAL/TIMER/timer_interface.o
 .data.gl_enu_tmr_clk
                0x00000000        0x3 MCAL/TIMER/timer_interface.o
 .bss.gl_bo_timer_init_flag
                0x00000000        0x3 MCAL/TIMER/timer_interface.o
 .text          0x00000000        0x0 c:/program files (x86)/atmel/studio/7.0/toolchain/avr8/avr8-gnu-toolchain/bin/../lib/gcc/avr/5.4.0/avr5\libgcc.a(_exit.o)
 .data          0x00000000        0x0 c:/program files (x86)/atmel/studio/7.0/toolchain/avr8/avr8-gnu-toolchain/bin/../lib/gcc/avr/5.4.0/avr5\libgcc.a(_exit.o)
 .bss           0x00000000        0x0 c:/program files (x86)/atmel/studio/7.0/toolchain/avr8/avr8-gnu-toolchain/bin/../lib/gcc/avr/5.4.0/avr5\libgcc.a(_exit.o)
 .text.libgcc.mul
                0x00000000        0x0 c:/program files (x86)/atmel/studio/7.0/toolchain/avr8/avr8-gnu-toolchain/bin/../lib/gcc/avr/5.4.0/avr5\libgcc.a(_exit.o)
 .text.libgcc.div
                0x00000000        0x0 c:/program files (x86)/atmel/studio/7.0/toolchain/avr8/avr8-gnu-toolchain/bin/../lib/gcc/avr/5.4.0/avr5\libgcc.a(_exit.o)
 .text.libgcc   0x00000000        0x0 c:/program files (x86)/atmel/studio/7.0/toolchain/avr8/avr8-gnu-toolchain/bin/../lib/gcc/avr/5.4.0/avr5\libgcc.a(_exit.o)
 .text.libgcc.prologue
                0x00000000        0x0 c:/program files (x86)/atmel/studio/7.0/toolchain/avr8/avr8-gnu-toolchain/bin/../lib/gcc/avr/5.4.0/avr5\libgcc.a(_exit.o)
 .text.libgcc.builtins
                0x00000000        0x0 c:/program files (x86)/atmel/studio/7.0/toolchain/avr8/avr8-gnu-toolchain/bin/../lib/gcc/avr/5.4.0/avr5\libgcc.a(_exit.o)
 .text.libgcc.fmul
                0x00000000        0x0 c:/program files (x86)/atmel/studio/7.0/toolchain/avr8/avr8-gnu-toolchain/bin/../lib/gcc/avr/5.4.0/avr5\libgcc.a(_exit.o)
 .text.libgcc.fixed
                0x00000000        0x0 c:/program files (x86)/atmel/studio/7.0/toolchain/avr8/avr8-gnu-toolchain/bin/../lib/gcc/avr/5.4.0/avr5\libgcc.a(_exit.o)
 .text          0x00000000        0x0 c:/program files (x86)/atmel/studio/7.0/toolchain/avr8/avr8-gnu-toolchain/bin/../lib/gcc/avr/5.4.0/avr5\libgcc.a(_tablejump2.o)
 .data          0x00000000        0x0 c:/program files (x86)/atmel/studio/7.0/toolchain/avr8/avr8-gnu-toolchain/bin/../lib/gcc/avr/5.4.0/avr5\libgcc.a(_tablejump2.o)
 .bss           0x00000000        0x0 c:/program files (x86)/atmel/studio/7.0/toolchain/avr8/avr8-gnu-toolchain/bin/../lib/gcc/avr/5.4.0/avr5\libgcc.a(_tablejump2.o)
 .text.libgcc.mul
                0x00000000        0x0 c:/program files (x86)/atmel/studio/7.0/toolchain/avr8/avr8-gnu-toolchain/bin/../lib/gcc/avr/5.4.0/avr5\libgcc.a(_tablejump2.o)
 .text.libgcc.div
                0x00000000        0x0 c:/program files (x86)/atmel/studio/7.0/toolchain/avr8/avr8-gnu-toolchain/bin/../lib/gcc/avr/5.4.0/avr5\libgcc.a(_tablejump2.o)
 .text.libgcc   0x00000000        0xc c:/program files (x86)/atmel/studio/7.0/toolchain/avr8/avr8-gnu-toolchain/bin/../lib/gcc/avr/5.4.0/avr5\libgcc.a(_tablejump2.o)
 .text.libgcc.prologue
                0x00000000        0x0 c:/program files (x86)/atmel/studio/7.0/toolchain/avr8/avr8-gnu-toolchain/bin/../lib/gcc/avr/5.4.0/avr5\libgcc.a(_tablejump2.o)
 .text.libgcc.builtins
                0x00000000        0x0 c:/program files (x86)/atmel/studio/7.0/toolchain/avr8/avr8-gnu-toolchain/bin/../lib/gcc/avr/5.4.0/avr5\libgcc.a(_tablejump2.o)
 .text.libgcc.fmul
                0x00000000        0x0 c:/program files (x86)/atmel/studio/7.0/toolchain/avr8/avr8-gnu-toolchain/bin/../lib/gcc/avr/5.4.0/avr5\libgcc.a(_tablejump2.o)
 .text.libgcc.fixed
                0x00000000        0x0 c:/program files (x86)/atmel/studio/7.0/toolchain/avr8/avr8-gnu-toolchain/bin/../lib/gcc/avr/5.4.0/avr5\libgcc.a(_tablejump2.o)
 .text          0x00000000        0x0 c:/program files (x86)/atmel/studio/7.0/toolchain/avr8/avr8-gnu-toolchain/bin/../lib/gcc/avr/5.4.0/avr5\libgcc.a(_copy_data.o)
 .data          0x00000000        0x0 c:/program files (x86)/atmel/studio/7.0/toolchain/avr8/avr8-gnu-toolchain/bin/../lib/gcc/avr/5.4.0/avr5\libgcc.a(_copy_data.o)
 .bss           0x00000000        0x0 c:/program files (x86)/atmel/studio/7.0/toolchain/avr8/avr8-gnu-toolchain/bin/../lib/gcc/avr/5.4.0/avr5\libgcc.a(_copy_data.o)
 .text.libgcc.mul
                0x00000000        0x0 c:/program files (x86)/atmel/studio/7.0/toolchain/avr8/avr8-gnu-toolchain/bin/../lib/gcc/avr/5.4.0/avr5\libgcc.a(_copy_data.o)
 .text.libgcc.div
                0x00000000        0x0 c:/program files (x86)/atmel/studio/7.0/toolchain/avr8/avr8-gnu-toolchain/bin/../lib/gcc/avr/5.4.0/avr5\libgcc.a(_copy_data.o)
 .text.libgcc   0x00000000        0x0 c:/program files (x86)/atmel/studio/7.0/toolchain/avr8/avr8-gnu-toolchain/bin/../lib/gcc/avr/5.4.0/avr5\libgcc.a(_copy_data.o)
 .text.libgcc.prologue
                0x00000000        0x0 c:/program files (x86)/atmel/studio/7.0/toolchain/avr8/avr8-gnu-toolchain/bin/../lib/gcc/avr/5.4.0/avr5\libgcc.a(_copy_data.o)
 .text.libgcc.builtins
                0x00000000        0x0 c:/program files (x86)/atmel/studio/7.0/toolchain/avr8/avr8-gnu-toolchain/bin/../lib/gcc/avr/5.4.0/avr5\libgcc.a(_copy_data.o)
 .text.libgcc.fmul
                0x00000000        0x0 c:/program files (x86)/atmel/studio/7.0/toolchain/avr8/avr8-gnu-toolchain/bin/../lib/gcc/avr/5.4.0/avr5\libgcc.a(_copy_data.o)
 .text.libgcc.fixed
                0x00000000        0x0 c:/program files (x86)/atmel/studio/7.0/toolchain/avr8/avr8-gnu-toolchain/bin/../lib/gcc/avr/5.4.0/avr5\libgcc.a(_copy_data.o)
 .text          0x00000000        0x0 c:/program files (x86)/atmel/studio/7.0/toolchain/avr8/avr8-gnu-toolchain/bin/../lib/gcc/avr/5.4.0/avr5\libgcc.a(_clear_bss.o)
 .data          0x00000000        0x0 c:/program files (x86)/atmel/studio/7.0/toolchain/avr8/avr8-gnu-toolchain/bin/../lib/gcc/avr/5.4.0/avr5\libgcc.a(_clear_bss.o)
 .bss           0x00000000        0x0 c:/program files (x86)/atmel/studio/7.0/toolchain/avr8/avr8-gnu-toolchain/bin/../lib/gcc/avr/5.4.0/avr5\libgcc.a(_clear_bss.o)
 .text.libgcc.mul
                0x00000000        0x0 c:/program files (x86)/atmel/studio/7.0/toolchain/avr8/avr8-gnu-toolchain/bin/../lib/gcc/avr/5.4.0/avr5\libgcc.a(_clear_bss.o)
 .text.libgcc.div
                0x00000000        0x0 c:/program files (x86)/atmel/studio/7.0/toolchain/avr8/avr8-gnu-toolchain/bin/../lib/gcc/avr/5.4.0/avr5\libgcc.a(_clear_bss.o)
 .text.libgcc   0x00000000        0x0 c:/program files (x86)/atmel/studio/7.0/toolchain/avr8/avr8-gnu-toolchain/bin/../lib/gcc/avr/5.4.0/avr5\libgcc.a(_clear_bss.o)
 .text.libgcc.prologue
                0x00000000        0x0 c:/program files (x86)/atmel/studio/7.0/toolchain/avr8/avr8-gnu-toolchain/bin/../lib/gcc/avr/5.4.0/avr5\libgcc.a(_clear_bss.o)
 .text.libgcc.builtins
                0x00000000        0x0 c:/program files (x86)/atmel/studio/7.0/toolchain/avr8/avr8-gnu-toolchain/bin/../lib/gcc/avr/5.4.0/avr5\libgcc.a(_clear_bss.o)
 .text.libgcc.fmul
                0x00000000        0x0 c:/program files (x86)/atmel/studio/7.0/toolchain/avr8/avr8-gnu-toolchain/bin/../lib/gcc/avr/5.4.0/avr5\libgcc.a(_clear_bss.o)
 .text.libgcc.fixed
                0x00000000        0x0 c:/program files (x86)/atmel/studio/7.0/toolchain/avr8/avr8-gnu-toolchain/bin/../lib/gcc/avr/5.4.0/avr5\libgcc.a(_clear_bss.o)
 .text          0x00000000        0x0 c:/program files (x86)/atmel/studio/7.0/toolchain/avr8/avr8-gnu-toolchain/bin/../lib/gcc/avr/5.4.0/../../../../avr/lib/avr5\libc.a(itoa.o)
 .data          0x00000000        0x0 c:/program files (x86)/atmel/studio/7.0/toolchain/avr8/avr8-gnu-toolchain/bin/../lib/gcc/avr/5.4.0/../../../../avr/lib/avr5\libc.a(itoa.o)
 .bss           0x00000000        0x0 c:/program files (x86)/atmel/studio/7.0/toolchain/avr8/avr8-gnu-toolchain/bin/../lib/gcc/avr/5.4.0/../../../../avr/lib/avr5\libc.a(itoa.o)
 .text.avr-libc
                0x00000000       0x16 c:/program files (x86)/atmel/studio/7.0/toolchain/avr8/avr8-gnu-toolchain/bin/../lib/gcc/avr/5.4.0/../../../../avr/lib/avr5\libc.a(itoa.o)
 .text          0x00000000        0x0 c:/program files (x86)/atmel/studio/7.0/toolchain/avr8/avr8-gnu-toolchain/bin/../lib/gcc/avr/5.4.0/../../../../avr/lib/avr5\libc.a(itoa_ncheck.o)
 .data          0x00000000        0x0 c:/program files (x86)/atmel/studio/7.0/toolchain/avr8/avr8-gnu-toolchain/bin/../lib/gcc/avr/5.4.0/../../../../avr/lib/avr5\libc.a(itoa_ncheck.o)
 .bss           0x00000000        0x0 c:/program files (x86)/atmel/studio/7.0/toolchain/avr8/avr8-gnu-toolchain/bin/../lib/gcc/avr/5.4.0/../../../../avr/lib/avr5\libc.a(itoa_ncheck.o)
 .text.avr-libc
                0x00000000       0x16 c:/program files (x86)/atmel/studio/7.0/toolchain/avr8/avr8-gnu-toolchain/bin/../lib/gcc/avr/5.4.0/../../../../avr/lib/avr5\libc.a(itoa_ncheck.o)
 .text          0x00000000        0x0 c:/program files (x86)/atmel/studio/7.0/toolchain/avr8/avr8-gnu-toolchain/bin/../lib/gcc/avr/5.4.0/../../../../avr/lib/avr5\libc.a(utoa_ncheck.o)
 .data          0x00000000        0x0 c:/program files (x86)/atmel/studio/7.0/toolchain/avr8/avr8-gnu-toolchain/bin/../lib/gcc/avr/5.4.0/../../../../avr/lib/avr5\libc.a(utoa_ncheck.o)
 .bss           0x00000000        0x0 c:/program files (x86)/atmel/studio/7.0/toolchain/avr8/avr8-gnu-toolchain/bin/../lib/gcc/avr/5.4.0/../../../../avr/lib/avr5\libc.a(utoa_ncheck.o)
 .text.avr-libc
                0x00000000       0x34 c:/program files (x86)/atmel/studio/7.0/toolchain/avr8/avr8-gnu-toolchain/bin/../lib/gcc/avr/5.4.0/../../../../avr/lib/avr5\libc.a(utoa_ncheck.o)
 .text          0x00000000        0x0 c:/program files (x86)/atmel/studio/7.0/toolchain/avr8/avr8-gnu-toolchain/bin/../lib/gcc/avr/5.4.0/../../../../avr/lib/avr5\libc.a(strrev.o)
 .data          0x00000000        0x0 c:/program files (x86)/atmel/studio/7.0/toolchain/avr8/avr8-gnu-toolchain/bin/../lib/gcc/avr/5.4.0/../../../../avr/lib/avr5\libc.a(strrev.o)
 .bss           0x00000000        0x0 c:/program files (x86)/atmel/studio/7.0/toolchain/avr8/avr8-gnu-toolchain/bin/../lib/gcc/avr/5.4.0/../../../../avr/lib/avr5\libc.a(strrev.o)
 .text.avr-libc
                0x00000000       0x20 c:/program files (x86)/atmel/studio/7.0/toolchain/avr8/avr8-gnu-toolchain/bin/../lib/gcc/avr/5.4.0/../../../../avr/lib/avr5\libc.a(strrev.o)

Memory Configuration

Name             Origin             Length             Attributes
text             0x00000000         0x00008000         xr
data             0x00800060         0x00000800         rw !x
eeprom           0x00810000         0x00000400         rw !x
fuse             0x00820000         0x00000002         rw !x
lock             0x00830000         0x00000400         rw !x
signature        0x00840000         0x00000400         rw !x
user_signatures  0x00850000         0x00000400         rw !x
*default*        0x00000000         0xffffffff

Linker script and memory map

LOAD C:/Program Files (x86)/Atmel/Studio/7.0/Packs/atmel/ATmega_DFP/1.7.374/gcc/dev/atmega32/avr5/crtatmega32.o
LOAD APP/app.o
LOAD HAL/BUTTON/button.o
LOAD HAL/DC_MOTOR/dc_motor.o
LOAD HAL/ICU/icu.o
LOAD HAL/LCD/lcd.o
LOAD HAL/LED/led.o
LOAD HAL/PWM/pwm.o
LOAD HAL/ULTRSONIC/ultrasonic.o
LOAD main.o
LOAD MCAL/DIO/gpio.o
LOAD MCAL/EXT_INT/ext_interrupt.o
LOAD MCAL/GLOBAL_INT/global_int.o
LOAD MCAL/TIMER/timer_interface.o
START GROUP
LOAD c:/program files (x86)/atmel/studio/7.0/toolchain/avr8/avr8-gnu-toolchain/bin/../lib/gcc/avr/5.4.0/../../../../avr/lib/avr5\libm.a
END GROUP
START GROUP
LOAD c:/program files (x86)/atmel/studio/7.0/toolchain/avr8/avr8-gnu-toolchain/bin/../lib/gcc/avr/5.4.0/avr5\libgcc.a
LOAD c:/program files (x86)/atmel/studio/7.0/toolchain/avr8/avr8-gnu-toolchain/bin/../lib/gcc/avr/5.4.0/../../../../avr/lib/avr5\libm.a
LOAD c:/program files (x86)/atmel/studio/7.0/toolchain/avr8/avr8-gnu-toolchain/bin/../lib/gcc/avr/5.4.0/../../../../avr/lib/avr5\libc.a
LOAD C:/Program Files (x86)/Atmel/Studio/7.0/Packs/atmel/ATmega_DFP/1.7.374/gcc/dev/atmega32/avr5\libatmega32.a
END GROUP
                0x00000000                __TEXT_REGION_ORIGIN__ = DEFINED (__TEXT_REGION_ORIGIN__)?__TEXT_REGION_ORIGIN__:0x0
                [0x00800060]                __DATA_REGION_ORIGIN__ = DEFINED (__DATA_REGION_ORIGIN__)?__DATA_REGION_ORIGIN__:0x800060
                [0x00008000]                __TEXT_REGION_LENGTH__ = DEFINED (__TEXT_REGION_LENGTH__)?__TEXT_REGION_LENGTH__:0x20000
                [0x00000800]                __DATA_REGION_LENGTH__ = DEFINED (__DATA_REGION_LENGTH__)?__DATA_REGION_LENGTH__:0xffa0
                [0x00000400]                __EEPROM_REGION_LENGTH__ = DEFINED (__EEPROM_REGION_LENGTH__)?__EEPROM_REGION_LENGTH__:0x10000
                [0x00000002]                __FUSE_REGION_LENGTH__ = DEFINED (__FUSE_REGION_LENGTH__)?__FUSE_REGION_LENGTH__:0x400
                0x00000400                __LOCK_REGION_LENGTH__ = DEFINED (__LOCK_REGION_LENGTH__)?__LOCK_REGION_LENGTH__:0x400
                0x00000400                __SIGNATURE_REGION_LENGTH__ = DEFINED (__SIGNATURE_REGION_LENGTH__)?__SIGNATURE_REGION_LENGTH__:0x400
                0x00000400                __USER_SIGNATURE_REGION_LENGTH__ = DEFINED (__USER_SIGNATURE_REGION_LENGTH__)?__USER_SIGNATURE_REGION_LENGTH__:0x400

.hash
 *(.hash)

.dynsym
 *(.dynsym)

.dynstr
 *(.dynstr)

.gnu.version
 *(.gnu.version)

.gnu.version_d
 *(.gnu.version_d)

.gnu.version_r
 *(.gnu.version_r)

.rel.init
 *(.rel.init)

.rela.init
 *(.rela.init)

.rel.text
 *(.rel.text)
 *(.rel.text.*)
 *(.rel.gnu.linkonce.t*)

.rela.text
 *(.rela.text)
 *(.rela.text.*)
 *(.rela.gnu.linkonce.t*)

.rel.fini
 *(.rel.fini)

.rela.fini
 *(.rela.fini)

.rel.rodata
 *(.rel.rodata)
 *(.rel.rodata.*)
 *(.rel.gnu.linkonce.r*)

.rela.rodata
 *(.rela.rodata)
 *(.rela.rodata.*)
 *(.rela.gnu.linkonce.r*)

.rel.data
 *(.rel.data)
 *(.rel.data.*)
 *(.rel.gnu.linkonce.d*)

.rela.data
 *(.rela.data)
 *(.rela.data.*)
 *(.rela.gnu.linkonce.d*)

.rel.ctors
 *(.rel.ctors)

.rela.ctors
 *(.rela.ctors)

.rel.dtors
 *(.rel.dtors)

.rela.dtors
 *(.rela.dtors)

.rel.got
 *(.rel.got)

.rela.got
 *(.rela.got)

.rel.bss
 *(.rel.bss)

.rela.bss
 *(.rela.bss)

.rel.plt
 *(.rel.plt)

.rela.plt
 *(.rela.plt)

.text           0x00000000      0x37a
 *(.vectors)
 .vectors       0x00000000       0x54 C:/Program Files (x86)/Atmel/Studio/7.0/Packs/atmel/ATmega_DFP/1.7.374/gcc/dev/atmega32/avr5/crtatmega32.o
                0x00000000                __vector_default
                0x00000000                __vectors
 *(.vectors)
 *(.progmem.gcc*)
                0x00000054                . = ALIGN (0x2)
                0x00000054                __trampolines_start = .
 *(.trampolines)
 .trampolines   0x00000054        0x0 linker stubs
 *(.trampolines*)
                0x00000054                __trampolines_end = .
 *libprintf_flt.a:*(.progmem.data)
 *libc.a:*(.progmem.data)
 *(.progmem*)
                0x00000054                . = ALIGN (0x2)
 *(.jumptables)
 *(.jumptables*)
 *(.lowtext)
 *(.lowtext*)
                0x00000054                __ctors_start = .
 *(.ctors)
                0x00000054                __ctors_end = .
                0x00000054                __dtors_start = .
 *(.dtors)
                0x00000054                __dtors_end = .
 SORT(*)(.ctors)
 SORT(*)(.dtors)
 *(.init0)
 .init0         0x00000054        0x0 C:/Program Files (x86)/Atmel/Studio/7.0/Packs/atmel/ATmega_DFP/1.7.374/gcc/dev/atmega32/avr5/crtatmega32.o
                0x00000054                __init
 *(.init0)
 *(.init1)
 *(.init1)
 *(.init2)
 .init2         0x00000054        0xc C:/Program Files (x86)/Atmel/Studio/7.0/Packs/atmel/ATmega_DFP/1.7.374/gcc/dev/atmega32/avr5/crtatmega32.o
 *(.init2)
 *(.init3)
 *(.init3)
 *(.init4)
 .init4         0x00000060       0x16 c:/program files (x86)/atmel/studio/7.0/toolchain/avr8/avr8-gnu-toolchain/bin/../lib/gcc/avr/5.4.0/avr5\libgcc.a(_copy_data.o)
                0x00000060                __do_copy_data
 .init4         0x00000076       0x10 c:/program files (x86)/atmel/studio/7.0/toolchain/avr8/avr8-gnu-toolchain/bin/../lib/gcc/avr/5.4.0/avr5\libgcc.a(_clear_bss.o)
                0x00000076                __do_clear_bss
 *(.init4)
 *(.init5)
 *(.init5)
 *(.init6)
 *(.init6)
 *(.init7)
 *(.init7)
 *(.init8)
 *(.init8)
 *(.init9)
 .init9         0x00000086        0x8 C:/Program Files (x86)/Atmel/Studio/7.0/Packs/atmel/ATmega_DFP/1.7.374/gcc/dev/atmega32/avr5/crtatmega32.o
 *(.init9)
 *(.text)
 .text          0x0000008e        0x4 C:/Program Files (x86)/Atmel/Studio/7.0/Packs/atmel/ATmega_DFP/1.7.374/gcc/dev/atmega32/avr5/crtatmega32.o
                0x0000008e                __vector_12
                0x0000008e                __bad_interrupt
                0x0000008e                __vector_6
                0x0000008e                __vector_13
                0x0000008e                __vector_17
                0x0000008e                __vector_19
                0x0000008e                __vector_15
                0x0000008e                __vector_8
                0x0000008e                __vector_14
                0x0000008e                __vector_16
                0x0000008e                __vector_18
                0x0000008e                __vector_20
                0x00000092                . = ALIGN (0x2)
 *(.text.*)
 .text.main     0x00000092        0x2 main.o
                0x00000092                main
 .text.__vector_1
                0x00000094       0x52 MCAL/EXT_INT/ext_interrupt.o
                0x00000094                __vector_1
 .text.__vector_2
                0x000000e6       0x52 MCAL/EXT_INT/ext_interrupt.o
                0x000000e6                __vector_2
 .text.__vector_3
                0x00000138       0x52 MCAL/EXT_INT/ext_interrupt.o
                0x00000138                __vector_3
 .text.__vector_11
                0x0000018a       0x52 MCAL/TIMER/timer_interface.o
                0x0000018a                __vector_11
 .text.__vector_9
                0x000001dc       0x52 MCAL/TIMER/timer_interface.o
                0x000001dc                __vector_9
 .text.__vector_5
                0x0000022e       0x52 MCAL/TIMER/timer_interface.o
                0x0000022e                __vector_5
 .text.__vector_10
                0x00000280       0x52 MCAL/TIMER/timer_interface.o
                0x00000280                __vector_10
 .text.__vector_7
                0x000002d2       0x52 MCAL/TIMER/timer_interface.o
                0x000002d2                __vector_7
 .text.__vector_4
                0x00000324       0x52 MCAL/TIMER/timer_interface.o
                0x00000324                __vector_4
                0x00000376                . = ALIGN (0x2)
 *(.fini9)
 .fini9         0x00000376        0x0 c:/program files (x86)/atmel/studio/7.0/toolchain/avr8/avr8-gnu-toolchain/bin/../lib/gcc/avr/5.4.0/avr5\libgcc.a(_exit.o)
                0x00000376                _exit
                0x00000376                exit
 *(.fini9)
 *(.fini8)
 *(.fini8)
 *(.fini7)
 *(.fini7)
 *(.fini6)
 *(.fini6)
 *(.fini5)
 *(.fini5)
 *(.fini4)
 *(.fini4)
 *(.fini3)
 *(.fini3)
 *(.fini2)
 *(.fini2)
 *(.fini1)
 *(.fini1)
 *(.fini0)
 .fini0         0x00000376        0x4 c:/program files (x86)/atmel/studio/7.0/toolchain/avr8/avr8-gnu-toolchain/bin/../lib/gcc/avr/5.4.0/avr5\libgcc.a(_exit.o)
 *(.fini0)
                0x0000037a                _etext = .

.data           0x00800060        0x0 load address 0x0000037a
                0x00800060                PROVIDE (__data_start, .)
 *(.data)
 *(.data*)
 *(.gnu.linkonce.d*)
 *(.rodata)
 *(.rodata*)
 *(.gnu.linkonce.r*)
                0x00800060                . = ALIGN (0x2)
                0x00800060                _edata = .
                0x00800060                PROVIDE (__data_end, .)

.bss            0x00800060       0x12
                0x00800060                PROVIDE (__bss_start, .)
 *(.bss)
 *(.bss*)
 .bss.gl_callbackptr_2
                0x00800060        0x2 MCAL/EXT_INT/ext_interrupt.o
 .bss.gl_callbackptr_1
                0x00800062        0x2 MCAL/EXT_INT/ext_interrupt.o
 .bss.gl_callbackptr_0
                0x00800064        0x2 MCAL/EXT_INT/ext_interrupt.o
 .bss.gl_callBackPtr_timer2_COMP
                0x00800066        0x2 MCAL/TIMER/timer_interface.o
 .bss.gl_callBackPtr_timer1_COMP
                0x00800068        0x2 MCAL/TIMER/timer_interface.o
 .bss.gl_callBackPtr_timer0_COMP
                0x0080006a        0x2 MCAL/TIMER/timer_interface.o
 .bss.gl_callBackPtr_timer2_OVF
                0x0080006c        0x2 MCAL/TIMER/timer_interface.o
 .bss.gl_callBackPtr_timer1_OVF
                0x0080006e        0x2 MCAL/TIMER/timer_interface.o
 .bss.gl_callBackPtr_timer0_OVF
                0x00800070        0x2 MCAL/TIMER/timer_interface.o
 *(COMMON)
                0x00800072                PROVIDE (__bss_end, .)
                0x0000037a                __data_load_start = LOADADDR (.data)
                0x0000037a                __data_load_end = (__data_load_start + SIZEOF (.data))

.noinit         0x00800072        0x0
                [!provide]                PROVIDE (__noinit_start, .)
 *(.noinit*)
                [!provide]                PROVIDE (__noinit_end, .)
                0x00800072                _end = .
                [!provide]                PROVIDE (__heap_start, .)

.eeprom         0x00810000        0x0
 *(.eeprom*)
                0x00810000                __eeprom_end = .

.fuse
 *(.fuse)
 *(.lfuse)
 *(.hfuse)
 *(.efuse)

.lock
 *(.lock*)

.signature
 *(.signature*)

.user_signatures
 *(.user_signatures*)

.stab
 *(.stab)

.stabstr
 *(.stabstr)

.stab.excl
 *(.stab.excl)

.stab.exclstr
 *(.stab.exclstr)

.stab.index
 *(.stab.index)

.stab.indexstr
 *(.stab.indexstr)

.comment        0x00000000       0x30
 *(.comment)
 .comment       0x00000000       0x30 main.o
                                 0x31 (size before relaxing)
 .comment       0x00000030       0x31 MCAL/EXT_INT/ext_interrupt.o
 .comment       0x00000030       0x31 MCAL/TIMER/timer_interface.o

.note.gnu.avr.deviceinfo
                0x00000000       0x3c
 .note.gnu.avr.deviceinfo
                0x00000000       0x3c C:/Program Files (x86)/Atmel/Studio/7.0/Packs/atmel/ATmega_DFP/1.7.374/gcc/dev/atmega32/avr5/crtatmega32.o

.note.gnu.build-id
 *(.note.gnu.build-id)

.debug
 *(.debug)

.line
 *(.line)

.debug_srcinfo
 *(.debug_srcinfo)

.debug_sfnames
 *(.debug_sfnames)

.debug_aranges  0x00000000      0x130
 *(.debug_aranges)
 .debug_aranges
                0x00000000       0x20 main.o
 .debug_aranges
                0x00000020       0x60 MCAL/EXT_INT/ext_interrupt.o
 .debug_aranges
                0x00000080       0xb0 MCAL/TIMER/timer_interface.o

.debug_pubnames
 *(.debug_pubnames)

.debug_info     0x00000000     0x1018
 *(.debug_info .gnu.linkonce.wi.*)
 .debug_info    0x00000000      0x4e6 C:/Program Files (x86)/Atmel/Studio/7.0/Packs/atmel/ATmega_DFP/1.7.374/gcc/dev/atmega32/avr5/crtatmega32.o
 .debug_info    0x000004e6       0x4c main.o
 .debug_info    0x00000532      0x319 MCAL/EXT_INT/ext_interrupt.o
 .debug_info    0x0000084b      0x7cd MCAL/TIMER/timer_interface.o

.debug_abbrev   0x00000000      0x6d5
 *(.debug_abbrev)
 .debug_abbrev  0x00000000      0x4a3 C:/Program Files (x86)/Atmel/Studio/7.0/Packs/atmel/ATmega_DFP/1.7.374/gcc/dev/atmega32/avr5/crtatmega32.o
 .debug_abbrev  0x000004a3       0x3e main.o
 .debug_abbrev  0x000004e1       0xb7 MCAL/EXT_INT/ext_interrupt.o
 .debug_abbrev  0x00000598      0x13d MCAL/TIMER/timer_interface.o

.debug_line     0x00000000     0x1158
 *(.debug_line .debug_line.* .debug_line_end)
 .debug_line    0x00000000      0x116 C:/Program Files (x86)/Atmel/Studio/7.0/Packs/atmel/ATmega_DFP/1.7.374/gcc/dev/atmega32/avr5/crtatmega32.o
 .debug_line    0x00000116       0x39 main.o
 .debug_line    0x0000014f      0x2a9 MCAL/EXT_INT/ext_interrupt.o
 .debug_line    0x000003f8      0xd60 MCAL/TIMER/timer_interface.o

.debug_frame    0x00000000      0x494
 *(.debug_frame)
 .debug_frame   0x00000000       0x24 main.o
 .debug_frame   0x00000024      0x17c MCAL/EXT_INT/ext_interrupt.o
 .debug_frame   0x000001a0      0x2f4 MCAL/TIMER/timer_interface.o

.debug_str      0x00000000      0xbab
 *(.debug_str)
 .debug_str     0x00000000      0x196 C:/Program Files (x86)/Atmel/Studio/7.0/Packs/atmel/ATmega_DFP/1.7.374/gcc/dev/atmega32/avr5/crtatmega32.o
 .debug_str     0x00000196      0x132 main.o
 .debug_str     0x000002c8      0x2c0 MCAL/EXT_INT/ext_interrupt.o
                                0x408 (size before relaxing)
 .debug_str     0x00000588      0x623 MCAL/TIMER/timer_interface.o
                                0x7e0 (size before relaxing)

.debug_loc      0x00000000     0x1531
 *(.debug_loc)
 .debug_loc     0x00000000      0x5d7 MCAL/EXT_INT/ext_interrupt.o
 .debug_loc     0x000005d7      0xf5a MCAL/TIMER/timer_interface.o

.debug_macinfo
 *(.debug_macinfo)

.debug_weaknames
 *(.debug_weaknames)

.debug_funcnames
 *(.debug_funcnames)

.debug_typenames
 *(.debug_typenames)

.debug_varnames
 *(.debug_varnames)

.debug_pubtypes
 *(.debug_pubtypes)

.debug_ranges   0x00000000      0x100
 *(.debug_ranges)
 .debug_ranges  0x00000000       0x10 main.o
 .debug_ranges  0x00000010       0x50 MCAL/EXT_INT/ext_interrupt.o
 .debug_ranges  0x00000060       0xa0 MCAL/TIMER/timer_interface.o

.debug_macro
 *(.debug_macro)
OUTPUT(car_avoid_project.elf elf32-avr)
LOAD linker stubs
