Archive member included to satisfy reference by file (symbol)

c:/program files (x86)/atmel/studio/7.0/toolchain/avr8/avr8-gnu-toolchain/bin/../lib/gcc/avr/5.4.0/../../../../avr/lib/avr5\libm.a(addsf3.o)
                              HAL/TMR_SERVICES/tmr_services.o (__subsf3)
c:/program files (x86)/atmel/studio/7.0/toolchain/avr8/avr8-gnu-toolchain/bin/../lib/gcc/avr/5.4.0/../../../../avr/lib/avr5\libm.a(addsf3x.o)
                              c:/program files (x86)/atmel/studio/7.0/toolchain/avr8/avr8-gnu-toolchain/bin/../lib/gcc/avr/5.4.0/../../../../avr/lib/avr5\libm.a(addsf3.o) (__addsf3x)
c:/program files (x86)/atmel/studio/7.0/toolchain/avr8/avr8-gnu-toolchain/bin/../lib/gcc/avr/5.4.0/../../../../avr/lib/avr5\libm.a(cmpsf2.o)
                              MCAL/TIMER/timer_utilities.o (__lesf2)
c:/program files (x86)/atmel/studio/7.0/toolchain/avr8/avr8-gnu-toolchain/bin/../lib/gcc/avr/5.4.0/../../../../avr/lib/avr5\libm.a(divsf3.o)
                              HAL/TMR_SERVICES/tmr_services.o (__divsf3)
c:/program files (x86)/atmel/studio/7.0/toolchain/avr8/avr8-gnu-toolchain/bin/../lib/gcc/avr/5.4.0/../../../../avr/lib/avr5\libm.a(divsf3x.o)
                              c:/program files (x86)/atmel/studio/7.0/toolchain/avr8/avr8-gnu-toolchain/bin/../lib/gcc/avr/5.4.0/../../../../avr/lib/avr5\libm.a(divsf3.o) (__divsf3x)
c:/program files (x86)/atmel/studio/7.0/toolchain/avr8/avr8-gnu-toolchain/bin/../lib/gcc/avr/5.4.0/../../../../avr/lib/avr5\libm.a(fixunssfsi.o)
                              HAL/TMR_SERVICES/tmr_services.o (__fixunssfsi)
c:/program files (x86)/atmel/studio/7.0/toolchain/avr8/avr8-gnu-toolchain/bin/../lib/gcc/avr/5.4.0/../../../../avr/lib/avr5\libm.a(floatsisf.o)
                              HAL/TMR_SERVICES/tmr_services.o (__floatunsisf)
c:/program files (x86)/atmel/studio/7.0/toolchain/avr8/avr8-gnu-toolchain/bin/../lib/gcc/avr/5.4.0/../../../../avr/lib/avr5\libm.a(fp_cmp.o)
                              c:/program files (x86)/atmel/studio/7.0/toolchain/avr8/avr8-gnu-toolchain/bin/../lib/gcc/avr/5.4.0/../../../../avr/lib/avr5\libm.a(cmpsf2.o) (__fp_cmp)
c:/program files (x86)/atmel/studio/7.0/toolchain/avr8/avr8-gnu-toolchain/bin/../lib/gcc/avr/5.4.0/../../../../avr/lib/avr5\libm.a(fp_inf.o)
                              c:/program files (x86)/atmel/studio/7.0/toolchain/avr8/avr8-gnu-toolchain/bin/../lib/gcc/avr/5.4.0/../../../../avr/lib/avr5\libm.a(addsf3x.o) (__fp_inf)
c:/program files (x86)/atmel/studio/7.0/toolchain/avr8/avr8-gnu-toolchain/bin/../lib/gcc/avr/5.4.0/../../../../avr/lib/avr5\libm.a(fp_nan.o)
                              c:/program files (x86)/atmel/studio/7.0/toolchain/avr8/avr8-gnu-toolchain/bin/../lib/gcc/avr/5.4.0/../../../../avr/lib/avr5\libm.a(addsf3x.o) (__fp_nan)
c:/program files (x86)/atmel/studio/7.0/toolchain/avr8/avr8-gnu-toolchain/bin/../lib/gcc/avr/5.4.0/../../../../avr/lib/avr5\libm.a(fp_pscA.o)
                              c:/program files (x86)/atmel/studio/7.0/toolchain/avr8/avr8-gnu-toolchain/bin/../lib/gcc/avr/5.4.0/../../../../avr/lib/avr5\libm.a(addsf3x.o) (__fp_pscA)
c:/program files (x86)/atmel/studio/7.0/toolchain/avr8/avr8-gnu-toolchain/bin/../lib/gcc/avr/5.4.0/../../../../avr/lib/avr5\libm.a(fp_pscB.o)
                              c:/program files (x86)/atmel/studio/7.0/toolchain/avr8/avr8-gnu-toolchain/bin/../lib/gcc/avr/5.4.0/../../../../avr/lib/avr5\libm.a(addsf3x.o) (__fp_pscB)
c:/program files (x86)/atmel/studio/7.0/toolchain/avr8/avr8-gnu-toolchain/bin/../lib/gcc/avr/5.4.0/../../../../avr/lib/avr5\libm.a(fp_round.o)
                              c:/program files (x86)/atmel/studio/7.0/toolchain/avr8/avr8-gnu-toolchain/bin/../lib/gcc/avr/5.4.0/../../../../avr/lib/avr5\libm.a(addsf3.o) (__fp_round)
c:/program files (x86)/atmel/studio/7.0/toolchain/avr8/avr8-gnu-toolchain/bin/../lib/gcc/avr/5.4.0/../../../../avr/lib/avr5\libm.a(fp_split3.o)
                              c:/program files (x86)/atmel/studio/7.0/toolchain/avr8/avr8-gnu-toolchain/bin/../lib/gcc/avr/5.4.0/../../../../avr/lib/avr5\libm.a(addsf3x.o) (__fp_split3)
c:/program files (x86)/atmel/studio/7.0/toolchain/avr8/avr8-gnu-toolchain/bin/../lib/gcc/avr/5.4.0/../../../../avr/lib/avr5\libm.a(fp_zero.o)
                              c:/program files (x86)/atmel/studio/7.0/toolchain/avr8/avr8-gnu-toolchain/bin/../lib/gcc/avr/5.4.0/../../../../avr/lib/avr5\libm.a(addsf3x.o) (__fp_zero)
c:/program files (x86)/atmel/studio/7.0/toolchain/avr8/avr8-gnu-toolchain/bin/../lib/gcc/avr/5.4.0/../../../../avr/lib/avr5\libm.a(gesf2.o)
                              HAL/TMR_SERVICES/tmr_services.o (__gtsf2)
c:/program files (x86)/atmel/studio/7.0/toolchain/avr8/avr8-gnu-toolchain/bin/../lib/gcc/avr/5.4.0/../../../../avr/lib/avr5\libm.a(mulsf3.o)
                              HAL/TMR_SERVICES/tmr_services.o (__mulsf3)
c:/program files (x86)/atmel/studio/7.0/toolchain/avr8/avr8-gnu-toolchain/bin/../lib/gcc/avr/5.4.0/../../../../avr/lib/avr5\libm.a(mulsf3x.o)
                              c:/program files (x86)/atmel/studio/7.0/toolchain/avr8/avr8-gnu-toolchain/bin/../lib/gcc/avr/5.4.0/../../../../avr/lib/avr5\libm.a(mulsf3.o) (__mulsf3x)
c:/program files (x86)/atmel/studio/7.0/toolchain/avr8/avr8-gnu-toolchain/bin/../lib/gcc/avr/5.4.0/avr5\libgcc.a(_exit.o)
                              C:/Program Files (x86)/Atmel/Studio/7.0/Packs/atmel/ATmega_DFP/1.7.374/gcc/dev/atmega32/avr5/crtatmega32.o (exit)
c:/program files (x86)/atmel/studio/7.0/toolchain/avr8/avr8-gnu-toolchain/bin/../lib/gcc/avr/5.4.0/avr5\libgcc.a(_copy_data.o)
                              HAL/ICU/icu.o (__do_copy_data)
c:/program files (x86)/atmel/studio/7.0/toolchain/avr8/avr8-gnu-toolchain/bin/../lib/gcc/avr/5.4.0/avr5\libgcc.a(_clear_bss.o)
                              HAL/TMR_SERVICES/tmr_services.o (__do_clear_bss)
c:/program files (x86)/atmel/studio/7.0/toolchain/avr8/avr8-gnu-toolchain/bin/../lib/gcc/avr/5.4.0/../../../../avr/lib/avr5\libc.a(itoa.o)
                              HAL/LCD/lcd.o (itoa)
c:/program files (x86)/atmel/studio/7.0/toolchain/avr8/avr8-gnu-toolchain/bin/../lib/gcc/avr/5.4.0/../../../../avr/lib/avr5\libc.a(itoa_ncheck.o)
                              c:/program files (x86)/atmel/studio/7.0/toolchain/avr8/avr8-gnu-toolchain/bin/../lib/gcc/avr/5.4.0/../../../../avr/lib/avr5\libc.a(itoa.o) (__itoa_ncheck)
c:/program files (x86)/atmel/studio/7.0/toolchain/avr8/avr8-gnu-toolchain/bin/../lib/gcc/avr/5.4.0/../../../../avr/lib/avr5\libc.a(utoa_ncheck.o)
                              c:/program files (x86)/atmel/studio/7.0/toolchain/avr8/avr8-gnu-toolchain/bin/../lib/gcc/avr/5.4.0/../../../../avr/lib/avr5\libc.a(itoa_ncheck.o) (__utoa_common)
c:/program files (x86)/atmel/studio/7.0/toolchain/avr8/avr8-gnu-toolchain/bin/../lib/gcc/avr/5.4.0/../../../../avr/lib/avr5\libc.a(strrev.o)
                              c:/program files (x86)/atmel/studio/7.0/toolchain/avr8/avr8-gnu-toolchain/bin/../lib/gcc/avr/5.4.0/../../../../avr/lib/avr5\libc.a(utoa_ncheck.o) (strrev)

Discarded input sections

 .data          0x00000000        0x0 C:/Program Files (x86)/Atmel/Studio/7.0/Packs/atmel/ATmega_DFP/1.7.374/gcc/dev/atmega32/avr5/crtatmega32.o
 .bss           0x00000000        0x0 C:/Program Files (x86)/Atmel/Studio/7.0/Packs/atmel/ATmega_DFP/1.7.374/gcc/dev/atmega32/avr5/crtatmega32.o
 .text          0x00000000        0x0 APP/app.o
 .data          0x00000000        0x0 APP/app.o
 .bss           0x00000000        0x0 APP/app.o
 .debug_line    0x00000000        0x0 APP/app.o
 .debug_str     0x00000000      0x12e APP/app.o
 .comment       0x00000000       0x31 APP/app.o
 .text          0x00000000        0x0 HAL/BUTTON/button.o
 .data          0x00000000        0x0 HAL/BUTTON/button.o
 .bss           0x00000000        0x0 HAL/BUTTON/button.o
 .text.button_init
                0x00000000        0x8 HAL/BUTTON/button.o
 .text.button_enable_pullup
                0x00000000        0x8 HAL/BUTTON/button.o
 .text.button_read
                0x00000000       0x42 HAL/BUTTON/button.o
 .debug_info    0x00000000      0x26e HAL/BUTTON/button.o
 .debug_abbrev  0x00000000       0xec HAL/BUTTON/button.o
 .debug_loc     0x00000000      0x214 HAL/BUTTON/button.o
 .debug_aranges
                0x00000000       0x30 HAL/BUTTON/button.o
 .debug_ranges  0x00000000       0x20 HAL/BUTTON/button.o
 .debug_line    0x00000000      0x11b HAL/BUTTON/button.o
 .debug_str     0x00000000      0x2db HAL/BUTTON/button.o
 .comment       0x00000000       0x31 HAL/BUTTON/button.o
 .debug_frame   0x00000000       0x60 HAL/BUTTON/button.o
 .text          0x00000000        0x0 HAL/DC_MOTOR/dc_motor.o
 .data          0x00000000        0x0 HAL/DC_MOTOR/dc_motor.o
 .bss           0x00000000        0x0 HAL/DC_MOTOR/dc_motor.o
 .debug_line    0x00000000        0x0 HAL/DC_MOTOR/dc_motor.o
 .debug_str     0x00000000      0x13c HAL/DC_MOTOR/dc_motor.o
 .comment       0x00000000       0x31 HAL/DC_MOTOR/dc_motor.o
 .text          0x00000000        0x0 HAL/ICU/icu.o
 .data          0x00000000        0x0 HAL/ICU/icu.o
 .bss           0x00000000        0x0 HAL/ICU/icu.o
 .text.Icu_init
                0x00000000       0x6a HAL/ICU/icu.o
 .text.Icu_setCallBack
                0x00000000       0x34 HAL/ICU/icu.o
 .text.Icu_setEdgeDetectionType
                0x00000000       0x30 HAL/ICU/icu.o
 .text.Icu_getTimerValue
                0x00000000       0x18 HAL/ICU/icu.o
 .text.Icu_clearTimerValue
                0x00000000       0x10 HAL/ICU/icu.o
 .text.Icu_DeInit
                0x00000000        0xa HAL/ICU/icu.o
 .data.gl_u8_timer_id
                0x00000000        0x1 HAL/ICU/icu.o
 .data.gl_u8_interrupt_id
                0x00000000        0x1 HAL/ICU/icu.o
 .debug_info    0x00000000      0x4c5 HAL/ICU/icu.o
 .debug_abbrev  0x00000000      0x13b HAL/ICU/icu.o
 .debug_loc     0x00000000      0x319 HAL/ICU/icu.o
 .debug_aranges
                0x00000000       0x48 HAL/ICU/icu.o
 .debug_ranges  0x00000000       0x38 HAL/ICU/icu.o
 .debug_line    0x00000000      0x254 HAL/ICU/icu.o
 .debug_str     0x00000000      0x662 HAL/ICU/icu.o
 .comment       0x00000000       0x31 HAL/ICU/icu.o
 .debug_frame   0x00000000       0x7c HAL/ICU/icu.o
 .text          0x00000000        0x0 HAL/LCD/lcd.o
 .data          0x00000000        0x0 HAL/LCD/lcd.o
 .bss           0x00000000        0x0 HAL/LCD/lcd.o
 .text.LCD_sendCommand
                0x00000000       0xea HAL/LCD/lcd.o
 .text.LCD_init
                0x00000000       0x60 HAL/LCD/lcd.o
 .text.LCD_displayCharacter
                0x00000000       0xea HAL/LCD/lcd.o
 .text.LCD_displayString
                0x00000000       0x26 HAL/LCD/lcd.o
 .text.LCD_moveCursor
                0x00000000       0x26 HAL/LCD/lcd.o
 .text.LCD_displayStringRowColumn
                0x00000000       0x16 HAL/LCD/lcd.o
 .text.LCD_intgerToString
                0x00000000       0x3c HAL/LCD/lcd.o
 .text.LCD_clearScreen
                0x00000000        0x8 HAL/LCD/lcd.o
 .debug_info    0x00000000      0xa01 HAL/LCD/lcd.o
 .debug_abbrev  0x00000000      0x1b3 HAL/LCD/lcd.o
 .debug_loc     0x00000000      0x753 HAL/LCD/lcd.o
 .debug_aranges
                0x00000000       0x58 HAL/LCD/lcd.o
 .debug_ranges  0x00000000       0x48 HAL/LCD/lcd.o
 .debug_line    0x00000000      0x3df HAL/LCD/lcd.o
 .debug_str     0x00000000      0x33b HAL/LCD/lcd.o
 .comment       0x00000000       0x31 HAL/LCD/lcd.o
 .debug_frame   0x00000000       0xf0 HAL/LCD/lcd.o
 .text          0x00000000        0x0 HAL/LED/led.o
 .data          0x00000000        0x0 HAL/LED/led.o
 .bss           0x00000000        0x0 HAL/LED/led.o
 .text.led_toggle
                0x00000000        0x6 HAL/LED/led.o
 .text          0x00000000        0x0 HAL/PWM/pwm.o
 .data          0x00000000        0x0 HAL/PWM/pwm.o
 .bss           0x00000000        0x0 HAL/PWM/pwm.o
 .debug_line    0x00000000        0x0 HAL/PWM/pwm.o
 .debug_str     0x00000000      0x132 HAL/PWM/pwm.o
 .comment       0x00000000       0x31 HAL/PWM/pwm.o
 .text          0x00000000        0x0 HAL/TMR_SERVICES/tmr_services.o
 .data          0x00000000        0x0 HAL/TMR_SERVICES/tmr_services.o
 .bss           0x00000000        0x0 HAL/TMR_SERVICES/tmr_services.o
 .text.delay_us
                0x00000000      0x214 HAL/TMR_SERVICES/tmr_services.o
 .text.delay_ms
                0x00000000      0x214 HAL/TMR_SERVICES/tmr_services.o
 .text.delay_sec
                0x00000000      0x214 HAL/TMR_SERVICES/tmr_services.o
 .text.timeOut_us
                0x00000000      0x21e HAL/TMR_SERVICES/tmr_services.o
 .text.timeOut_ms
                0x00000000      0x21e HAL/TMR_SERVICES/tmr_services.o
 .text          0x00000000        0x0 HAL/ULTRSONIC/ultrasonic.o
 .data          0x00000000        0x0 HAL/ULTRSONIC/ultrasonic.o
 .bss           0x00000000        0x0 HAL/ULTRSONIC/ultrasonic.o
 .debug_line    0x00000000        0x0 HAL/ULTRSONIC/ultrasonic.o
 .debug_str     0x00000000      0x13f HAL/ULTRSONIC/ultrasonic.o
 .comment       0x00000000       0x31 HAL/ULTRSONIC/ultrasonic.o
 .text          0x00000000        0x0 main.o
 .data          0x00000000        0x0 main.o
 .bss           0x00000000        0x0 main.o
 .text          0x00000000        0x0 MCAL/DIO/gpio.o
 .data          0x00000000        0x0 MCAL/DIO/gpio.o
 .bss           0x00000000        0x0 MCAL/DIO/gpio.o
 .text.DIO_readPin
                0x00000000       0xbc MCAL/DIO/gpio.o
 .text.DIO_togglePin
                0x00000000       0x84 MCAL/DIO/gpio.o
 .text.DIO_portMode
                0x00000000       0x40 MCAL/DIO/gpio.o
 .text.DIO_writePort
                0x00000000       0x34 MCAL/DIO/gpio.o
 .text.DIO_readPort
                0x00000000       0x4e MCAL/DIO/gpio.o
 .text.DIO_togglePort
                0x00000000       0x44 MCAL/DIO/gpio.o
 .text          0x00000000        0x0 MCAL/EXT_INT/ext_interrupt.o
 .data          0x00000000        0x0 MCAL/EXT_INT/ext_interrupt.o
 .bss           0x00000000        0x0 MCAL/EXT_INT/ext_interrupt.o
 .text.Init_external_interrupt
                0x00000000       0x64 MCAL/EXT_INT/ext_interrupt.o
 .text.enable_external_interrupt
                0x00000000       0x36 MCAL/EXT_INT/ext_interrupt.o
 .text.disable_external_interrupt
                0x00000000       0x36 MCAL/EXT_INT/ext_interrupt.o
 .text.interrupt0_set_callback
                0x00000000       0x14 MCAL/EXT_INT/ext_interrupt.o
 .text.interrupt1_set_callback
                0x00000000       0x14 MCAL/EXT_INT/ext_interrupt.o
 .text.interrupt2_set_callback
                0x00000000       0x14 MCAL/EXT_INT/ext_interrupt.o
 .text          0x00000000        0x0 MCAL/GLOBAL_INT/global_int.o
 .data          0x00000000        0x0 MCAL/GLOBAL_INT/global_int.o
 .bss           0x00000000        0x0 MCAL/GLOBAL_INT/global_int.o
 .text.disable_global_interrupt
                0x00000000        0x8 MCAL/GLOBAL_INT/global_int.o
 .text          0x00000000        0x0 MCAL/TIMER/timer_interface.o
 .data          0x00000000        0x0 MCAL/TIMER/timer_interface.o
 .bss           0x00000000        0x0 MCAL/TIMER/timer_interface.o
 .text.timer_setCompareValue
                0x00000000       0x56 MCAL/TIMER/timer_interface.o
 .text.timer_getValue
                0x00000000       0x54 MCAL/TIMER/timer_interface.o
 .text.timer_enableInterrupt
                0x00000000       0x7a MCAL/TIMER/timer_interface.o
 .text.timer_disableInterrupt
                0x00000000       0x7a MCAL/TIMER/timer_interface.o
 .text.timer_getStatus
                0x00000000       0x24 MCAL/TIMER/timer_interface.o
 .text.timer_deInit
                0x00000000       0x5e MCAL/TIMER/timer_interface.o
 .text.timer_flag_notification
                0x00000000      0x106 MCAL/TIMER/timer_interface.o
 .text          0x00000000        0x0 MCAL/TIMER/timer_utilities.o
 .data          0x00000000        0x0 MCAL/TIMER/timer_utilities.o
 .bss           0x00000000        0x0 MCAL/TIMER/timer_utilities.o
 .text          0x00000000        0x0 c:/program files (x86)/atmel/studio/7.0/toolchain/avr8/avr8-gnu-toolchain/bin/../lib/gcc/avr/5.4.0/../../../../avr/lib/avr5\libm.a(addsf3.o)
 .data          0x00000000        0x0 c:/program files (x86)/atmel/studio/7.0/toolchain/avr8/avr8-gnu-toolchain/bin/../lib/gcc/avr/5.4.0/../../../../avr/lib/avr5\libm.a(addsf3.o)
 .bss           0x00000000        0x0 c:/program files (x86)/atmel/studio/7.0/toolchain/avr8/avr8-gnu-toolchain/bin/../lib/gcc/avr/5.4.0/../../../../avr/lib/avr5\libm.a(addsf3.o)
 .text          0x00000000        0x0 c:/program files (x86)/atmel/studio/7.0/toolchain/avr8/avr8-gnu-toolchain/bin/../lib/gcc/avr/5.4.0/../../../../avr/lib/avr5\libm.a(addsf3x.o)
 .data          0x00000000        0x0 c:/program files (x86)/atmel/studio/7.0/toolchain/avr8/avr8-gnu-toolchain/bin/../lib/gcc/avr/5.4.0/../../../../avr/lib/avr5\libm.a(addsf3x.o)
 .bss           0x00000000        0x0 c:/program files (x86)/atmel/studio/7.0/toolchain/avr8/avr8-gnu-toolchain/bin/../lib/gcc/avr/5.4.0/../../../../avr/lib/avr5\libm.a(addsf3x.o)
 .text          0x00000000        0x0 c:/program files (x86)/atmel/studio/7.0/toolchain/avr8/avr8-gnu-toolchain/bin/../lib/gcc/avr/5.4.0/../../../../avr/lib/avr5\libm.a(cmpsf2.o)
 .data          0x00000000        0x0 c:/program files (x86)/atmel/studio/7.0/toolchain/avr8/avr8-gnu-toolchain/bin/../lib/gcc/avr/5.4.0/../../../../avr/lib/avr5\libm.a(cmpsf2.o)
 .bss           0x00000000        0x0 c:/program files (x86)/atmel/studio/7.0/toolchain/avr8/avr8-gnu-toolchain/bin/../lib/gcc/avr/5.4.0/../../../../avr/lib/avr5\libm.a(cmpsf2.o)
 .text          0x00000000        0x0 c:/program files (x86)/atmel/studio/7.0/toolchain/avr8/avr8-gnu-toolchain/bin/../lib/gcc/avr/5.4.0/../../../../avr/lib/avr5\libm.a(divsf3.o)
 .data          0x00000000        0x0 c:/program files (x86)/atmel/studio/7.0/toolchain/avr8/avr8-gnu-toolchain/bin/../lib/gcc/avr/5.4.0/../../../../avr/lib/avr5\libm.a(divsf3.o)
 .bss           0x00000000        0x0 c:/program files (x86)/atmel/studio/7.0/toolchain/avr8/avr8-gnu-toolchain/bin/../lib/gcc/avr/5.4.0/../../../../avr/lib/avr5\libm.a(divsf3.o)
 .text          0x00000000        0x0 c:/program files (x86)/atmel/studio/7.0/toolchain/avr8/avr8-gnu-toolchain/bin/../lib/gcc/avr/5.4.0/../../../../avr/lib/avr5\libm.a(divsf3x.o)
 .data          0x00000000        0x0 c:/program files (x86)/atmel/studio/7.0/toolchain/avr8/avr8-gnu-toolchain/bin/../lib/gcc/avr/5.4.0/../../../../avr/lib/avr5\libm.a(divsf3x.o)
 .bss           0x00000000        0x0 c:/program files (x86)/atmel/studio/7.0/toolchain/avr8/avr8-gnu-toolchain/bin/../lib/gcc/avr/5.4.0/../../../../avr/lib/avr5\libm.a(divsf3x.o)
 .text          0x00000000        0x0 c:/program files (x86)/atmel/studio/7.0/toolchain/avr8/avr8-gnu-toolchain/bin/../lib/gcc/avr/5.4.0/../../../../avr/lib/avr5\libm.a(fixunssfsi.o)
 .data          0x00000000        0x0 c:/program files (x86)/atmel/studio/7.0/toolchain/avr8/avr8-gnu-toolchain/bin/../lib/gcc/avr/5.4.0/../../../../avr/lib/avr5\libm.a(fixunssfsi.o)
 .bss           0x00000000        0x0 c:/program files (x86)/atmel/studio/7.0/toolchain/avr8/avr8-gnu-toolchain/bin/../lib/gcc/avr/5.4.0/../../../../avr/lib/avr5\libm.a(fixunssfsi.o)
 .text          0x00000000        0x0 c:/program files (x86)/atmel/studio/7.0/toolchain/avr8/avr8-gnu-toolchain/bin/../lib/gcc/avr/5.4.0/../../../../avr/lib/avr5\libm.a(floatsisf.o)
 .data          0x00000000        0x0 c:/program files (x86)/atmel/studio/7.0/toolchain/avr8/avr8-gnu-toolchain/bin/../lib/gcc/avr/5.4.0/../../../../avr/lib/avr5\libm.a(floatsisf.o)
 .bss           0x00000000        0x0 c:/program files (x86)/atmel/studio/7.0/toolchain/avr8/avr8-gnu-toolchain/bin/../lib/gcc/avr/5.4.0/../../../../avr/lib/avr5\libm.a(floatsisf.o)
 .text          0x00000000        0x0 c:/program files (x86)/atmel/studio/7.0/toolchain/avr8/avr8-gnu-toolchain/bin/../lib/gcc/avr/5.4.0/../../../../avr/lib/avr5\libm.a(fp_cmp.o)
 .data          0x00000000        0x0 c:/program files (x86)/atmel/studio/7.0/toolchain/avr8/avr8-gnu-toolchain/bin/../lib/gcc/avr/5.4.0/../../../../avr/lib/avr5\libm.a(fp_cmp.o)
 .bss           0x00000000        0x0 c:/program files (x86)/atmel/studio/7.0/toolchain/avr8/avr8-gnu-toolchain/bin/../lib/gcc/avr/5.4.0/../../../../avr/lib/avr5\libm.a(fp_cmp.o)
 .text          0x00000000        0x0 c:/program files (x86)/atmel/studio/7.0/toolchain/avr8/avr8-gnu-toolchain/bin/../lib/gcc/avr/5.4.0/../../../../avr/lib/avr5\libm.a(fp_inf.o)
 .data          0x00000000        0x0 c:/program files (x86)/atmel/studio/7.0/toolchain/avr8/avr8-gnu-toolchain/bin/../lib/gcc/avr/5.4.0/../../../../avr/lib/avr5\libm.a(fp_inf.o)
 .bss           0x00000000        0x0 c:/program files (x86)/atmel/studio/7.0/toolchain/avr8/avr8-gnu-toolchain/bin/../lib/gcc/avr/5.4.0/../../../../avr/lib/avr5\libm.a(fp_inf.o)
 .text          0x00000000        0x0 c:/program files (x86)/atmel/studio/7.0/toolchain/avr8/avr8-gnu-toolchain/bin/../lib/gcc/avr/5.4.0/../../../../avr/lib/avr5\libm.a(fp_nan.o)
 .data          0x00000000        0x0 c:/program files (x86)/atmel/studio/7.0/toolchain/avr8/avr8-gnu-toolchain/bin/../lib/gcc/avr/5.4.0/../../../../avr/lib/avr5\libm.a(fp_nan.o)
 .bss           0x00000000        0x0 c:/program files (x86)/atmel/studio/7.0/toolchain/avr8/avr8-gnu-toolchain/bin/../lib/gcc/avr/5.4.0/../../../../avr/lib/avr5\libm.a(fp_nan.o)
 .text          0x00000000        0x0 c:/program files (x86)/atmel/studio/7.0/toolchain/avr8/avr8-gnu-toolchain/bin/../lib/gcc/avr/5.4.0/../../../../avr/lib/avr5\libm.a(fp_pscA.o)
 .data          0x00000000        0x0 c:/program files (x86)/atmel/studio/7.0/toolchain/avr8/avr8-gnu-toolchain/bin/../lib/gcc/avr/5.4.0/../../../../avr/lib/avr5\libm.a(fp_pscA.o)
 .bss           0x00000000        0x0 c:/program files (x86)/atmel/studio/7.0/toolchain/avr8/avr8-gnu-toolchain/bin/../lib/gcc/avr/5.4.0/../../../../avr/lib/avr5\libm.a(fp_pscA.o)
 .text          0x00000000        0x0 c:/program files (x86)/atmel/studio/7.0/toolchain/avr8/avr8-gnu-toolchain/bin/../lib/gcc/avr/5.4.0/../../../../avr/lib/avr5\libm.a(fp_pscB.o)
 .data          0x00000000        0x0 c:/program files (x86)/atmel/studio/7.0/toolchain/avr8/avr8-gnu-toolchain/bin/../lib/gcc/avr/5.4.0/../../../../avr/lib/avr5\libm.a(fp_pscB.o)
 .bss           0x00000000        0x0 c:/program files (x86)/atmel/studio/7.0/toolchain/avr8/avr8-gnu-toolchain/bin/../lib/gcc/avr/5.4.0/../../../../avr/lib/avr5\libm.a(fp_pscB.o)
 .text          0x00000000        0x0 c:/program files (x86)/atmel/studio/7.0/toolchain/avr8/avr8-gnu-toolchain/bin/../lib/gcc/avr/5.4.0/../../../../avr/lib/avr5\libm.a(fp_round.o)
 .data          0x00000000        0x0 c:/program files (x86)/atmel/studio/7.0/toolchain/avr8/avr8-gnu-toolchain/bin/../lib/gcc/avr/5.4.0/../../../../avr/lib/avr5\libm.a(fp_round.o)
 .bss           0x00000000        0x0 c:/program files (x86)/atmel/studio/7.0/toolchain/avr8/avr8-gnu-toolchain/bin/../lib/gcc/avr/5.4.0/../../../../avr/lib/avr5\libm.a(fp_round.o)
 .text          0x00000000        0x0 c:/program files (x86)/atmel/studio/7.0/toolchain/avr8/avr8-gnu-toolchain/bin/../lib/gcc/avr/5.4.0/../../../../avr/lib/avr5\libm.a(fp_split3.o)
 .data          0x00000000        0x0 c:/program files (x86)/atmel/studio/7.0/toolchain/avr8/avr8-gnu-toolchain/bin/../lib/gcc/avr/5.4.0/../../../../avr/lib/avr5\libm.a(fp_split3.o)
 .bss           0x00000000        0x0 c:/program files (x86)/atmel/studio/7.0/toolchain/avr8/avr8-gnu-toolchain/bin/../lib/gcc/avr/5.4.0/../../../../avr/lib/avr5\libm.a(fp_split3.o)
 .text          0x00000000        0x0 c:/program files (x86)/atmel/studio/7.0/toolchain/avr8/avr8-gnu-toolchain/bin/../lib/gcc/avr/5.4.0/../../../../avr/lib/avr5\libm.a(fp_zero.o)
 .data          0x00000000        0x0 c:/program files (x86)/atmel/studio/7.0/toolchain/avr8/avr8-gnu-toolchain/bin/../lib/gcc/avr/5.4.0/../../../../avr/lib/avr5\libm.a(fp_zero.o)
 .bss           0x00000000        0x0 c:/program files (x86)/atmel/studio/7.0/toolchain/avr8/avr8-gnu-toolchain/bin/../lib/gcc/avr/5.4.0/../../../../avr/lib/avr5\libm.a(fp_zero.o)
 .text          0x00000000        0x0 c:/program files (x86)/atmel/studio/7.0/toolchain/avr8/avr8-gnu-toolchain/bin/../lib/gcc/avr/5.4.0/../../../../avr/lib/avr5\libm.a(gesf2.o)
 .data          0x00000000        0x0 c:/program files (x86)/atmel/studio/7.0/toolchain/avr8/avr8-gnu-toolchain/bin/../lib/gcc/avr/5.4.0/../../../../avr/lib/avr5\libm.a(gesf2.o)
 .bss           0x00000000        0x0 c:/program files (x86)/atmel/studio/7.0/toolchain/avr8/avr8-gnu-toolchain/bin/../lib/gcc/avr/5.4.0/../../../../avr/lib/avr5\libm.a(gesf2.o)
 .text          0x00000000        0x0 c:/program files (x86)/atmel/studio/7.0/toolchain/avr8/avr8-gnu-toolchain/bin/../lib/gcc/avr/5.4.0/../../../../avr/lib/avr5\libm.a(mulsf3.o)
 .data          0x00000000        0x0 c:/program files (x86)/atmel/studio/7.0/toolchain/avr8/avr8-gnu-toolchain/bin/../lib/gcc/avr/5.4.0/../../../../avr/lib/avr5\libm.a(mulsf3.o)
 .bss           0x00000000        0x0 c:/program files (x86)/atmel/studio/7.0/toolchain/avr8/avr8-gnu-toolchain/bin/../lib/gcc/avr/5.4.0/../../../../avr/lib/avr5\libm.a(mulsf3.o)
 .text          0x00000000        0x0 c:/program files (x86)/atmel/studio/7.0/toolchain/avr8/avr8-gnu-toolchain/bin/../lib/gcc/avr/5.4.0/../../../../avr/lib/avr5\libm.a(mulsf3x.o)
 .data          0x00000000        0x0 c:/program files (x86)/atmel/studio/7.0/toolchain/avr8/avr8-gnu-toolchain/bin/../lib/gcc/avr/5.4.0/../../../../avr/lib/avr5\libm.a(mulsf3x.o)
 .bss           0x00000000        0x0 c:/program files (x86)/atmel/studio/7.0/toolchain/avr8/avr8-gnu-toolchain/bin/../lib/gcc/avr/5.4.0/../../../../avr/lib/avr5\libm.a(mulsf3x.o)
 .text          0x00000000        0x0 c:/program files (x86)/atmel/studio/7.0/toolchain/avr8/avr8-gnu-toolchain/bin/../lib/gcc/avr/5.4.0/avr5\libgcc.a(_exit.o)
 .data          0x00000000        0x0 c:/program files (x86)/atmel/studio/7.0/toolchain/avr8/avr8-gnu-toolchain/bin/../lib/gcc/avr/5.4.0/avr5\libgcc.a(_exit.o)
 .bss           0x00000000        0x0 c:/program files (x86)/atmel/studio/7.0/toolchain/avr8/avr8-gnu-toolchain/bin/../lib/gcc/avr/5.4.0/avr5\libgcc.a(_exit.o)
 .text.libgcc.mul
                0x00000000        0x0 c:/program files (x86)/atmel/studio/7.0/toolchain/avr8/avr8-gnu-toolchain/bin/../lib/gcc/avr/5.4.0/avr5\libgcc.a(_exit.o)
 .text.libgcc.div
                0x00000000        0x0 c:/program files (x86)/atmel/studio/7.0/toolchain/avr8/avr8-gnu-toolchain/bin/../lib/gcc/avr/5.4.0/avr5\libgcc.a(_exit.o)
 .text.libgcc   0x00000000        0x0 c:/program files (x86)/atmel/studio/7.0/toolchain/avr8/avr8-gnu-toolchain/bin/../lib/gcc/avr/5.4.0/avr5\libgcc.a(_exit.o)
 .text.libgcc.prologue
                0x00000000        0x0 c:/program files (x86)/atmel/studio/7.0/toolchain/avr8/avr8-gnu-toolchain/bin/../lib/gcc/avr/5.4.0/avr5\libgcc.a(_exit.o)
 .text.libgcc.builtins
                0x00000000        0x0 c:/program files (x86)/atmel/studio/7.0/toolchain/avr8/avr8-gnu-toolchain/bin/../lib/gcc/avr/5.4.0/avr5\libgcc.a(_exit.o)
 .text.libgcc.fmul
                0x00000000        0x0 c:/program files (x86)/atmel/studio/7.0/toolchain/avr8/avr8-gnu-toolchain/bin/../lib/gcc/avr/5.4.0/avr5\libgcc.a(_exit.o)
 .text.libgcc.fixed
                0x00000000        0x0 c:/program files (x86)/atmel/studio/7.0/toolchain/avr8/avr8-gnu-toolchain/bin/../lib/gcc/avr/5.4.0/avr5\libgcc.a(_exit.o)
 .text          0x00000000        0x0 c:/program files (x86)/atmel/studio/7.0/toolchain/avr8/avr8-gnu-toolchain/bin/../lib/gcc/avr/5.4.0/avr5\libgcc.a(_copy_data.o)
 .data          0x00000000        0x0 c:/program files (x86)/atmel/studio/7.0/toolchain/avr8/avr8-gnu-toolchain/bin/../lib/gcc/avr/5.4.0/avr5\libgcc.a(_copy_data.o)
 .bss           0x00000000        0x0 c:/program files (x86)/atmel/studio/7.0/toolchain/avr8/avr8-gnu-toolchain/bin/../lib/gcc/avr/5.4.0/avr5\libgcc.a(_copy_data.o)
 .text.libgcc.mul
                0x00000000        0x0 c:/program files (x86)/atmel/studio/7.0/toolchain/avr8/avr8-gnu-toolchain/bin/../lib/gcc/avr/5.4.0/avr5\libgcc.a(_copy_data.o)
 .text.libgcc.div
                0x00000000        0x0 c:/program files (x86)/atmel/studio/7.0/toolchain/avr8/avr8-gnu-toolchain/bin/../lib/gcc/avr/5.4.0/avr5\libgcc.a(_copy_data.o)
 .text.libgcc   0x00000000        0x0 c:/program files (x86)/atmel/studio/7.0/toolchain/avr8/avr8-gnu-toolchain/bin/../lib/gcc/avr/5.4.0/avr5\libgcc.a(_copy_data.o)
 .text.libgcc.prologue
                0x00000000        0x0 c:/program files (x86)/atmel/studio/7.0/toolchain/avr8/avr8-gnu-toolchain/bin/../lib/gcc/avr/5.4.0/avr5\libgcc.a(_copy_data.o)
 .text.libgcc.builtins
                0x00000000        0x0 c:/program files (x86)/atmel/studio/7.0/toolchain/avr8/avr8-gnu-toolchain/bin/../lib/gcc/avr/5.4.0/avr5\libgcc.a(_copy_data.o)
 .text.libgcc.fmul
                0x00000000        0x0 c:/program files (x86)/atmel/studio/7.0/toolchain/avr8/avr8-gnu-toolchain/bin/../lib/gcc/avr/5.4.0/avr5\libgcc.a(_copy_data.o)
 .text.libgcc.fixed
                0x00000000        0x0 c:/program files (x86)/atmel/studio/7.0/toolchain/avr8/avr8-gnu-toolchain/bin/../lib/gcc/avr/5.4.0/avr5\libgcc.a(_copy_data.o)
 .text          0x00000000        0x0 c:/program files (x86)/atmel/studio/7.0/toolchain/avr8/avr8-gnu-toolchain/bin/../lib/gcc/avr/5.4.0/avr5\libgcc.a(_clear_bss.o)
 .data          0x00000000        0x0 c:/program files (x86)/atmel/studio/7.0/toolchain/avr8/avr8-gnu-toolchain/bin/../lib/gcc/avr/5.4.0/avr5\libgcc.a(_clear_bss.o)
 .bss           0x00000000        0x0 c:/program files (x86)/atmel/studio/7.0/toolchain/avr8/avr8-gnu-toolchain/bin/../lib/gcc/avr/5.4.0/avr5\libgcc.a(_clear_bss.o)
 .text.libgcc.mul
                0x00000000        0x0 c:/program files (x86)/atmel/studio/7.0/toolchain/avr8/avr8-gnu-toolchain/bin/../lib/gcc/avr/5.4.0/avr5\libgcc.a(_clear_bss.o)
 .text.libgcc.div
                0x00000000        0x0 c:/program files (x86)/atmel/studio/7.0/toolchain/avr8/avr8-gnu-toolchain/bin/../lib/gcc/avr/5.4.0/avr5\libgcc.a(_clear_bss.o)
 .text.libgcc   0x00000000        0x0 c:/program files (x86)/atmel/studio/7.0/toolchain/avr8/avr8-gnu-toolchain/bin/../lib/gcc/avr/5.4.0/avr5\libgcc.a(_clear_bss.o)
 .text.libgcc.prologue
                0x00000000        0x0 c:/program files (x86)/atmel/studio/7.0/toolchain/avr8/avr8-gnu-toolchain/bin/../lib/gcc/avr/5.4.0/avr5\libgcc.a(_clear_bss.o)
 .text.libgcc.builtins
                0x00000000        0x0 c:/program files (x86)/atmel/studio/7.0/toolchain/avr8/avr8-gnu-toolchain/bin/../lib/gcc/avr/5.4.0/avr5\libgcc.a(_clear_bss.o)
 .text.libgcc.fmul
                0x00000000        0x0 c:/program files (x86)/atmel/studio/7.0/toolchain/avr8/avr8-gnu-toolchain/bin/../lib/gcc/avr/5.4.0/avr5\libgcc.a(_clear_bss.o)
 .text.libgcc.fixed
                0x00000000        0x0 c:/program files (x86)/atmel/studio/7.0/toolchain/avr8/avr8-gnu-toolchain/bin/../lib/gcc/avr/5.4.0/avr5\libgcc.a(_clear_bss.o)
 .text          0x00000000        0x0 c:/program files (x86)/atmel/studio/7.0/toolchain/avr8/avr8-gnu-toolchain/bin/../lib/gcc/avr/5.4.0/../../../../avr/lib/avr5\libc.a(itoa.o)
 .data          0x00000000        0x0 c:/program files (x86)/atmel/studio/7.0/toolchain/avr8/avr8-gnu-toolchain/bin/../lib/gcc/avr/5.4.0/../../../../avr/lib/avr5\libc.a(itoa.o)
 .bss           0x00000000        0x0 c:/program files (x86)/atmel/studio/7.0/toolchain/avr8/avr8-gnu-toolchain/bin/../lib/gcc/avr/5.4.0/../../../../avr/lib/avr5\libc.a(itoa.o)
 .text.avr-libc
                0x00000000       0x16 c:/program files (x86)/atmel/studio/7.0/toolchain/avr8/avr8-gnu-toolchain/bin/../lib/gcc/avr/5.4.0/../../../../avr/lib/avr5\libc.a(itoa.o)
 .text          0x00000000        0x0 c:/program files (x86)/atmel/studio/7.0/toolchain/avr8/avr8-gnu-toolchain/bin/../lib/gcc/avr/5.4.0/../../../../avr/lib/avr5\libc.a(itoa_ncheck.o)
 .data          0x00000000        0x0 c:/program files (x86)/atmel/studio/7.0/toolchain/avr8/avr8-gnu-toolchain/bin/../lib/gcc/avr/5.4.0/../../../../avr/lib/avr5\libc.a(itoa_ncheck.o)
 .bss           0x00000000        0x0 c:/program files (x86)/atmel/studio/7.0/toolchain/avr8/avr8-gnu-toolchain/bin/../lib/gcc/avr/5.4.0/../../../../avr/lib/avr5\libc.a(itoa_ncheck.o)
 .text.avr-libc
                0x00000000       0x16 c:/program files (x86)/atmel/studio/7.0/toolchain/avr8/avr8-gnu-toolchain/bin/../lib/gcc/avr/5.4.0/../../../../avr/lib/avr5\libc.a(itoa_ncheck.o)
 .text          0x00000000        0x0 c:/program files (x86)/atmel/studio/7.0/toolchain/avr8/avr8-gnu-toolchain/bin/../lib/gcc/avr/5.4.0/../../../../avr/lib/avr5\libc.a(utoa_ncheck.o)
 .data          0x00000000        0x0 c:/program files (x86)/atmel/studio/7.0/toolchain/avr8/avr8-gnu-toolchain/bin/../lib/gcc/avr/5.4.0/../../../../avr/lib/avr5\libc.a(utoa_ncheck.o)
 .bss           0x00000000        0x0 c:/program files (x86)/atmel/studio/7.0/toolchain/avr8/avr8-gnu-toolchain/bin/../lib/gcc/avr/5.4.0/../../../../avr/lib/avr5\libc.a(utoa_ncheck.o)
 .text.avr-libc
                0x00000000       0x34 c:/program files (x86)/atmel/studio/7.0/toolchain/avr8/avr8-gnu-toolchain/bin/../lib/gcc/avr/5.4.0/../../../../avr/lib/avr5\libc.a(utoa_ncheck.o)
 .text          0x00000000        0x0 c:/program files (x86)/atmel/studio/7.0/toolchain/avr8/avr8-gnu-toolchain/bin/../lib/gcc/avr/5.4.0/../../../../avr/lib/avr5\libc.a(strrev.o)
 .data          0x00000000        0x0 c:/program files (x86)/atmel/studio/7.0/toolchain/avr8/avr8-gnu-toolchain/bin/../lib/gcc/avr/5.4.0/../../../../avr/lib/avr5\libc.a(strrev.o)
 .bss           0x00000000        0x0 c:/program files (x86)/atmel/studio/7.0/toolchain/avr8/avr8-gnu-toolchain/bin/../lib/gcc/avr/5.4.0/../../../../avr/lib/avr5\libc.a(strrev.o)
 .text.avr-libc
                0x00000000       0x20 c:/program files (x86)/atmel/studio/7.0/toolchain/avr8/avr8-gnu-toolchain/bin/../lib/gcc/avr/5.4.0/../../../../avr/lib/avr5\libc.a(strrev.o)

Memory Configuration

Name             Origin             Length             Attributes
text             0x00000000         0x00008000         xr
data             0x00800060         0x00000800         rw !x
eeprom           0x00810000         0x00000400         rw !x
fuse             0x00820000         0x00000002         rw !x
lock             0x00830000         0x00000400         rw !x
signature        0x00840000         0x00000400         rw !x
user_signatures  0x00850000         0x00000400         rw !x
*default*        0x00000000         0xffffffff

Linker script and memory map

LOAD C:/Program Files (x86)/Atmel/Studio/7.0/Packs/atmel/ATmega_DFP/1.7.374/gcc/dev/atmega32/avr5/crtatmega32.o
LOAD APP/app.o
LOAD HAL/BUTTON/button.o
LOAD HAL/DC_MOTOR/dc_motor.o
LOAD HAL/ICU/icu.o
LOAD HAL/LCD/lcd.o
LOAD HAL/LED/led.o
LOAD HAL/PWM/pwm.o
LOAD HAL/TMR_SERVICES/tmr_services.o
LOAD HAL/ULTRSONIC/ultrasonic.o
LOAD main.o
LOAD MCAL/DIO/gpio.o
LOAD MCAL/EXT_INT/ext_interrupt.o
LOAD MCAL/GLOBAL_INT/global_int.o
LOAD MCAL/TIMER/timer_interface.o
LOAD MCAL/TIMER/timer_utilities.o
START GROUP
LOAD c:/program files (x86)/atmel/studio/7.0/toolchain/avr8/avr8-gnu-toolchain/bin/../lib/gcc/avr/5.4.0/../../../../avr/lib/avr5\libm.a
END GROUP
START GROUP
LOAD c:/program files (x86)/atmel/studio/7.0/toolchain/avr8/avr8-gnu-toolchain/bin/../lib/gcc/avr/5.4.0/avr5\libgcc.a
LOAD c:/program files (x86)/atmel/studio/7.0/toolchain/avr8/avr8-gnu-toolchain/bin/../lib/gcc/avr/5.4.0/../../../../avr/lib/avr5\libm.a
LOAD c:/program files (x86)/atmel/studio/7.0/toolchain/avr8/avr8-gnu-toolchain/bin/../lib/gcc/avr/5.4.0/../../../../avr/lib/avr5\libc.a
LOAD C:/Program Files (x86)/Atmel/Studio/7.0/Packs/atmel/ATmega_DFP/1.7.374/gcc/dev/atmega32/avr5\libatmega32.a
END GROUP
                0x00000000                __TEXT_REGION_ORIGIN__ = DEFINED (__TEXT_REGION_ORIGIN__)?__TEXT_REGION_ORIGIN__:0x0
                [0x00800060]                __DATA_REGION_ORIGIN__ = DEFINED (__DATA_REGION_ORIGIN__)?__DATA_REGION_ORIGIN__:0x800060
                [0x00008000]                __TEXT_REGION_LENGTH__ = DEFINED (__TEXT_REGION_LENGTH__)?__TEXT_REGION_LENGTH__:0x20000
                [0x00000800]                __DATA_REGION_LENGTH__ = DEFINED (__DATA_REGION_LENGTH__)?__DATA_REGION_LENGTH__:0xffa0
                [0x00000400]                __EEPROM_REGION_LENGTH__ = DEFINED (__EEPROM_REGION_LENGTH__)?__EEPROM_REGION_LENGTH__:0x10000
                [0x00000002]                __FUSE_REGION_LENGTH__ = DEFINED (__FUSE_REGION_LENGTH__)?__FUSE_REGION_LENGTH__:0x400
                0x00000400                __LOCK_REGION_LENGTH__ = DEFINED (__LOCK_REGION_LENGTH__)?__LOCK_REGION_LENGTH__:0x400
                0x00000400                __SIGNATURE_REGION_LENGTH__ = DEFINED (__SIGNATURE_REGION_LENGTH__)?__SIGNATURE_REGION_LENGTH__:0x400
                0x00000400                __USER_SIGNATURE_REGION_LENGTH__ = DEFINED (__USER_SIGNATURE_REGION_LENGTH__)?__USER_SIGNATURE_REGION_LENGTH__:0x400

.hash
 *(.hash)

.dynsym
 *(.dynsym)

.dynstr
 *(.dynstr)

.gnu.version
 *(.gnu.version)

.gnu.version_d
 *(.gnu.version_d)

.gnu.version_r
 *(.gnu.version_r)

.rel.init
 *(.rel.init)

.rela.init
 *(.rela.init)

.rel.text
 *(.rel.text)
 *(.rel.text.*)
 *(.rel.gnu.linkonce.t*)

.rela.text
 *(.rela.text)
 *(.rela.text.*)
 *(.rela.gnu.linkonce.t*)

.rel.fini
 *(.rel.fini)

.rela.fini
 *(.rela.fini)

.rel.rodata
 *(.rel.rodata)
 *(.rel.rodata.*)
 *(.rel.gnu.linkonce.r*)

.rela.rodata
 *(.rela.rodata)
 *(.rela.rodata.*)
 *(.rela.gnu.linkonce.r*)

.rel.data
 *(.rel.data)
 *(.rel.data.*)
 *(.rel.gnu.linkonce.d*)

.rela.data
 *(.rela.data)
 *(.rela.data.*)
 *(.rela.gnu.linkonce.d*)

.rel.ctors
 *(.rel.ctors)

.rela.ctors
 *(.rela.ctors)

.rel.dtors
 *(.rel.dtors)

.rela.dtors
 *(.rela.dtors)

.rel.got
 *(.rel.got)

.rela.got
 *(.rela.got)

.rel.bss
 *(.rel.bss)

.rela.bss
 *(.rela.bss)

.rel.plt
 *(.rel.plt)

.rela.plt
 *(.rela.plt)

.text           0x00000000     0x28c0
 *(.vectors)
 .vectors       0x00000000       0x54 C:/Program Files (x86)/Atmel/Studio/7.0/Packs/atmel/ATmega_DFP/1.7.374/gcc/dev/atmega32/avr5/crtatmega32.o
                0x00000000                __vector_default
                0x00000000                __vectors
 *(.vectors)
 *(.progmem.gcc*)
                0x00000054                . = ALIGN (0x2)
                0x00000054                __trampolines_start = .
 *(.trampolines)
 .trampolines   0x00000054        0x0 linker stubs
 *(.trampolines*)
                0x00000054                __trampolines_end = .
 *libprintf_flt.a:*(.progmem.data)
 *libc.a:*(.progmem.data)
 *(.progmem*)
                0x00000054                . = ALIGN (0x2)
 *(.jumptables)
 *(.jumptables*)
 *(.lowtext)
 *(.lowtext*)
                0x00000054                __ctors_start = .
 *(.ctors)
                0x00000054                __ctors_end = .
                0x00000054                __dtors_start = .
 *(.dtors)
                0x00000054                __dtors_end = .
 SORT(*)(.ctors)
 SORT(*)(.dtors)
 *(.init0)
 .init0         0x00000054        0x0 C:/Program Files (x86)/Atmel/Studio/7.0/Packs/atmel/ATmega_DFP/1.7.374/gcc/dev/atmega32/avr5/crtatmega32.o
                0x00000054                __init
 *(.init0)
 *(.init1)
 *(.init1)
 *(.init2)
 .init2         0x00000054        0xc C:/Program Files (x86)/Atmel/Studio/7.0/Packs/atmel/ATmega_DFP/1.7.374/gcc/dev/atmega32/avr5/crtatmega32.o
 *(.init2)
 *(.init3)
 *(.init3)
 *(.init4)
 .init4         0x00000060       0x16 c:/program files (x86)/atmel/studio/7.0/toolchain/avr8/avr8-gnu-toolchain/bin/../lib/gcc/avr/5.4.0/avr5\libgcc.a(_copy_data.o)
                0x00000060                __do_copy_data
 .init4         0x00000076       0x10 c:/program files (x86)/atmel/studio/7.0/toolchain/avr8/avr8-gnu-toolchain/bin/../lib/gcc/avr/5.4.0/avr5\libgcc.a(_clear_bss.o)
                0x00000076                __do_clear_bss
 *(.init4)
 *(.init5)
 *(.init5)
 *(.init6)
 *(.init6)
 *(.init7)
 *(.init7)
 *(.init8)
 *(.init8)
 *(.init9)
 .init9         0x00000086        0x8 C:/Program Files (x86)/Atmel/Studio/7.0/Packs/atmel/ATmega_DFP/1.7.374/gcc/dev/atmega32/avr5/crtatmega32.o
 *(.init9)
 *(.text)
 .text          0x0000008e        0x4 C:/Program Files (x86)/Atmel/Studio/7.0/Packs/atmel/ATmega_DFP/1.7.374/gcc/dev/atmega32/avr5/crtatmega32.o
                0x0000008e                __vector_12
                0x0000008e                __bad_interrupt
                0x0000008e                __vector_6
                0x0000008e                __vector_13
                0x0000008e                __vector_17
                0x0000008e                __vector_19
                0x0000008e                __vector_15
                0x0000008e                __vector_8
                0x0000008e                __vector_14
                0x0000008e                __vector_16
                0x0000008e                __vector_18
                0x0000008e                __vector_20
                0x00000092                . = ALIGN (0x2)
 *(.text.*)
 .text.led_init
                0x00000092       0x22 HAL/LED/led.o
                0x00000092                led_init
 .text.led_write
                0x000000b4        0x6 HAL/LED/led.o
                0x000000b4                led_write
 .text.timeOut_callBack
                0x000000ba       0xd4 HAL/TMR_SERVICES/tmr_services.o
 .text.timeOut_sec
                0x0000018e      0x21e HAL/TMR_SERVICES/tmr_services.o
                0x0000018e                timeOut_sec
 .text.timer_check_time_out_flag
                0x000003ac       0x26 HAL/TMR_SERVICES/tmr_services.o
                0x000003ac                timer_check_time_out_flag
 .text.main     0x000003d2       0x4c main.o
                0x000003d2                main
 .text.DIO_pinMode
                0x0000041e      0x10c MCAL/DIO/gpio.o
                0x0000041e                DIO_pinMode
 .text.DIO_writePin
                0x0000052a      0x10c MCAL/DIO/gpio.o
                0x0000052a                DIO_writePin
 .text.__vector_1
                0x00000636       0x52 MCAL/EXT_INT/ext_interrupt.o
                0x00000636                __vector_1
 .text.__vector_2
                0x00000688       0x52 MCAL/EXT_INT/ext_interrupt.o
                0x00000688                __vector_2
 .text.__vector_3
                0x000006da       0x52 MCAL/EXT_INT/ext_interrupt.o
                0x000006da                __vector_3
 .text.enable_global_interrupt
                0x0000072c        0x8 MCAL/GLOBAL_INT/global_int.o
                0x0000072c                enable_global_interrupt
 .text.timer_init
                0x00000734      0x3a6 MCAL/TIMER/timer_interface.o
                0x00000734                timer_init
 .text.timer_setInitialValue
                0x00000ada       0x56 MCAL/TIMER/timer_interface.o
                0x00000ada                timer_setInitialValue
 .text.timer_setClock
                0x00000b30       0xa2 MCAL/TIMER/timer_interface.o
                0x00000b30                timer_setClock
 .text.timer_setCallBack
                0x00000bd2       0x96 MCAL/TIMER/timer_interface.o
                0x00000bd2                timer_setCallBack
 .text.timer_start
                0x00000c68      0x272 MCAL/TIMER/timer_interface.o
                0x00000c68                timer_start
 .text.timer_stop
                0x00000eda       0x48 MCAL/TIMER/timer_interface.o
                0x00000eda                timer_stop
 .text.__vector_11
                0x00000f22       0x52 MCAL/TIMER/timer_interface.o
                0x00000f22                __vector_11
 .text.__vector_9
                0x00000f74       0x52 MCAL/TIMER/timer_interface.o
                0x00000f74                __vector_9
 .text.__vector_5
                0x00000fc6       0x52 MCAL/TIMER/timer_interface.o
                0x00000fc6                __vector_5
 .text.__vector_10
                0x00001018       0x52 MCAL/TIMER/timer_interface.o
                0x00001018                __vector_10
 .text.__vector_7
                0x0000106a       0x52 MCAL/TIMER/timer_interface.o
                0x0000106a                __vector_7
 .text.__vector_4
                0x000010bc       0x52 MCAL/TIMER/timer_interface.o
                0x000010bc                __vector_4
 .text.calc_prescaler
                0x0000110e      0x89a MCAL/TIMER/timer_utilities.o
                0x0000110e                calc_prescaler
 .text.calc_initialValue
                0x000019a8      0xaa6 MCAL/TIMER/timer_utilities.o
                0x000019a8                calc_initialValue
 .text.avr-libc.fplib
                0x0000244e        0xe c:/program files (x86)/atmel/studio/7.0/toolchain/avr8/avr8-gnu-toolchain/bin/../lib/gcc/avr/5.4.0/../../../../avr/lib/avr5\libm.a(addsf3.o)
                0x0000244e                __subsf3
                0x00002450                __addsf3
 .text.avr-libc.fplib
                0x0000245c       0xcc c:/program files (x86)/atmel/studio/7.0/toolchain/avr8/avr8-gnu-toolchain/bin/../lib/gcc/avr/5.4.0/../../../../avr/lib/avr5\libm.a(addsf3x.o)
                0x0000247e                __addsf3x
 .text.avr-libc.fplib
                0x00002528        0xa c:/program files (x86)/atmel/studio/7.0/toolchain/avr8/avr8-gnu-toolchain/bin/../lib/gcc/avr/5.4.0/../../../../avr/lib/avr5\libm.a(cmpsf2.o)
                0x00002528                __nesf2
                0x00002528                __eqsf2
                0x00002528                __cmpsf2
                0x00002528                __ltsf2
                0x00002528                __lesf2
 .text.avr-libc.fplib
                0x00002532        0x8 c:/program files (x86)/atmel/studio/7.0/toolchain/avr8/avr8-gnu-toolchain/bin/../lib/gcc/avr/5.4.0/../../../../avr/lib/avr5\libm.a(divsf3.o)
                0x00002532                __divsf3
 .text.avr-libc.fplib
                0x0000253a       0xdc c:/program files (x86)/atmel/studio/7.0/toolchain/avr8/avr8-gnu-toolchain/bin/../lib/gcc/avr/5.4.0/../../../../avr/lib/avr5\libm.a(divsf3x.o)
                0x0000255a                __divsf3x
                0x00002560                __divsf3_pse
 .text.avr-libc.fplib
                0x00002616       0x5e c:/program files (x86)/atmel/studio/7.0/toolchain/avr8/avr8-gnu-toolchain/bin/../lib/gcc/avr/5.4.0/../../../../avr/lib/avr5\libm.a(fixunssfsi.o)
                0x00002616                __fixunssfsi
 .text.avr-libc.fplib
                0x00002674       0x7a c:/program files (x86)/atmel/studio/7.0/toolchain/avr8/avr8-gnu-toolchain/bin/../lib/gcc/avr/5.4.0/../../../../avr/lib/avr5\libm.a(floatsisf.o)
                0x00002674                __floatunsisf
                0x00002678                __floatsisf
 .text.avr-libc.fplib
                0x000026ee       0x48 c:/program files (x86)/atmel/studio/7.0/toolchain/avr8/avr8-gnu-toolchain/bin/../lib/gcc/avr/5.4.0/../../../../avr/lib/avr5\libm.a(fp_cmp.o)
                0x000026ee                __fp_cmp
 .text.avr-libc.fplib
                0x00002736        0xc c:/program files (x86)/atmel/studio/7.0/toolchain/avr8/avr8-gnu-toolchain/bin/../lib/gcc/avr/5.4.0/../../../../avr/lib/avr5\libm.a(fp_inf.o)
                0x00002736                __fp_inf
 .text.avr-libc.fplib
                0x00002742        0x6 c:/program files (x86)/atmel/studio/7.0/toolchain/avr8/avr8-gnu-toolchain/bin/../lib/gcc/avr/5.4.0/../../../../avr/lib/avr5\libm.a(fp_nan.o)
                0x00002742                __fp_nan
 .text.avr-libc.fplib
                0x00002748        0xe c:/program files (x86)/atmel/studio/7.0/toolchain/avr8/avr8-gnu-toolchain/bin/../lib/gcc/avr/5.4.0/../../../../avr/lib/avr5\libm.a(fp_pscA.o)
                0x00002748                __fp_pscA
 .text.avr-libc.fplib
                0x00002756        0xe c:/program files (x86)/atmel/studio/7.0/toolchain/avr8/avr8-gnu-toolchain/bin/../lib/gcc/avr/5.4.0/../../../../avr/lib/avr5\libm.a(fp_pscB.o)
                0x00002756                __fp_pscB
 .text.avr-libc.fplib
                0x00002764       0x22 c:/program files (x86)/atmel/studio/7.0/toolchain/avr8/avr8-gnu-toolchain/bin/../lib/gcc/avr/5.4.0/../../../../avr/lib/avr5\libm.a(fp_round.o)
                0x00002764                __fp_round
 .text.avr-libc.fplib
                0x00002786       0x44 c:/program files (x86)/atmel/studio/7.0/toolchain/avr8/avr8-gnu-toolchain/bin/../lib/gcc/avr/5.4.0/../../../../avr/lib/avr5\libm.a(fp_split3.o)
                0x00002786                __fp_split3
                0x00002796                __fp_splitA
 .text.avr-libc.fplib
                0x000027ca        0xe c:/program files (x86)/atmel/studio/7.0/toolchain/avr8/avr8-gnu-toolchain/bin/../lib/gcc/avr/5.4.0/../../../../avr/lib/avr5\libm.a(fp_zero.o)
                0x000027ca                __fp_zero
                0x000027cc                __fp_szero
 .text.avr-libc.fplib
                0x000027d8        0xa c:/program files (x86)/atmel/studio/7.0/toolchain/avr8/avr8-gnu-toolchain/bin/../lib/gcc/avr/5.4.0/../../../../avr/lib/avr5\libm.a(gesf2.o)
                0x000027d8                __gesf2
                0x000027d8                __gtsf2
 .text.avr-libc.fplib
                0x000027e2        0x8 c:/program files (x86)/atmel/studio/7.0/toolchain/avr8/avr8-gnu-toolchain/bin/../lib/gcc/avr/5.4.0/../../../../avr/lib/avr5\libm.a(mulsf3.o)
                0x000027e2                __mulsf3
 .text.avr-libc.fplib
                0x000027ea       0xd2 c:/program files (x86)/atmel/studio/7.0/toolchain/avr8/avr8-gnu-toolchain/bin/../lib/gcc/avr/5.4.0/../../../../avr/lib/avr5\libm.a(mulsf3x.o)
                0x00002808                __mulsf3x
                0x0000280e                __mulsf3_pse
                0x000028bc                . = ALIGN (0x2)
 *(.fini9)
 .fini9         0x000028bc        0x0 c:/program files (x86)/atmel/studio/7.0/toolchain/avr8/avr8-gnu-toolchain/bin/../lib/gcc/avr/5.4.0/avr5\libgcc.a(_exit.o)
                0x000028bc                _exit
                0x000028bc                exit
 *(.fini9)
 *(.fini8)
 *(.fini8)
 *(.fini7)
 *(.fini7)
 *(.fini6)
 *(.fini6)
 *(.fini5)
 *(.fini5)
 *(.fini4)
 *(.fini4)
 *(.fini3)
 *(.fini3)
 *(.fini2)
 *(.fini2)
 *(.fini1)
 *(.fini1)
 *(.fini0)
 .fini0         0x000028bc        0x4 c:/program files (x86)/atmel/studio/7.0/toolchain/avr8/avr8-gnu-toolchain/bin/../lib/gcc/avr/5.4.0/avr5\libgcc.a(_exit.o)
 *(.fini0)
                0x000028c0                _etext = .

.data           0x00800060        0x8 load address 0x000028c0
                0x00800060                PROVIDE (__data_start, .)
 *(.data)
 *(.data*)
 .data.gl_u8_timer_id
                0x00800060        0x1 HAL/TMR_SERVICES/tmr_services.o
 .data.gl_enu_tmr_clk
                0x00800061        0x6 MCAL/TIMER/timer_interface.o
 *(.gnu.linkonce.d*)
 *(.rodata)
 *(.rodata*)
 *(.gnu.linkonce.r*)
                0x00800068                . = ALIGN (0x2)
 *fill*         0x00800067        0x1 
                0x00800068                _edata = .
                0x00800068                PROVIDE (__data_end, .)

.bss            0x00800068       0x3b
                0x00800068                PROVIDE (__bss_start, .)
 *(.bss)
 *(.bss*)
 .bss.gl_u16_tick_count.1848
                0x00800068        0x2 HAL/TMR_SERVICES/tmr_services.o
 .bss.gl_bo_overFlow_flag
                0x0080006a        0x3 HAL/TMR_SERVICES/tmr_services.o
 .bss.gl_u16_initialValue
                0x0080006d        0x6 HAL/TMR_SERVICES/tmr_services.o
 .bss.gl_u16_prescale
                0x00800073        0x6 HAL/TMR_SERVICES/tmr_services.o
 .bss.gl_bo_timeOut_flag
                0x00800079        0x3 HAL/TMR_SERVICES/tmr_services.o
 .bss.gl_f32_reminderPart
                0x0080007c        0xc HAL/TMR_SERVICES/tmr_services.o
 .bss.gl_u16_realPart
                0x00800088        0x6 HAL/TMR_SERVICES/tmr_services.o
 .bss.gl_callbackptr_2
                0x0080008e        0x2 MCAL/EXT_INT/ext_interrupt.o
 .bss.gl_callbackptr_1
                0x00800090        0x2 MCAL/EXT_INT/ext_interrupt.o
 .bss.gl_callbackptr_0
                0x00800092        0x2 MCAL/EXT_INT/ext_interrupt.o
 .bss.gl_callBackPtr_timer2_COMP
                0x00800094        0x2 MCAL/TIMER/timer_interface.o
 .bss.gl_callBackPtr_timer1_COMP
                0x00800096        0x2 MCAL/TIMER/timer_interface.o
 .bss.gl_callBackPtr_timer0_COMP
                0x00800098        0x2 MCAL/TIMER/timer_interface.o
 .bss.gl_callBackPtr_timer2_OVF
                0x0080009a        0x2 MCAL/TIMER/timer_interface.o
 .bss.gl_callBackPtr_timer1_OVF
                0x0080009c        0x2 MCAL/TIMER/timer_interface.o
 .bss.gl_callBackPtr_timer0_OVF
                0x0080009e        0x2 MCAL/TIMER/timer_interface.o
 .bss.gl_bo_timer_init_flag
                0x008000a0        0x3 MCAL/TIMER/timer_interface.o
 *(COMMON)
                0x008000a3                PROVIDE (__bss_end, .)
                0x000028c0                __data_load_start = LOADADDR (.data)
                0x000028c8                __data_load_end = (__data_load_start + SIZEOF (.data))

.noinit         0x008000a3        0x0
                [!provide]                PROVIDE (__noinit_start, .)
 *(.noinit*)
                [!provide]                PROVIDE (__noinit_end, .)
                0x008000a3                _end = .
                [!provide]                PROVIDE (__heap_start, .)

.eeprom         0x00810000        0x0
 *(.eeprom*)
                0x00810000                __eeprom_end = .

.fuse
 *(.fuse)
 *(.lfuse)
 *(.hfuse)
 *(.efuse)

.lock
 *(.lock*)

.signature
 *(.signature*)

.user_signatures
 *(.user_signatures*)

.stab
 *(.stab)

.stabstr
 *(.stabstr)

.stab.excl
 *(.stab.excl)

.stab.exclstr
 *(.stab.exclstr)

.stab.index
 *(.stab.index)

.stab.indexstr
 *(.stab.indexstr)

.comment        0x00000000       0x30
 *(.comment)
 .comment       0x00000000       0x30 HAL/LED/led.o
                                 0x31 (size before relaxing)
 .comment       0x00000030       0x31 HAL/TMR_SERVICES/tmr_services.o
 .comment       0x00000030       0x31 main.o
 .comment       0x00000030       0x31 MCAL/DIO/gpio.o
 .comment       0x00000030       0x31 MCAL/EXT_INT/ext_interrupt.o
 .comment       0x00000030       0x31 MCAL/GLOBAL_INT/global_int.o
 .comment       0x00000030       0x31 MCAL/TIMER/timer_interface.o
 .comment       0x00000030       0x31 MCAL/TIMER/timer_utilities.o

.note.gnu.avr.deviceinfo
                0x00000000       0x3c
 .note.gnu.avr.deviceinfo
                0x00000000       0x3c C:/Program Files (x86)/Atmel/Studio/7.0/Packs/atmel/ATmega_DFP/1.7.374/gcc/dev/atmega32/avr5/crtatmega32.o

.note.gnu.build-id
 *(.note.gnu.build-id)

.debug
 *(.debug)

.line
 *(.line)

.debug_srcinfo
 *(.debug_srcinfo)

.debug_sfnames
 *(.debug_sfnames)

.debug_aranges  0x00000000      0x260
 *(.debug_aranges)
 .debug_aranges
                0x00000000       0x30 HAL/LED/led.o
 .debug_aranges
                0x00000030       0x58 HAL/TMR_SERVICES/tmr_services.o
 .debug_aranges
                0x00000088       0x20 main.o
 .debug_aranges
                0x000000a8       0x58 MCAL/DIO/gpio.o
 .debug_aranges
                0x00000100       0x60 MCAL/EXT_INT/ext_interrupt.o
 .debug_aranges
                0x00000160       0x28 MCAL/GLOBAL_INT/global_int.o
 .debug_aranges
                0x00000188       0xb0 MCAL/TIMER/timer_interface.o
 .debug_aranges
                0x00000238       0x28 MCAL/TIMER/timer_utilities.o

.debug_pubnames
 *(.debug_pubnames)

.debug_info     0x00000000     0x2baa
 *(.debug_info .gnu.linkonce.wi.*)
 .debug_info    0x00000000      0x4e6 C:/Program Files (x86)/Atmel/Studio/7.0/Packs/atmel/ATmega_DFP/1.7.374/gcc/dev/atmega32/avr5/crtatmega32.o
 .debug_info    0x000004e6      0x279 HAL/LED/led.o
 .debug_info    0x0000075f     0x1136 HAL/TMR_SERVICES/tmr_services.o
 .debug_info    0x00001895      0x1b6 main.o
 .debug_info    0x00001a4b      0x3c6 MCAL/DIO/gpio.o
 .debug_info    0x00001e11      0x319 MCAL/EXT_INT/ext_interrupt.o
 .debug_info    0x0000212a       0xa7 MCAL/GLOBAL_INT/global_int.o
 .debug_info    0x000021d1      0x7dc MCAL/TIMER/timer_interface.o
 .debug_info    0x000029ad      0x1fd MCAL/TIMER/timer_utilities.o

.debug_abbrev   0x00000000      0xc00
 *(.debug_abbrev)
 .debug_abbrev  0x00000000      0x4a3 C:/Program Files (x86)/Atmel/Studio/7.0/Packs/atmel/ATmega_DFP/1.7.374/gcc/dev/atmega32/avr5/crtatmega32.o
 .debug_abbrev  0x000004a3       0xd2 HAL/LED/led.o
 .debug_abbrev  0x00000575      0x1ae HAL/TMR_SERVICES/tmr_services.o
 .debug_abbrev  0x00000723       0xcf main.o
 .debug_abbrev  0x000007f2      0x10a MCAL/DIO/gpio.o
 .debug_abbrev  0x000008fc       0xb7 MCAL/EXT_INT/ext_interrupt.o
 .debug_abbrev  0x000009b3       0x46 MCAL/GLOBAL_INT/global_int.o
 .debug_abbrev  0x000009f9      0x146 MCAL/TIMER/timer_interface.o
 .debug_abbrev  0x00000b3f       0xc1 MCAL/TIMER/timer_utilities.o

.debug_line     0x00000000     0x2d15
 *(.debug_line .debug_line.* .debug_line_end)
 .debug_line    0x00000000      0x116 C:/Program Files (x86)/Atmel/Studio/7.0/Packs/atmel/ATmega_DFP/1.7.374/gcc/dev/atmega32/avr5/crtatmega32.o
 .debug_line    0x00000116       0xf4 HAL/LED/led.o
 .debug_line    0x0000020a      0x880 HAL/TMR_SERVICES/tmr_services.o
 .debug_line    0x00000a8a      0x138 main.o
 .debug_line    0x00000bc2      0x506 MCAL/DIO/gpio.o
 .debug_line    0x000010c8      0x2a9 MCAL/EXT_INT/ext_interrupt.o
 .debug_line    0x00001371       0x9b MCAL/GLOBAL_INT/global_int.o
 .debug_line    0x0000140c      0xe12 MCAL/TIMER/timer_interface.o
 .debug_line    0x0000221e      0xaf7 MCAL/TIMER/timer_utilities.o

.debug_frame    0x00000000      0x848
 *(.debug_frame)
 .debug_frame   0x00000000       0x50 HAL/LED/led.o
 .debug_frame   0x00000050      0x224 HAL/TMR_SERVICES/tmr_services.o
 .debug_frame   0x00000274       0x34 main.o
 .debug_frame   0x000002a8       0x94 MCAL/DIO/gpio.o
 .debug_frame   0x0000033c      0x17c MCAL/EXT_INT/ext_interrupt.o
 .debug_frame   0x000004b8       0x34 MCAL/GLOBAL_INT/global_int.o
 .debug_frame   0x000004ec      0x2f4 MCAL/TIMER/timer_interface.o
 .debug_frame   0x000007e0       0x68 MCAL/TIMER/timer_utilities.o

.debug_str      0x00000000     0x11cf
 *(.debug_str)
 .debug_str     0x00000000      0x196 C:/Program Files (x86)/Atmel/Studio/7.0/Packs/atmel/ATmega_DFP/1.7.374/gcc/dev/atmega32/avr5/crtatmega32.o
 .debug_str     0x00000196      0x2b2 HAL/LED/led.o
                                0x2d9 (size before relaxing)
 .debug_str     0x00000448      0x5e6 HAL/TMR_SERVICES/tmr_services.o
                                0x7c5 (size before relaxing)
 .debug_str     0x00000a2e       0x34 main.o
                                0x23b (size before relaxing)
 .debug_str     0x00000a62      0x18c MCAL/DIO/gpio.o
                                0x399 (size before relaxing)
 .debug_str     0x00000bee      0x25d MCAL/EXT_INT/ext_interrupt.o
                                0x408 (size before relaxing)
 .debug_str     0x00000e4b       0x39 MCAL/GLOBAL_INT/global_int.o
                                0x1fc (size before relaxing)
 .debug_str     0x00000e84      0x2d7 MCAL/TIMER/timer_interface.o
                                0x7ed (size before relaxing)
 .debug_str     0x0000115b       0x74 MCAL/TIMER/timer_utilities.o
                                0x325 (size before relaxing)

.debug_loc      0x00000000     0x4626
 *(.debug_loc)
 .debug_loc     0x00000000      0x194 HAL/LED/led.o
 .debug_loc     0x00000194     0x1221 HAL/TMR_SERVICES/tmr_services.o
 .debug_loc     0x000013b5       0x48 main.o
 .debug_loc     0x000013fd      0x791 MCAL/DIO/gpio.o
 .debug_loc     0x00001b8e      0x5d7 MCAL/EXT_INT/ext_interrupt.o
 .debug_loc     0x00002165      0xffe MCAL/TIMER/timer_interface.o
 .debug_loc     0x00003163     0x14c3 MCAL/TIMER/timer_utilities.o

.debug_macinfo
 *(.debug_macinfo)

.debug_weaknames
 *(.debug_weaknames)

.debug_funcnames
 *(.debug_funcnames)

.debug_typenames
 *(.debug_typenames)

.debug_varnames
 *(.debug_varnames)

.debug_pubtypes
 *(.debug_pubtypes)

.debug_ranges   0x00000000      0x1e0
 *(.debug_ranges)
 .debug_ranges  0x00000000       0x20 HAL/LED/led.o
 .debug_ranges  0x00000020       0x48 HAL/TMR_SERVICES/tmr_services.o
 .debug_ranges  0x00000068       0x10 main.o
 .debug_ranges  0x00000078       0x48 MCAL/DIO/gpio.o
 .debug_ranges  0x000000c0       0x50 MCAL/EXT_INT/ext_interrupt.o
 .debug_ranges  0x00000110       0x18 MCAL/GLOBAL_INT/global_int.o
 .debug_ranges  0x00000128       0xa0 MCAL/TIMER/timer_interface.o
 .debug_ranges  0x000001c8       0x18 MCAL/TIMER/timer_utilities.o

.debug_macro
 *(.debug_macro)
OUTPUT(car_avoid_project.elf elf32-avr)
LOAD linker stubs
